[   26731ms] [INFO] Slow network is detected. See https://www.chromestatus.com/feature/5636954674692096 for more details. Fallback font will be used while loading: https://spline.design/fonts/SplineSansMono-Regular.woff2 @ https://spline.design/:0
[   27369ms] [LOG] / {} @ https://spline.design/_next/static/chunks/cbc6fe866d52e555.js:6
[   27378ms] [LOG] / {} @ https://spline.design/_next/static/chunks/cbc6fe866d52e555.js:6
[   27385ms] [LOG] / {} @ https://spline.design/_next/static/chunks/cbc6fe866d52e555.js:6
[   27392ms] [WARNING] updating from  119 to  118 @ https://spline.design/_next/static/chunks/d407a39f286295ce.js:3138
[   27393ms] [WARNING] Your .splinecode file is more recent than the library. Please upgrade @splinetool/runtime to the latest version. @ https://spline.design/_next/static/chunks/d407a39f286295ce.js:8173
[   27558ms] [WARNING] updating from  115 to  118 @ https://spline.design/_next/static/chunks/d407a39f286295ce.js:3138
[   27561ms] [WARNING] updating from  115 to  118 @ https://spline.design/_next/static/chunks/d407a39f286295ce.js:3138
[   27658ms] [ERROR] Failed to load resource: the server responded with a status of 404 () @ https://spline.design/geoip:0
[   27658ms] [WARNING] geo function failed :::  SyntaxError: Unexpected token '<', "<!DOCTYPE "... is not valid JSON @ https://spline.design/_next/static/chunks/cbc6fe866d52e555.js:6
[   36415ms] [LOG] onAccept cookie banner true @ https://spline.design/_next/static/chunks/cbc6fe866d52e555.js:6
[   44836ms] [INFO] Slow network is detected. See https://www.chromestatus.com/feature/5636954674692096 for more details. Fallback font will be used while loading: https://spline.design/fonts/SplineSansMono-Regular.woff2 @ https://spline.design/_next/static/chunks/d407a39f286295ce.js:8103
[   44960ms] [LOG] / {} @ https://spline.design/_next/static/chunks/cbc6fe866d52e555.js:6
[   44961ms] [LOG] onAccept cookie banner true @ https://spline.design/_next/static/chunks/cbc6fe866d52e555.js:6
[   44974ms] [LOG] / {} @ https://spline.design/_next/static/chunks/cbc6fe866d52e555.js:6
[   44982ms] [LOG] / {} @ https://spline.design/_next/static/chunks/cbc6fe866d52e555.js:6
[   44985ms] [WARNING] updating from  119 to  118 @ https://spline.design/_next/static/chunks/d407a39f286295ce.js:3138
[   44985ms] [WARNING] Your .splinecode file is more recent than the library. Please upgrade @splinetool/runtime to the latest version. @ https://spline.design/_next/static/chunks/d407a39f286295ce.js:8173
[   45327ms] [WARNING] updating from  115 to  118 @ https://spline.design/_next/static/chunks/d407a39f286295ce.js:3138
[   45331ms] [WARNING] updating from  115 to  118 @ https://spline.design/_next/static/chunks/d407a39f286295ce.js:3138
