[     881ms] [INFO] %cDownload the React DevTools for a better development experience: https://react.dev/link/react-devtools font-weight:bold @ http://localhost:3001/_next/static/chunks/node_modules_next_dist_115brz8._.js:2431
[     990ms] [LOG] [HMR] connected @ http://localhost:3001/_next/static/chunks/node_modules_next_dist_115brz8._.js:2431
[    1971ms] [WARNING] Please ensure that the container has a non-static position, like 'relative', 'fixed', or 'absolute' to ensure scroll offset is calculated correctly. @ http://localhost:3001/_next/static/chunks/node_modules_next_dist_115brz8._.js:2431
[    2041ms] [WARNING] THREE.THREE.Clock: This module has been deprecated. Please use THREE.Timer instead. @ http://localhost:3001/_next/static/chunks/node_modules_next_dist_115brz8._.js:2431
[    3346ms] [LOG] THREE.WebGLRenderer: Context Lost. @ http://localhost:3001/_next/static/chunks/node_modules_next_dist_115brz8._.js:2431
[  179558ms] [LOG] [Fast Refresh] rebuilding @ http://localhost:3001/_next/static/chunks/node_modules_next_dist_115brz8._.js:2431
[  179636ms] [LOG] [Fast Refresh] done in 101ms @ http://localhost:3001/_next/static/chunks/node_modules_next_dist_115brz8._.js:2431
[  195794ms] [LOG] [Fast Refresh] rebuilding @ http://localhost:3001/_next/static/chunks/node_modules_next_dist_115brz8._.js:2431
[  195848ms] ReferenceError: size is not defined
    at Scene (http://localhost:3001/_next/static/chunks/src_components_three_OrbitalSphere_tsx_13chrhz._.js?id=%255Bproject%255D%252Fsrc%252Fcomponents%252Fthree%252FOrbitalSphere.tsx+%255Bapp-client%255D+%2528ecmascript%2529:815:22)
    at Object.react_stack_bottom_frame (http://localhost:3001/_next/static/chunks/node_modules_%40react-three_fiber_dist_012e0~x._.js:13199:32)
    at It (http://localhost:3001/_next/static/chunks/node_modules_%40react-three_fiber_dist_012e0~x._.js:9068:25)
    at ks (http://localhost:3001/_next/static/chunks/node_modules_%40react-three_fiber_dist_012e0~x._.js:10188:374)
    at tt (http://localhost:3001/_next/static/chunks/node_modules_%40react-three_fiber_dist_012e0~x._.js:10519:32)
    at B (http://localhost:3001/_next/static/chunks/node_modules_%40react-three_fiber_dist_012e0~x._.js:7885:70)
    at Ph (http://localhost:3001/_next/static/chunks/node_modules_%40react-three_fiber_dist_012e0~x._.js:12411:50)
    at wh (http://localhost:3001/_next/static/chunks/node_modules_%40react-three_fiber_dist_012e0~x._.js:12328:36)
    at Ff (http://localhost:3001/_next/static/chunks/node_modules_%40react-three_fiber_dist_012e0~x._.js:12319:21)
    at Lf (http://localhost:3001/_next/static/chunks/node_modules_%40react-three_fiber_dist_012e0~x._.js:12090:75)
    at Ap (http://localhost:3001/_next/static/chunks/node_modules_%40react-three_fiber_dist_012e0~x._.js:8286:35)
    at Wa (http://localhost:3001/_next/static/chunks/node_modules_%40react-three_fiber_dist_012e0~x._.js:8230:165)
    at Ls (http://localhost:3001/_next/static/chunks/node_modules_%40react-three_fiber_dist_012e0~x._.js:12183:51)
    at Object.hu [as scheduleRefresh] (http://localhost:3001/_next/static/chunks/node_modules_%40react-three_fiber_dist_012e0~x._.js:6583:71)
    at http://localhost:3001/_next/static/chunks/node_modules_next_dist_compiled_0rpq4pf._.js:391:33
    at Set.forEach (<anonymous>)
    at Object.performReactRefresh (http://localhost:3001/_next/static/chunks/node_modules_next_dist_compiled_0rpq4pf._.js:384:38)
    at applyUpdate (http://localhost:3001/_next/static/chunks/node_modules_next_dist_compiled_0rpq4pf._.js:878:31)
    at http://localhost:3001/_next/static/chunks/node_modules_next_dist_compiled_0rpq4pf._.js:886:13
[  195850ms] [LOG] [Fast Refresh] done in 110ms @ http://localhost:3001/_next/static/chunks/node_modules_next_dist_115brz8._.js:2431
[  195892ms] ReferenceError: size is not defined
    at Scene (http://localhost:3001/_next/static/chunks/src_components_three_OrbitalSphere_tsx_13chrhz._.js?id=%255Bproject%255D%252Fsrc%252Fcomponents%252Fthree%252FOrbitalSphere.tsx+%255Bapp-client%255D+%2528ecmascript%2529:815:22)
    at Object.react_stack_bottom_frame (http://localhost:3001/_next/static/chunks/node_modules_%40react-three_fiber_dist_012e0~x._.js:13199:32)
    at It (http://localhost:3001/_next/static/chunks/node_modules_%40react-three_fiber_dist_012e0~x._.js:9068:25)
    at ks (http://localhost:3001/_next/static/chunks/node_modules_%40react-three_fiber_dist_012e0~x._.js:10188:374)
    at tt (http://localhost:3001/_next/static/chunks/node_modules_%40react-three_fiber_dist_012e0~x._.js:10519:32)
    at B (http://localhost:3001/_next/static/chunks/node_modules_%40react-three_fiber_dist_012e0~x._.js:7885:70)
    at Ph (http://localhost:3001/_next/static/chunks/node_modules_%40react-three_fiber_dist_012e0~x._.js:12411:50)
    at wh (http://localhost:3001/_next/static/chunks/node_modules_%40react-three_fiber_dist_012e0~x._.js:12328:36)
    at Ff (http://localhost:3001/_next/static/chunks/node_modules_%40react-three_fiber_dist_012e0~x._.js:12319:21)
    at Lf (http://localhost:3001/_next/static/chunks/node_modules_%40react-three_fiber_dist_012e0~x._.js:12090:75)
    at Ap (http://localhost:3001/_next/static/chunks/node_modules_%40react-three_fiber_dist_012e0~x._.js:8286:35)
    at Wa (http://localhost:3001/_next/static/chunks/node_modules_%40react-three_fiber_dist_012e0~x._.js:8230:165)
    at Ls (http://localhost:3001/_next/static/chunks/node_modules_%40react-three_fiber_dist_012e0~x._.js:12183:51)
    at Object.hu [as scheduleRefresh] (http://localhost:3001/_next/static/chunks/node_modules_%40react-three_fiber_dist_012e0~x._.js:6583:71)
    at http://localhost:3001/_next/static/chunks/node_modules_next_dist_compiled_0rpq4pf._.js:391:33
    at Set.forEach (<anonymous>)
    at Object.performReactRefresh (http://localhost:3001/_next/static/chunks/node_modules_next_dist_compiled_0rpq4pf._.js:384:38)
    at applyUpdate (http://localhost:3001/_next/static/chunks/node_modules_next_dist_compiled_0rpq4pf._.js:878:31)
    at http://localhost:3001/_next/static/chunks/node_modules_next_dist_compiled_0rpq4pf._.js:886:13
[  195917ms] ReferenceError: size is not defined
    at Scene (http://localhost:3001/_next/static/chunks/src_components_three_OrbitalSphere_tsx_13chrhz._.js?id=%255Bproject%255D%252Fsrc%252Fcomponents%252Fthree%252FOrbitalSphere.tsx+%255Bapp-client%255D+%2528ecmascript%2529:815:22)
    at Object.react_stack_bottom_frame (http://localhost:3001/_next/static/chunks/node_modules_%40react-three_fiber_dist_012e0~x._.js:13199:32)
    at It (http://localhost:3001/_next/static/chunks/node_modules_%40react-three_fiber_dist_012e0~x._.js:9068:25)
    at ks (http://localhost:3001/_next/static/chunks/node_modules_%40react-three_fiber_dist_012e0~x._.js:10188:374)
    at tt (http://localhost:3001/_next/static/chunks/node_modules_%40react-three_fiber_dist_012e0~x._.js:10519:32)
    at B (http://localhost:3001/_next/static/chunks/node_modules_%40react-three_fiber_dist_012e0~x._.js:7885:70)
    at Ph (http://localhost:3001/_next/static/chunks/node_modules_%40react-three_fiber_dist_012e0~x._.js:12411:50)
    at wh (http://localhost:3001/_next/static/chunks/node_modules_%40react-three_fiber_dist_012e0~x._.js:12328:36)
    at Ff (http://localhost:3001/_next/static/chunks/node_modules_%40react-three_fiber_dist_012e0~x._.js:12319:21)
    at Lf (http://localhost:3001/_next/static/chunks/node_modules_%40react-three_fiber_dist_012e0~x._.js:12090:75)
    at Tu (http://localhost:3001/_next/static/chunks/node_modules_%40react-three_fiber_dist_012e0~x._.js:8282:129)
    at MessagePort.performWorkUntilDeadline (http://localhost:3001/_next/static/chunks/node_modules_0-8eprj._.js:361:64)
[  199694ms] [LOG] [Fast Refresh] rebuilding @ http://localhost:3001/_next/static/chunks/node_modules_next_dist_115brz8._.js:2431
[  199755ms] [WARNING] [Fast Refresh] performing full reload because your application had an unrecoverable error @ http://localhost:3001/_next/static/chunks/node_modules_next_dist_115brz8._.js:2431
[  200353ms] [INFO] %cDownload the React DevTools for a better development experience: https://react.dev/link/react-devtools font-weight:bold @ http://localhost:3001/_next/static/chunks/node_modules_next_dist_115brz8._.js:2431
[  200538ms] [LOG] [HMR] connected @ http://localhost:3001/_next/static/chunks/node_modules_next_dist_115brz8._.js:2431
[  201178ms] [WARNING] Please ensure that the container has a non-static position, like 'relative', 'fixed', or 'absolute' to ensure scroll offset is calculated correctly. @ http://localhost:3001/_next/static/chunks/node_modules_next_dist_115brz8._.js:2431
[  202242ms] [WARNING] THREE.THREE.Clock: This module has been deprecated. Please use THREE.Timer instead. @ http://localhost:3001/_next/static/chunks/node_modules_next_dist_115brz8._.js:2431
[  203313ms] [LOG] THREE.WebGLRenderer: Context Lost. @ http://localhost:3001/_next/static/chunks/node_modules_next_dist_115brz8._.js:2431
[  215966ms] [LOG] [Fast Refresh] rebuilding @ http://localhost:3001/_next/static/chunks/node_modules_next_dist_115brz8._.js:2431
[  216042ms] [LOG] [Fast Refresh] done in 120ms @ http://localhost:3001/_next/static/chunks/node_modules_next_dist_115brz8._.js:2431
[  221180ms] [LOG] [Fast Refresh] rebuilding @ http://localhost:3001/_next/static/chunks/node_modules_next_dist_115brz8._.js:2431
[  221283ms] [LOG] [Fast Refresh] done in 91ms @ http://localhost:3001/_next/static/chunks/node_modules_next_dist_115brz8._.js:2431
[  313648ms] [ERROR] WebSocket connection to 'ws://localhost:3001/_next/webpack-hmr?id=yyOTSv980L71zbYviM-zz' failed: Error in connection establishment: net::ERR_CONNECTION_REFUSED @ http://localhost:3001/_next/static/chunks/node_modules_next_dist_client_0fhqo1d._.js:13299
[  316255ms] [LOG] [HMR] connected @ http://localhost:3001/_next/static/chunks/node_modules_next_dist_115brz8._.js:2431
[  317632ms] [INFO] %cDownload the React DevTools for a better development experience: https://react.dev/link/react-devtools font-weight:bold @ http://localhost:3001/_next/static/chunks/node_modules_next_dist_115brz8._.js:2431
[  317745ms] [LOG] [HMR] connected @ http://localhost:3001/_next/static/chunks/node_modules_next_dist_115brz8._.js:2431
[  318282ms] [WARNING] Please ensure that the container has a non-static position, like 'relative', 'fixed', or 'absolute' to ensure scroll offset is calculated correctly. @ http://localhost:3001/_next/static/chunks/node_modules_next_dist_115brz8._.js:2431
[  318369ms] [WARNING] THREE.THREE.Clock: This module has been deprecated. Please use THREE.Timer instead. @ http://localhost:3001/_next/static/chunks/node_modules_next_dist_115brz8._.js:2431
[  320067ms] [LOG] THREE.WebGLRenderer: Context Lost. @ http://localhost:3001/_next/static/chunks/node_modules_next_dist_115brz8._.js:2431
