[    1109ms] [INFO] %cDownload the React DevTools for a better development experience: https://react.dev/link/react-devtools font-weight:bold @ webpack-internal:///(app-pages-browser)/./node_modules/next/dist/next-devtools/shared/forward-logs-shared.js:27
[    1200ms] [LOG] [HMR] connected @ webpack-internal:///(app-pages-browser)/./node_modules/next/dist/next-devtools/shared/forward-logs-shared.js:27
[    2248ms] [WARNING] THREE.THREE.Clock: This module has been deprecated. Please use THREE.Timer instead. @ webpack-internal:///(app-pages-browser)/./node_modules/next/dist/next-devtools/shared/forward-logs-shared.js:27
[   45710ms] [LOG] [Fast Refresh] rebuilding @ webpack-internal:///(app-pages-browser)/./node_modules/next/dist/next-devtools/shared/forward-logs-shared.js:27
[   46191ms] [LOG] [Fast Refresh] rebuilding @ webpack-internal:///(app-pages-browser)/./node_modules/next/dist/next-devtools/shared/forward-logs-shared.js:27
[   46220ms] [LOG] [Fast Refresh] done in 28ms @ webpack-internal:///(app-pages-browser)/./node_modules/next/dist/next-devtools/shared/forward-logs-shared.js:27
[   46883ms] [LOG] [Fast Refresh] done in 692ms @ webpack-internal:///(app-pages-browser)/./node_modules/next/dist/next-devtools/shared/forward-logs-shared.js:27
[   50259ms] [LOG] [Fast Refresh] rebuilding @ webpack-internal:///(app-pages-browser)/./node_modules/next/dist/next-devtools/shared/forward-logs-shared.js:27
[   50654ms] [LOG] [Fast Refresh] done in 395ms @ webpack-internal:///(app-pages-browser)/./node_modules/next/dist/next-devtools/shared/forward-logs-shared.js:27
[   50670ms] [LOG] [Fast Refresh] rebuilding @ webpack-internal:///(app-pages-browser)/./node_modules/next/dist/next-devtools/shared/forward-logs-shared.js:27
[   50954ms] [LOG] [Fast Refresh] done in 283ms @ webpack-internal:///(app-pages-browser)/./node_modules/next/dist/next-devtools/shared/forward-logs-shared.js:27
[   64101ms] [LOG] [Fast Refresh] rebuilding @ webpack-internal:///(app-pages-browser)/./node_modules/next/dist/next-devtools/shared/forward-logs-shared.js:27
[   64346ms] [ERROR] ./src/components/sections/PricingSection.tsx
Error:   x Unexpected token. Did you mean `{'}'}` or `&rbrace;`?
     ,-[C:\projects\optisphere\src\components\sections\PricingSection.tsx:238:1]
 235 |       </a>
 236 |     </motion.div>
 237 |   );
 238 | }
     : ^
 239 | 
 240 | // ─── Orbit Tier Card ──────────────────────────────────────────────────────────
     `----
  x Expected '</', got 'jsx text'
     ,-[C:\projects\optisphere\src\components\sections\PricingSection.tsx:236:1]
 233 |           >
 234 |             {cta}
 235 |           </a>
 236 | ,->     </motion.div>
 237 | |     );
 238 | |   }
 239 | |   
 240 | |   // ─── Orbit Tier Card ──────────────────────────────────────────────────────────
 241 | |   
 242 | `-> function OrbitCard({
 243 |       name,
 244 |       price,
 245 |       features,
     `----

Caused by:
    Syntax Error

Import trace for requested module:
./src/components/sections/PricingSection.tsx @ webpack-internal:///(app-pages-browser)/./node_modules/next/dist/next-devtools/userspace/app/errors/intercept-console-error.js:57
[   64446ms] [LOG] [Fast Refresh] rebuilding @ webpack-internal:///(app-pages-browser)/./node_modules/next/dist/next-devtools/shared/forward-logs-shared.js:27
[   64624ms] [ERROR] ./src/components/sections/PricingSection.tsx
Error:   x Unexpected token. Did you mean `{'}'}` or `&rbrace;`?
     ,-[C:\projects\optisphere\src\components\sections\PricingSection.tsx:238:1]
 235 |       </a>
 236 |     </motion.div>
 237 |   );
 238 | }
     : ^
 239 | 
 240 | // ─── Orbit Tier Card ──────────────────────────────────────────────────────────
     `----
  x Expected '</', got 'jsx text'
     ,-[C:\projects\optisphere\src\components\sections\PricingSection.tsx:236:1]
 233 |           >
 234 |             {cta}
 235 |           </a>
 236 | ,->     </motion.div>
 237 | |     );
 238 | |   }
 239 | |   
 240 | |   // ─── Orbit Tier Card ──────────────────────────────────────────────────────────
 241 | |   
 242 | `-> function OrbitCard({
 243 |       name,
 244 |       price,
 245 |       features,
     `----

Caused by:
    Syntax Error

Import trace for requested module:
./src/components/sections/PricingSection.tsx
./src/app/[locale]/page.tsx @ webpack-internal:///(app-pages-browser)/./node_modules/next/dist/next-devtools/userspace/app/errors/intercept-console-error.js:57
[   65347ms] [ERROR] Failed to load resource: the server responded with a status of 500 (Internal Server Error) @ http://localhost:3000/ru?_rsc=ru35n:0
[   65434ms] [ERROR] Failed to load resource: the server responded with a status of 500 (Internal Server Error) @ http://localhost:3000/ru:0
[   65858ms] [INFO] %cDownload the React DevTools for a better development experience: https://react.dev/link/react-devtools font-weight:bold @ webpack-internal:///(pages-dir-browser)/./node_modules/react-dom/cjs/react-dom-client.development.js:28004
[   65942ms] ModuleBuildError: Module build failed (from ./node_modules/next/dist/build/webpack/loaders/next-swc-loader.js):
Error:   x Unexpected token. Did you mean `{'}'}` or `&rbrace;`?
     ,-[C:\projects\optisphere\src\components\sections\PricingSection.tsx:238:1]
 235 |       </a>
 236 |     </motion.div>
 237 |   );
 238 | }
     : ^
 239 | 
 240 | // ─── Orbit Tier Card ──────────────────────────────────────────────────────────
     `----
  x Expected '</', got 'jsx text'
     ,-[C:\projects\optisphere\src\components\sections\PricingSection.tsx:236:1]
 233 |           >
 234 |             {cta}
 235 |           </a>
 236 | ,->     </motion.div>
 237 | |     );
 238 | |   }
 239 | |   
 240 | |   // ─── Orbit Tier Card ──────────────────────────────────────────────────────────
 241 | |   
 242 | `-> function OrbitCard({
 243 |       name,
 244 |       price,
 245 |       features,
     `----


Caused by:
    Syntax Error
    at processResult (file://C:\projects\optisphere\node_modules\next\dist\compiled\webpack\bundle5.js:29:407096)
    at <unknown> (file://C:\projects\optisphere\node_modules\next\dist\compiled\webpack\bundle5.js:29:408891)
    at <unknown> (file://C:\projects\optisphere\node_modules\next\dist\compiled\loader-runner\LoaderRunner.js:1:8645)
    at <unknown> (file://C:\projects\optisphere\node_modules\next\dist\compiled\loader-runner\LoaderRunner.js:1:5019)
    at r.callback (file://C:\projects\optisphere\node_modules\next\dist\compiled\loader-runner\LoaderRunner.js:1:4039)
[   65943ms] [LOG] [HMR] connected @ webpack-internal:///(pages-dir-browser)/./node_modules/next/dist/next-devtools/shared/forward-logs-shared.js:27
[   65946ms] [ERROR] ./src/components/sections/PricingSection.tsx
Error:   x Unexpected token. Did you mean `{'}'}` or `&rbrace;`?
     ,-[C:\projects\optisphere\src\components\sections\PricingSection.tsx:238:1]
 235 |       </a>
 236 |     </motion.div>
 237 |   );
 238 | }
     : ^
 239 | 
 240 | // ─── Orbit Tier Card ──────────────────────────────────────────────────────────
     `----
  x Expected '</', got 'jsx text'
     ,-[C:\projects\optisphere\src\components\sections\PricingSection.tsx:236:1]
 233 |           >
 234 |             {cta}
 235 |           </a>
 236 | ,->     </motion.div>
 237 | |     );
 238 | |   }
 239 | |   
 240 | |   // ─── Orbit Tier Card ──────────────────────────────────────────────────────────
 241 | |   
 242 | `-> function OrbitCard({
 243 |       name,
 244 |       price,
 245 |       features,
     `----

Caused by:
    Syntax Error @ webpack-internal:///(pages-dir-browser)/./node_modules/next/dist/next-devtools/userspace/pages/pages-dev-overlay-setup.js:70
[   71920ms] [ERROR] Failed to load resource: the server responded with a status of 404 (Not Found) @ http://localhost:3000/_next/static/webpack/6774e365a1984a9e.webpack.hot-update.json:0
[   71920ms] [WARNING] [Fast Refresh] performing full reload because your application had an unrecoverable error @ webpack-internal:///(pages-dir-browser)/./node_modules/next/dist/next-devtools/shared/forward-logs-shared.js:27
[   72209ms] [LOG] [Fast Refresh] rebuilding @ webpack-internal:///(pages-dir-browser)/./node_modules/next/dist/next-devtools/shared/forward-logs-shared.js:27
[   72240ms] [ERROR] Failed to load resource: the server responded with a status of 404 (Not Found) @ http://localhost:3000/_next/static/webpack/6774e365a1984a9e.webpack.hot-update.json:0
[   72240ms] [WARNING] [Fast Refresh] performing full reload because your application had an unrecoverable error @ webpack-internal:///(pages-dir-browser)/./node_modules/next/dist/next-devtools/shared/forward-logs-shared.js:27
[   73361ms] [LOG] [Fast Refresh] rebuilding @ webpack-internal:///(pages-dir-browser)/./node_modules/next/dist/next-devtools/shared/forward-logs-shared.js:27
[   73443ms] [ERROR] Failed to load resource: the server responded with a status of 404 (Not Found) @ http://localhost:3000/_next/static/webpack/6774e365a1984a9e.webpack.hot-update.json:0
[   73444ms] [WARNING] [Fast Refresh] performing full reload because your application had an unrecoverable error @ webpack-internal:///(pages-dir-browser)/./node_modules/next/dist/next-devtools/shared/forward-logs-shared.js:27
[   74437ms] Invalid or unexpected token
[   75168ms] [INFO] %cDownload the React DevTools for a better development experience: https://react.dev/link/react-devtools font-weight:bold @ webpack-internal:///(app-pages-browser)/./node_modules/next/dist/next-devtools/shared/forward-logs-shared.js:27
[   75255ms] [LOG] [HMR] connected @ webpack-internal:///(app-pages-browser)/./node_modules/next/dist/next-devtools/shared/forward-logs-shared.js:27
[   81205ms] [LOG] [Fast Refresh] rebuilding @ webpack-internal:///(app-pages-browser)/./node_modules/next/dist/next-devtools/shared/forward-logs-shared.js:27
[   81785ms] [ERROR] Can't perform a React state update on a component that hasn't mounted yet. This indicates that you have a side-effect in your render function that asynchronously tries to update the component. Move this work to useEffect instead. @ webpack-internal:///(app-pages-browser)/./node_modules/next/dist/next-devtools/userspace/app/errors/intercept-console-error.js:57
[   82122ms] [LOG] [Fast Refresh] done in 917ms @ webpack-internal:///(app-pages-browser)/./node_modules/next/dist/next-devtools/shared/forward-logs-shared.js:27
[   85136ms] [WARNING] The resource http://localhost:3000/_next/static/css/app/%5Blocale%5D/layout.css?v=1775904695166 was preloaded using link preload but not used within a few seconds from the window's load event. Please make sure it has an appropriate `as` value and it is preloaded intentionally. @ http://localhost:3000/ru:0
