[     722ms] [INFO] %cDownload the React DevTools for a better development experience: https://react.dev/link/react-devtools font-weight:bold @ webpack-internal:///(app-pages-browser)/./node_modules/next/dist/next-devtools/shared/forward-logs-shared.js:27
[     829ms] [LOG] [HMR] connected @ webpack-internal:///(app-pages-browser)/./node_modules/next/dist/next-devtools/shared/forward-logs-shared.js:27
[    1521ms] [WARNING] THREE.THREE.Clock: This module has been deprecated. Please use THREE.Timer instead. @ webpack-internal:///(app-pages-browser)/./node_modules/next/dist/next-devtools/shared/forward-logs-shared.js:27
[   60224ms] [LOG] [Fast Refresh] rebuilding @ webpack-internal:///(app-pages-browser)/./node_modules/next/dist/next-devtools/shared/forward-logs-shared.js:27
[   61375ms] [LOG] [Fast Refresh] done in 1152ms @ webpack-internal:///(app-pages-browser)/./node_modules/next/dist/next-devtools/shared/forward-logs-shared.js:27
[   61975ms] TypeError: Cannot read properties of null (reading 'alpha')
    at EffectComposer.addPass (webpack-internal:///(app-pages-browser)/./node_modules/postprocessing/build/index.js:1194:67)
    at eval (webpack-internal:///(app-pages-browser)/./node_modules/@react-three/postprocessing/dist/index.js:165:34)
    at Object.react_stack_bottom_frame (webpack-internal:///(app-pages-browser)/./node_modules/@react-three/fiber/dist/events-5a94e5eb.esm.js:13273:44)
    at B (webpack-internal:///(app-pages-browser)/./node_modules/@react-three/fiber/dist/events-5a94e5eb.esm.js:7908:105)
    at ca (webpack-internal:///(app-pages-browser)/./node_modules/@react-three/fiber/dist/events-5a94e5eb.esm.js:10978:101)
    at Pf (webpack-internal:///(app-pages-browser)/./node_modules/@react-three/fiber/dist/events-5a94e5eb.esm.js:10966:32)
    at yn (webpack-internal:///(app-pages-browser)/./node_modules/@react-three/fiber/dist/events-5a94e5eb.esm.js:11255:44)
    at rt (webpack-internal:///(app-pages-browser)/./node_modules/@react-three/fiber/dist/events-5a94e5eb.esm.js:11634:73)
    at yn (webpack-internal:///(app-pages-browser)/./node_modules/@react-three/fiber/dist/events-5a94e5eb.esm.js:11326:25)
    at rt (webpack-internal:///(app-pages-browser)/./node_modules/@react-three/fiber/dist/events-5a94e5eb.esm.js:11634:73)
    at yn (webpack-internal:///(app-pages-browser)/./node_modules/@react-three/fiber/dist/events-5a94e5eb.esm.js:11255:25)
    at rt (webpack-internal:///(app-pages-browser)/./node_modules/@react-three/fiber/dist/events-5a94e5eb.esm.js:11634:73)
    at yn (webpack-internal:///(app-pages-browser)/./node_modules/@react-three/fiber/dist/events-5a94e5eb.esm.js:11320:168)
    at rt (webpack-internal:///(app-pages-browser)/./node_modules/@react-three/fiber/dist/events-5a94e5eb.esm.js:11634:73)
    at yn (webpack-internal:///(app-pages-browser)/./node_modules/@react-three/fiber/dist/events-5a94e5eb.esm.js:11314:25)
    at rt (webpack-internal:///(app-pages-browser)/./node_modules/@react-three/fiber/dist/events-5a94e5eb.esm.js:11634:73)
    at yn (webpack-internal:///(app-pages-browser)/./node_modules/@react-three/fiber/dist/events-5a94e5eb.esm.js:11258:29)
    at rt (webpack-internal:///(app-pages-browser)/./node_modules/@react-three/fiber/dist/events-5a94e5eb.esm.js:11634:73)
    at yn (webpack-internal:///(app-pages-browser)/./node_modules/@react-three/fiber/dist/events-5a94e5eb.esm.js:11326:25)
    at rt (webpack-internal:///(app-pages-browser)/./node_modules/@react-three/fiber/dist/events-5a94e5eb.esm.js:11634:73)
    at yn (webpack-internal:///(app-pages-browser)/./node_modules/@react-three/fiber/dist/events-5a94e5eb.esm.js:11326:25)
    at rt (webpack-internal:///(app-pages-browser)/./node_modules/@react-three/fiber/dist/events-5a94e5eb.esm.js:11634:73)
    at yn (webpack-internal:///(app-pages-browser)/./node_modules/@react-three/fiber/dist/events-5a94e5eb.esm.js:11326:25)
    at rt (webpack-internal:///(app-pages-browser)/./node_modules/@react-three/fiber/dist/events-5a94e5eb.esm.js:11634:73)
    at yn (webpack-internal:///(app-pages-browser)/./node_modules/@react-three/fiber/dist/events-5a94e5eb.esm.js:11326:25)
    at rt (webpack-internal:///(app-pages-browser)/./node_modules/@react-three/fiber/dist/events-5a94e5eb.esm.js:11634:73)
    at yn (webpack-internal:///(app-pages-browser)/./node_modules/@react-three/fiber/dist/events-5a94e5eb.esm.js:11326:25)
    at rt (webpack-internal:///(app-pages-browser)/./node_modules/@react-three/fiber/dist/events-5a94e5eb.esm.js:11634:73)
    at yn (webpack-internal:///(app-pages-browser)/./node_modules/@react-three/fiber/dist/events-5a94e5eb.esm.js:11326:25)
    at rt (webpack-internal:///(app-pages-browser)/./node_modules/@react-three/fiber/dist/events-5a94e5eb.esm.js:11634:73)
    at yn (webpack-internal:///(app-pages-browser)/./node_modules/@react-three/fiber/dist/events-5a94e5eb.esm.js:11326:25)
    at rt (webpack-internal:///(app-pages-browser)/./node_modules/@react-three/fiber/dist/events-5a94e5eb.esm.js:11634:73)
    at yn (webpack-internal:///(app-pages-browser)/./node_modules/@react-three/fiber/dist/events-5a94e5eb.esm.js:11326:25)
    at rt (webpack-internal:///(app-pages-browser)/./node_modules/@react-three/fiber/dist/events-5a94e5eb.esm.js:11634:73)
    at yn (webpack-internal:///(app-pages-browser)/./node_modules/@react-three/fiber/dist/events-5a94e5eb.esm.js:11326:25)
    at rt (webpack-internal:///(app-pages-browser)/./node_modules/@react-three/fiber/dist/events-5a94e5eb.esm.js:11634:73)
    at yn (webpack-internal:///(app-pages-browser)/./node_modules/@react-three/fiber/dist/events-5a94e5eb.esm.js:11326:25)
    at rt (webpack-internal:///(app-pages-browser)/./node_modules/@react-three/fiber/dist/events-5a94e5eb.esm.js:11634:73)
    at yn (webpack-internal:///(app-pages-browser)/./node_modules/@react-three/fiber/dist/events-5a94e5eb.esm.js:11326:25)
    at rt (webpack-internal:///(app-pages-browser)/./node_modules/@react-three/fiber/dist/events-5a94e5eb.esm.js:11634:73)
    at yn (webpack-internal:///(app-pages-browser)/./node_modules/@react-three/fiber/dist/events-5a94e5eb.esm.js:11326:25)
    at rt (webpack-internal:///(app-pages-browser)/./node_modules/@react-three/fiber/dist/events-5a94e5eb.esm.js:11634:73)
    at yn (webpack-internal:///(app-pages-browser)/./node_modules/@react-three/fiber/dist/events-5a94e5eb.esm.js:11326:25)
    at rt (webpack-internal:///(app-pages-browser)/./node_modules/@react-three/fiber/dist/events-5a94e5eb.esm.js:11634:73)
    at yn (webpack-internal:///(app-pages-browser)/./node_modules/@react-three/fiber/dist/events-5a94e5eb.esm.js:11258:29)
    at rt (webpack-internal:///(app-pages-browser)/./node_modules/@react-three/fiber/dist/events-5a94e5eb.esm.js:11634:73)
    at yn (webpack-internal:///(app-pages-browser)/./node_modules/@react-three/fiber/dist/events-5a94e5eb.esm.js:11255:25)
    at rt (webpack-internal:///(app-pages-browser)/./node_modules/@react-three/fiber/dist/events-5a94e5eb.esm.js:11634:73)
    at yn (webpack-internal:///(app-pages-browser)/./node_modules/@react-three/fiber/dist/events-5a94e5eb.esm.js:11255:25)
    at rt (webpack-internal:///(app-pages-browser)/./node_modules/@react-three/fiber/dist/events-5a94e5eb.esm.js:11634:73)
[   61972ms] [LOG] THREE.WebGLRenderer: Context Lost. @ webpack-internal:///(app-pages-browser)/./node_modules/next/dist/next-devtools/shared/forward-logs-shared.js:27
[   61993ms] TypeError: Cannot read properties of null (reading 'alpha')
    at EffectComposer.addPass (webpack-internal:///(app-pages-browser)/./node_modules/postprocessing/build/index.js:1194:67)
    at eval (webpack-internal:///(app-pages-browser)/./node_modules/@react-three/postprocessing/dist/index.js:165:34)
    at Object.react_stack_bottom_frame (webpack-internal:///(app-pages-browser)/./node_modules/@react-three/fiber/dist/events-5a94e5eb.esm.js:13273:44)
    at B (webpack-internal:///(app-pages-browser)/./node_modules/@react-three/fiber/dist/events-5a94e5eb.esm.js:7908:105)
    at ca (webpack-internal:///(app-pages-browser)/./node_modules/@react-three/fiber/dist/events-5a94e5eb.esm.js:10978:101)
    at Pf (webpack-internal:///(app-pages-browser)/./node_modules/@react-three/fiber/dist/events-5a94e5eb.esm.js:10966:32)
    at yn (webpack-internal:///(app-pages-browser)/./node_modules/@react-three/fiber/dist/events-5a94e5eb.esm.js:11255:44)
    at rt (webpack-internal:///(app-pages-browser)/./node_modules/@react-three/fiber/dist/events-5a94e5eb.esm.js:11634:73)
    at yn (webpack-internal:///(app-pages-browser)/./node_modules/@react-three/fiber/dist/events-5a94e5eb.esm.js:11326:25)
    at rt (webpack-internal:///(app-pages-browser)/./node_modules/@react-three/fiber/dist/events-5a94e5eb.esm.js:11634:73)
    at yn (webpack-internal:///(app-pages-browser)/./node_modules/@react-three/fiber/dist/events-5a94e5eb.esm.js:11255:25)
    at rt (webpack-internal:///(app-pages-browser)/./node_modules/@react-three/fiber/dist/events-5a94e5eb.esm.js:11634:73)
    at yn (webpack-internal:///(app-pages-browser)/./node_modules/@react-three/fiber/dist/events-5a94e5eb.esm.js:11320:168)
    at rt (webpack-internal:///(app-pages-browser)/./node_modules/@react-three/fiber/dist/events-5a94e5eb.esm.js:11634:73)
    at yn (webpack-internal:///(app-pages-browser)/./node_modules/@react-three/fiber/dist/events-5a94e5eb.esm.js:11314:25)
    at rt (webpack-internal:///(app-pages-browser)/./node_modules/@react-three/fiber/dist/events-5a94e5eb.esm.js:11634:73)
    at yn (webpack-internal:///(app-pages-browser)/./node_modules/@react-three/fiber/dist/events-5a94e5eb.esm.js:11258:29)
    at rt (webpack-internal:///(app-pages-browser)/./node_modules/@react-three/fiber/dist/events-5a94e5eb.esm.js:11634:73)
    at yn (webpack-internal:///(app-pages-browser)/./node_modules/@react-three/fiber/dist/events-5a94e5eb.esm.js:11326:25)
    at rt (webpack-internal:///(app-pages-browser)/./node_modules/@react-three/fiber/dist/events-5a94e5eb.esm.js:11634:73)
    at yn (webpack-internal:///(app-pages-browser)/./node_modules/@react-three/fiber/dist/events-5a94e5eb.esm.js:11326:25)
    at rt (webpack-internal:///(app-pages-browser)/./node_modules/@react-three/fiber/dist/events-5a94e5eb.esm.js:11634:73)
    at yn (webpack-internal:///(app-pages-browser)/./node_modules/@react-three/fiber/dist/events-5a94e5eb.esm.js:11326:25)
    at rt (webpack-internal:///(app-pages-browser)/./node_modules/@react-three/fiber/dist/events-5a94e5eb.esm.js:11634:73)
    at yn (webpack-internal:///(app-pages-browser)/./node_modules/@react-three/fiber/dist/events-5a94e5eb.esm.js:11326:25)
    at rt (webpack-internal:///(app-pages-browser)/./node_modules/@react-three/fiber/dist/events-5a94e5eb.esm.js:11634:73)
    at yn (webpack-internal:///(app-pages-browser)/./node_modules/@react-three/fiber/dist/events-5a94e5eb.esm.js:11326:25)
    at rt (webpack-internal:///(app-pages-browser)/./node_modules/@react-three/fiber/dist/events-5a94e5eb.esm.js:11634:73)
    at yn (webpack-internal:///(app-pages-browser)/./node_modules/@react-three/fiber/dist/events-5a94e5eb.esm.js:11326:25)
    at rt (webpack-internal:///(app-pages-browser)/./node_modules/@react-three/fiber/dist/events-5a94e5eb.esm.js:11634:73)
    at yn (webpack-internal:///(app-pages-browser)/./node_modules/@react-three/fiber/dist/events-5a94e5eb.esm.js:11326:25)
    at rt (webpack-internal:///(app-pages-browser)/./node_modules/@react-three/fiber/dist/events-5a94e5eb.esm.js:11634:73)
    at yn (webpack-internal:///(app-pages-browser)/./node_modules/@react-three/fiber/dist/events-5a94e5eb.esm.js:11326:25)
    at rt (webpack-internal:///(app-pages-browser)/./node_modules/@react-three/fiber/dist/events-5a94e5eb.esm.js:11634:73)
    at yn (webpack-internal:///(app-pages-browser)/./node_modules/@react-three/fiber/dist/events-5a94e5eb.esm.js:11326:25)
    at rt (webpack-internal:///(app-pages-browser)/./node_modules/@react-three/fiber/dist/events-5a94e5eb.esm.js:11634:73)
    at yn (webpack-internal:///(app-pages-browser)/./node_modules/@react-three/fiber/dist/events-5a94e5eb.esm.js:11326:25)
    at rt (webpack-internal:///(app-pages-browser)/./node_modules/@react-three/fiber/dist/events-5a94e5eb.esm.js:11634:73)
    at yn (webpack-internal:///(app-pages-browser)/./node_modules/@react-three/fiber/dist/events-5a94e5eb.esm.js:11326:25)
    at rt (webpack-internal:///(app-pages-browser)/./node_modules/@react-three/fiber/dist/events-5a94e5eb.esm.js:11634:73)
    at yn (webpack-internal:///(app-pages-browser)/./node_modules/@react-three/fiber/dist/events-5a94e5eb.esm.js:11326:25)
    at rt (webpack-internal:///(app-pages-browser)/./node_modules/@react-three/fiber/dist/events-5a94e5eb.esm.js:11634:73)
    at yn (webpack-internal:///(app-pages-browser)/./node_modules/@react-three/fiber/dist/events-5a94e5eb.esm.js:11326:25)
    at rt (webpack-internal:///(app-pages-browser)/./node_modules/@react-three/fiber/dist/events-5a94e5eb.esm.js:11634:73)
    at yn (webpack-internal:///(app-pages-browser)/./node_modules/@react-three/fiber/dist/events-5a94e5eb.esm.js:11258:29)
    at rt (webpack-internal:///(app-pages-browser)/./node_modules/@react-three/fiber/dist/events-5a94e5eb.esm.js:11634:73)
    at yn (webpack-internal:///(app-pages-browser)/./node_modules/@react-three/fiber/dist/events-5a94e5eb.esm.js:11255:25)
    at rt (webpack-internal:///(app-pages-browser)/./node_modules/@react-three/fiber/dist/events-5a94e5eb.esm.js:11634:73)
    at yn (webpack-internal:///(app-pages-browser)/./node_modules/@react-three/fiber/dist/events-5a94e5eb.esm.js:11255:25)
    at rt (webpack-internal:///(app-pages-browser)/./node_modules/@react-three/fiber/dist/events-5a94e5eb.esm.js:11634:73)
[   73383ms] [LOG] [Fast Refresh] rebuilding @ webpack-internal:///(app-pages-browser)/./node_modules/next/dist/next-devtools/shared/forward-logs-shared.js:27
[   73636ms] TypeError: Cannot read properties of null (reading 'alpha')
    at EffectComposer.setRenderer (webpack-internal:///(app-pages-browser)/./node_modules/postprocessing/build/index.js:1032:71)
    at new EffectComposer (webpack-internal:///(app-pages-browser)/./node_modules/postprocessing/build/index.js:980:14)
    at eval (webpack-internal:///(app-pages-browser)/./node_modules/@react-three/postprocessing/dist/index.js:110:19)
    at ec (webpack-internal:///(app-pages-browser)/./node_modules/@react-three/fiber/dist/events-5a94e5eb.esm.js:9700:25)
    at Object.useMemo (webpack-internal:///(app-pages-browser)/./node_modules/@react-three/fiber/dist/events-5a94e5eb.esm.js:13368:32)
    at exports.useMemo (webpack-internal:///(app-pages-browser)/./node_modules/next/dist/compiled/react/cjs/react.development.js:1299:34)
    at eval (webpack-internal:///(app-pages-browser)/./node_modules/@react-three/postprocessing/dist/index.js:109:192)
    at Object.react_stack_bottom_frame (webpack-internal:///(app-pages-browser)/./node_modules/@react-three/fiber/dist/events-5a94e5eb.esm.js:13224:32)
    at It (webpack-internal:///(app-pages-browser)/./node_modules/@react-three/fiber/dist/events-5a94e5eb.esm.js:9091:25)
    at hf (webpack-internal:///(app-pages-browser)/./node_modules/@react-three/fiber/dist/events-5a94e5eb.esm.js:10093:35)
    at tt (webpack-internal:///(app-pages-browser)/./node_modules/@react-three/fiber/dist/events-5a94e5eb.esm.js:10590:32)
    at B (webpack-internal:///(app-pages-browser)/./node_modules/@react-three/fiber/dist/events-5a94e5eb.esm.js:7908:105)
    at Ph (webpack-internal:///(app-pages-browser)/./node_modules/@react-three/fiber/dist/events-5a94e5eb.esm.js:12436:50)
    at wh (webpack-internal:///(app-pages-browser)/./node_modules/@react-three/fiber/dist/events-5a94e5eb.esm.js:12353:36)
    at Ff (webpack-internal:///(app-pages-browser)/./node_modules/@react-three/fiber/dist/events-5a94e5eb.esm.js:12344:21)
    at Lf (webpack-internal:///(app-pages-browser)/./node_modules/@react-three/fiber/dist/events-5a94e5eb.esm.js:12115:75)
    at Ap (webpack-internal:///(app-pages-browser)/./node_modules/@react-three/fiber/dist/events-5a94e5eb.esm.js:8309:35)
    at Wa (webpack-internal:///(app-pages-browser)/./node_modules/@react-three/fiber/dist/events-5a94e5eb.esm.js:8253:165)
    at Ls (webpack-internal:///(app-pages-browser)/./node_modules/@react-three/fiber/dist/events-5a94e5eb.esm.js:12208:51)
    at Object.hu [as scheduleRefresh] (webpack-internal:///(app-pages-browser)/./node_modules/@react-three/fiber/dist/events-5a94e5eb.esm.js:6606:71)
    at eval (webpack-internal:///(app-pages-browser)/./node_modules/next/dist/compiled/react-refresh/cjs/react-refresh-runtime.development.js:265:17)
    at Set.forEach (<anonymous>)
    at Object.performReactRefresh (webpack-internal:///(app-pages-browser)/./node_modules/next/dist/compiled/react-refresh/cjs/react-refresh-runtime.development.js:254:26)
    at applyUpdate (webpack-internal:///(app-pages-browser)/./node_modules/next/dist/compiled/@next/react-refresh-utils/dist/internal/helpers.js:139:31)
    at statusHandler (webpack-internal:///(app-pages-browser)/./node_modules/next/dist/compiled/@next/react-refresh-utils/dist/internal/helpers.js:156:13)
    at setStatus (http://localhost:3000/_next/static/chunks/webpack.js?v=1775734089716:498:55)
    at http://localhost:3000/_next/static/chunks/webpack.js?v=1775734089716:667:21
[   73636ms] [WARNING] [Fast Refresh] performing full reload because your application had an unrecoverable error @ webpack-internal:///(app-pages-browser)/./node_modules/next/dist/next-devtools/shared/forward-logs-shared.js:27
[   73663ms] [LOG] [Fast Refresh] rebuilding @ webpack-internal:///(app-pages-browser)/./node_modules/next/dist/next-devtools/shared/forward-logs-shared.js:27
[   73971ms] [LOG] [Fast Refresh] done in 308ms @ webpack-internal:///(app-pages-browser)/./node_modules/next/dist/next-devtools/shared/forward-logs-shared.js:27
[   73999ms] [WARNING] THREE.THREE.Clock: This module has been deprecated. Please use THREE.Timer instead. @ webpack-internal:///(app-pages-browser)/./node_modules/next/dist/next-devtools/shared/forward-logs-shared.js:27
[   74030ms] [LOG] [Fast Refresh] rebuilding @ webpack-internal:///(app-pages-browser)/./node_modules/next/dist/next-devtools/shared/forward-logs-shared.js:27
[   74253ms] [LOG] [Fast Refresh] done in 223ms @ webpack-internal:///(app-pages-browser)/./node_modules/next/dist/next-devtools/shared/forward-logs-shared.js:27
[   75079ms] [INFO] %cDownload the React DevTools for a better development experience: https://react.dev/link/react-devtools font-weight:bold @ webpack-internal:///(app-pages-browser)/./node_modules/next/dist/next-devtools/shared/forward-logs-shared.js:27
[   75193ms] [LOG] [HMR] connected @ webpack-internal:///(app-pages-browser)/./node_modules/next/dist/next-devtools/shared/forward-logs-shared.js:27
[   75651ms] [WARNING] THREE.THREE.Clock: This module has been deprecated. Please use THREE.Timer instead. @ webpack-internal:///(app-pages-browser)/./node_modules/next/dist/next-devtools/shared/forward-logs-shared.js:27
