[     557ms] [LOG] 
%c  %c

%cSpline
%c1.12.81
 background: linear-gradient(124.21deg, #FFC81D 0%, #F34EF1 10.21%, #3DFCC6 19.96%, #3DFCC6 27.38%, #4380FF 34.39%, #4380FF 55.06%, #FF3AF3 66.05%, #FF3AF3 89.11%);border-radius: 6px; background: none; color: #888; font-size: 20px; color: #666; font-size: 15px; @ https://app.spline.design/assets/entries/pages_index.BcxEDAbd.js:5227
[    1555ms] [ERROR] Access to fetch at 'https://o461187.ingest.sentry.io/api/5717832/envelope/?sentry_key=4169885f834f44d38b70b2c84a715266&sentry_version=7' from origin 'https://app.spline.design' has been blocked by CORS policy: No 'Access-Control-Allow-Origin' header is present on the requested resource. @ https://app.spline.design/file/9434e050-b7c6-41b1-b62f-3b9598d11a20:0
[    1555ms] [ERROR] Failed to load resource: net::ERR_FAILED @ https://o461187.ingest.sentry.io/api/5717832/envelope/?sentry_key=4169885f834f44d38b70b2c84a715266&sentry_version=7:0
[    3818ms] [WARNING] updating from  111 to  122 @ https://app.spline.design/assets/chunks/chunk-C1GBGJcI.js:4
[    4066ms] [WARNING] THREE.WebGLProgram: Unsupported encoding: srgb @ https://app.spline.design/assets/chunks/chunk-C1GBGJcI.js:4
[    4097ms] [WARNING] THREE.WebGLRenderer: Texture marked for update but image is incomplete @ https://app.spline.design/assets/chunks/chunk-C1GBGJcI.js:4
[    4313ms] [WARNING] THREE.WebGLRenderer: Texture marked for update but image is incomplete @ https://app.spline.design/assets/chunks/chunk-C1GBGJcI.js:4
[    4412ms] [WARNING] THREE.WebGLRenderer: Texture marked for update but image is incomplete @ https://app.spline.design/assets/chunks/chunk-C1GBGJcI.js:4
[    4473ms] [WARNING] THREE.WebGLRenderer: Texture marked for update but image is incomplete @ https://app.spline.design/assets/chunks/chunk-C1GBGJcI.js:4
[    4478ms] [WARNING] THREE.WebGLRenderer: Texture marked for update but image is incomplete @ https://app.spline.design/assets/chunks/chunk-C1GBGJcI.js:4
[    4490ms] [WARNING] THREE.WebGLRenderer: Texture marked for update but image is incomplete @ https://app.spline.design/assets/chunks/chunk-C1GBGJcI.js:4
[    4677ms] [WARNING] THREE.WebGLRenderer: Texture marked for update but image is incomplete @ https://app.spline.design/assets/chunks/chunk-C1GBGJcI.js:4
[    4686ms] [WARNING] THREE.WebGLRenderer: Texture marked for update but image is incomplete @ https://app.spline.design/assets/chunks/chunk-C1GBGJcI.js:4
[    4699ms] [WARNING] THREE.WebGLRenderer: Texture marked for update but image is incomplete @ https://app.spline.design/assets/chunks/chunk-C1GBGJcI.js:4
[    4704ms] [WARNING] THREE.WebGLRenderer: Texture marked for update but image is incomplete @ https://app.spline.design/assets/chunks/chunk-C1GBGJcI.js:4
[    4719ms] [WARNING] THREE.WebGLRenderer: Texture marked for update but image is incomplete @ https://app.spline.design/assets/chunks/chunk-C1GBGJcI.js:4
[    4776ms] [WARNING] THREE.WebGLRenderer: Texture marked for update but image is incomplete @ https://app.spline.design/assets/chunks/chunk-C1GBGJcI.js:4
[    4785ms] [WARNING] THREE.WebGLRenderer: Texture marked for update but image is incomplete @ https://app.spline.design/assets/chunks/chunk-C1GBGJcI.js:4
[    4790ms] [WARNING] THREE.WebGLRenderer: Texture marked for update but image is incomplete @ https://app.spline.design/assets/chunks/chunk-C1GBGJcI.js:4
[    4797ms] [WARNING] THREE.WebGLRenderer: Texture marked for update but image is incomplete @ https://app.spline.design/assets/chunks/chunk-C1GBGJcI.js:4
[    4810ms] [WARNING] THREE.WebGLRenderer: Texture marked for update but image is incomplete @ https://app.spline.design/assets/chunks/chunk-C1GBGJcI.js:4
[    4924ms] [WARNING] THREE.WebGLRenderer: Texture marked for update but image is incomplete @ https://app.spline.design/assets/chunks/chunk-C1GBGJcI.js:4
[    4926ms] [WARNING] THREE.WebGLRenderer: Texture marked for update but image is incomplete @ https://app.spline.design/assets/chunks/chunk-C1GBGJcI.js:4
[    4931ms] [WARNING] THREE.WebGLRenderer: Texture marked for update but image is incomplete @ https://app.spline.design/assets/chunks/chunk-C1GBGJcI.js:4
[    4959ms] [WARNING] THREE.WebGLRenderer: Texture marked for update but image is incomplete @ https://app.spline.design/assets/chunks/chunk-C1GBGJcI.js:4
[    4962ms] [WARNING] THREE.WebGLRenderer: Texture marked for update but image is incomplete @ https://app.spline.design/assets/chunks/chunk-C1GBGJcI.js:4
[    4974ms] [WARNING] THREE.WebGLRenderer: Texture marked for update but image is incomplete @ https://app.spline.design/assets/chunks/chunk-C1GBGJcI.js:4
[    4984ms] [WARNING] THREE.WebGLRenderer: Texture marked for update but image is incomplete @ https://app.spline.design/assets/chunks/chunk-C1GBGJcI.js:4
[    4997ms] [WARNING] THREE.WebGLRenderer: Texture marked for update but image is incomplete @ https://app.spline.design/assets/chunks/chunk-C1GBGJcI.js:4
[    5009ms] [WARNING] THREE.WebGLRenderer: Texture marked for update but image is incomplete @ https://app.spline.design/assets/chunks/chunk-C1GBGJcI.js:4
[    5023ms] [WARNING] THREE.WebGLRenderer: Texture marked for update but image is incomplete @ https://app.spline.design/assets/chunks/chunk-C1GBGJcI.js:4
[    5037ms] [WARNING] THREE.WebGLRenderer: Texture marked for update but image is incomplete @ https://app.spline.design/assets/chunks/chunk-C1GBGJcI.js:4
[    5051ms] [WARNING] THREE.WebGLRenderer: Texture marked for update but image is incomplete @ https://app.spline.design/assets/chunks/chunk-C1GBGJcI.js:4
[    5064ms] [WARNING] THREE.WebGLRenderer: Texture marked for update but image is incomplete @ https://app.spline.design/assets/chunks/chunk-C1GBGJcI.js:4
[    5077ms] [WARNING] THREE.WebGLRenderer: Texture marked for update but image is incomplete @ https://app.spline.design/assets/chunks/chunk-C1GBGJcI.js:4
[    5090ms] [WARNING] THREE.WebGLRenderer: Texture marked for update but image is incomplete @ https://app.spline.design/assets/chunks/chunk-C1GBGJcI.js:4
[    5104ms] [WARNING] THREE.WebGLRenderer: Texture marked for update but image is incomplete @ https://app.spline.design/assets/chunks/chunk-C1GBGJcI.js:4
[    5117ms] [WARNING] THREE.WebGLRenderer: Texture marked for update but image is incomplete @ https://app.spline.design/assets/chunks/chunk-C1GBGJcI.js:4
[    5130ms] [WARNING] THREE.WebGLRenderer: Texture marked for update but image is incomplete @ https://app.spline.design/assets/chunks/chunk-C1GBGJcI.js:4
[    5144ms] [WARNING] THREE.WebGLRenderer: Texture marked for update but image is incomplete @ https://app.spline.design/assets/chunks/chunk-C1GBGJcI.js:4
[    5157ms] [WARNING] THREE.WebGLRenderer: Texture marked for update but image is incomplete @ https://app.spline.design/assets/chunks/chunk-C1GBGJcI.js:4
[    5170ms] [WARNING] THREE.WebGLRenderer: Texture marked for update but image is incomplete @ https://app.spline.design/assets/chunks/chunk-C1GBGJcI.js:4
[    5184ms] [WARNING] THREE.WebGLRenderer: Texture marked for update but image is incomplete @ https://app.spline.design/assets/chunks/chunk-C1GBGJcI.js:4
[    5197ms] [WARNING] THREE.WebGLRenderer: Texture marked for update but image is incomplete @ https://app.spline.design/assets/chunks/chunk-C1GBGJcI.js:4
[    5207ms] [ERROR] ---- failed to open <0> as a font @ https://app.spline.design/assets/chunks/chunk-C1GBGJcI.js:4
[    5210ms] [WARNING] THREE.WebGLRenderer: Texture marked for update but image is incomplete @ https://app.spline.design/assets/chunks/chunk-C1GBGJcI.js:4
[    5223ms] [WARNING] THREE.WebGLRenderer: Texture marked for update but image is incomplete @ https://app.spline.design/assets/chunks/chunk-C1GBGJcI.js:4
[    5237ms] [WARNING] THREE.WebGLRenderer: Texture marked for update but image is incomplete @ https://app.spline.design/assets/chunks/chunk-C1GBGJcI.js:4
[    5250ms] [WARNING] THREE.WebGLRenderer: Texture marked for update but image is incomplete @ https://app.spline.design/assets/chunks/chunk-C1GBGJcI.js:4
[    5264ms] [WARNING] THREE.WebGLRenderer: Texture marked for update but image is incomplete @ https://app.spline.design/assets/chunks/chunk-C1GBGJcI.js:4
[    5276ms] [WARNING] THREE.WebGLRenderer: Texture marked for update but image is incomplete @ https://app.spline.design/assets/chunks/chunk-C1GBGJcI.js:4
[    5290ms] [WARNING] THREE.WebGLRenderer: Texture marked for update but image is incomplete @ https://app.spline.design/assets/chunks/chunk-C1GBGJcI.js:4
[    5303ms] [WARNING] THREE.WebGLRenderer: Texture marked for update but image is incomplete @ https://app.spline.design/assets/chunks/chunk-C1GBGJcI.js:4
[    5317ms] [WARNING] THREE.WebGLRenderer: Texture marked for update but image is incomplete @ https://app.spline.design/assets/chunks/chunk-C1GBGJcI.js:4
[    5332ms] [WARNING] THREE.WebGLRenderer: Texture marked for update but image is incomplete @ https://app.spline.design/assets/chunks/chunk-C1GBGJcI.js:4
[    5344ms] [WARNING] THREE.WebGLRenderer: Texture marked for update but image is incomplete @ https://app.spline.design/assets/chunks/chunk-C1GBGJcI.js:4
[    5356ms] [WARNING] THREE.WebGLRenderer: Texture marked for update but image is incomplete @ https://app.spline.design/assets/chunks/chunk-C1GBGJcI.js:4
[    5370ms] [WARNING] THREE.WebGLRenderer: Texture marked for update but image is incomplete @ https://app.spline.design/assets/chunks/chunk-C1GBGJcI.js:4
[    5384ms] [WARNING] THREE.WebGLRenderer: Texture marked for update but image is incomplete @ https://app.spline.design/assets/chunks/chunk-C1GBGJcI.js:4
[    5397ms] [WARNING] THREE.WebGLRenderer: Texture marked for update but image is incomplete @ https://app.spline.design/assets/chunks/chunk-C1GBGJcI.js:4
[    5410ms] [WARNING] THREE.WebGLRenderer: Texture marked for update but image is incomplete @ https://app.spline.design/assets/chunks/chunk-C1GBGJcI.js:4
[    5424ms] [WARNING] THREE.WebGLRenderer: Texture marked for update but image is incomplete @ https://app.spline.design/assets/chunks/chunk-C1GBGJcI.js:4
[    5437ms] [WARNING] THREE.WebGLRenderer: Texture marked for update but image is incomplete @ https://app.spline.design/assets/chunks/chunk-C1GBGJcI.js:4
[    5450ms] [WARNING] THREE.WebGLRenderer: Texture marked for update but image is incomplete @ https://app.spline.design/assets/chunks/chunk-C1GBGJcI.js:4
[    5464ms] [WARNING] THREE.WebGLRenderer: Texture marked for update but image is incomplete @ https://app.spline.design/assets/chunks/chunk-C1GBGJcI.js:4
[    5476ms] [WARNING] THREE.WebGLRenderer: Texture marked for update but image is incomplete @ https://app.spline.design/assets/chunks/chunk-C1GBGJcI.js:4
[    5490ms] [WARNING] THREE.WebGLRenderer: Texture marked for update but image is incomplete @ https://app.spline.design/assets/chunks/chunk-C1GBGJcI.js:4
[    5503ms] [WARNING] THREE.WebGLRenderer: Texture marked for update but image is incomplete @ https://app.spline.design/assets/chunks/chunk-C1GBGJcI.js:4
[    5517ms] [WARNING] THREE.WebGLRenderer: Texture marked for update but image is incomplete @ https://app.spline.design/assets/chunks/chunk-C1GBGJcI.js:4
[    5530ms] [WARNING] THREE.WebGLRenderer: Texture marked for update but image is incomplete @ https://app.spline.design/assets/chunks/chunk-C1GBGJcI.js:4
[    5544ms] [WARNING] THREE.WebGLRenderer: Texture marked for update but image is incomplete @ https://app.spline.design/assets/chunks/chunk-C1GBGJcI.js:4
[    5557ms] [WARNING] THREE.WebGLRenderer: Texture marked for update but image is incomplete @ https://app.spline.design/assets/chunks/chunk-C1GBGJcI.js:4
[    5570ms] [WARNING] THREE.WebGLRenderer: Texture marked for update but image is incomplete @ https://app.spline.design/assets/chunks/chunk-C1GBGJcI.js:4
[    5584ms] [WARNING] THREE.WebGLRenderer: Texture marked for update but image is incomplete @ https://app.spline.design/assets/chunks/chunk-C1GBGJcI.js:4
[    5597ms] [WARNING] THREE.WebGLRenderer: Texture marked for update but image is incomplete @ https://app.spline.design/assets/chunks/chunk-C1GBGJcI.js:4
[    5610ms] [WARNING] THREE.WebGLRenderer: Texture marked for update but image is incomplete @ https://app.spline.design/assets/chunks/chunk-C1GBGJcI.js:4
[    5624ms] [WARNING] THREE.WebGLRenderer: Texture marked for update but image is incomplete @ https://app.spline.design/assets/chunks/chunk-C1GBGJcI.js:4
[    5637ms] [WARNING] THREE.WebGLRenderer: Texture marked for update but image is incomplete @ https://app.spline.design/assets/chunks/chunk-C1GBGJcI.js:4
[    5651ms] [WARNING] THREE.WebGLRenderer: Texture marked for update but image is incomplete @ https://app.spline.design/assets/chunks/chunk-C1GBGJcI.js:4
[    5663ms] [WARNING] THREE.WebGLRenderer: Texture marked for update but image is incomplete @ https://app.spline.design/assets/chunks/chunk-C1GBGJcI.js:4
[    5677ms] [WARNING] THREE.WebGLRenderer: Texture marked for update but image is incomplete @ https://app.spline.design/assets/chunks/chunk-C1GBGJcI.js:4
[    5690ms] [WARNING] THREE.WebGLRenderer: Texture marked for update but image is incomplete @ https://app.spline.design/assets/chunks/chunk-C1GBGJcI.js:4
[    5705ms] [WARNING] THREE.WebGLRenderer: Texture marked for update but image is incomplete @ https://app.spline.design/assets/chunks/chunk-C1GBGJcI.js:4
[    5717ms] [WARNING] THREE.WebGLRenderer: Texture marked for update but image is incomplete @ https://app.spline.design/assets/chunks/chunk-C1GBGJcI.js:4
[    5730ms] [WARNING] THREE.WebGLRenderer: Texture marked for update but image is incomplete @ https://app.spline.design/assets/chunks/chunk-C1GBGJcI.js:4
[    5744ms] [WARNING] THREE.WebGLRenderer: Texture marked for update but image is incomplete @ https://app.spline.design/assets/chunks/chunk-C1GBGJcI.js:4
[    5756ms] [WARNING] THREE.WebGLRenderer: Texture marked for update but image is incomplete @ https://app.spline.design/assets/chunks/chunk-C1GBGJcI.js:4
[    5771ms] [WARNING] THREE.WebGLRenderer: Texture marked for update but image is incomplete @ https://app.spline.design/assets/chunks/chunk-C1GBGJcI.js:4
[    5783ms] [WARNING] THREE.WebGLRenderer: Texture marked for update but image is incomplete @ https://app.spline.design/assets/chunks/chunk-C1GBGJcI.js:4
[    5797ms] [WARNING] THREE.WebGLRenderer: Texture marked for update but image is incomplete @ https://app.spline.design/assets/chunks/chunk-C1GBGJcI.js:4
[    5810ms] [WARNING] THREE.WebGLRenderer: Texture marked for update but image is incomplete @ https://app.spline.design/assets/chunks/chunk-C1GBGJcI.js:4
[    5824ms] [WARNING] THREE.WebGLRenderer: Texture marked for update but image is incomplete @ https://app.spline.design/assets/chunks/chunk-C1GBGJcI.js:4
[    5837ms] [WARNING] THREE.WebGLRenderer: Texture marked for update but image is incomplete @ https://app.spline.design/assets/chunks/chunk-C1GBGJcI.js:4
[    5850ms] [WARNING] THREE.WebGLRenderer: Texture marked for update but image is incomplete @ https://app.spline.design/assets/chunks/chunk-C1GBGJcI.js:4
[    5864ms] [WARNING] THREE.WebGLRenderer: Texture marked for update but image is incomplete @ https://app.spline.design/assets/chunks/chunk-C1GBGJcI.js:4
[    5877ms] [WARNING] THREE.WebGLRenderer: Texture marked for update but image is incomplete @ https://app.spline.design/assets/chunks/chunk-C1GBGJcI.js:4
[    5890ms] [WARNING] THREE.WebGLRenderer: Texture marked for update but image is incomplete @ https://app.spline.design/assets/chunks/chunk-C1GBGJcI.js:4
[    5905ms] [WARNING] THREE.WebGLRenderer: Texture marked for update but image is incomplete @ https://app.spline.design/assets/chunks/chunk-C1GBGJcI.js:4
[    5917ms] [WARNING] THREE.WebGLRenderer: Texture marked for update but image is incomplete @ https://app.spline.design/assets/chunks/chunk-C1GBGJcI.js:4
[    5931ms] [WARNING] THREE.WebGLRenderer: Texture marked for update but image is incomplete @ https://app.spline.design/assets/chunks/chunk-C1GBGJcI.js:4
[    5943ms] [WARNING] THREE.WebGLRenderer: Texture marked for update but image is incomplete @ https://app.spline.design/assets/chunks/chunk-C1GBGJcI.js:4
[    5957ms] [WARNING] THREE.WebGLRenderer: Texture marked for update but image is incomplete @ https://app.spline.design/assets/chunks/chunk-C1GBGJcI.js:4
[    5970ms] [WARNING] THREE.WebGLRenderer: Texture marked for update but image is incomplete @ https://app.spline.design/assets/chunks/chunk-C1GBGJcI.js:4
[    5985ms] [WARNING] THREE.WebGLRenderer: Texture marked for update but image is incomplete @ https://app.spline.design/assets/chunks/chunk-C1GBGJcI.js:4
[    6001ms] [WARNING] THREE.WebGLRenderer: Texture marked for update but image is incomplete @ https://app.spline.design/assets/chunks/chunk-C1GBGJcI.js:4
[    6011ms] [WARNING] THREE.WebGLRenderer: Texture marked for update but image is incomplete @ https://app.spline.design/assets/chunks/chunk-C1GBGJcI.js:4
[    6024ms] [WARNING] THREE.WebGLRenderer: Texture marked for update but image is incomplete @ https://app.spline.design/assets/chunks/chunk-C1GBGJcI.js:4
[    6037ms] [WARNING] THREE.WebGLRenderer: Texture marked for update but image is incomplete @ https://app.spline.design/assets/chunks/chunk-C1GBGJcI.js:4
[    6051ms] [WARNING] THREE.WebGLRenderer: Texture marked for update but image is incomplete @ https://app.spline.design/assets/chunks/chunk-C1GBGJcI.js:4
[    6064ms] [WARNING] THREE.WebGLRenderer: Texture marked for update but image is incomplete @ https://app.spline.design/assets/chunks/chunk-C1GBGJcI.js:4
[    6077ms] [WARNING] THREE.WebGLRenderer: Texture marked for update but image is incomplete @ https://app.spline.design/assets/chunks/chunk-C1GBGJcI.js:4
[    6090ms] [WARNING] THREE.WebGLRenderer: Texture marked for update but image is incomplete @ https://app.spline.design/assets/chunks/chunk-C1GBGJcI.js:4
[    6150ms] [WARNING] THREE.WebGLRenderer: Texture marked for update but image is incomplete @ https://app.spline.design/assets/chunks/chunk-C1GBGJcI.js:4
[    6175ms] [WARNING] THREE.WebGLRenderer: Texture marked for update but image is incomplete @ https://app.spline.design/assets/chunks/chunk-C1GBGJcI.js:4
[    6193ms] [WARNING] THREE.WebGLRenderer: Texture marked for update but image is incomplete @ https://app.spline.design/assets/chunks/chunk-C1GBGJcI.js:4
[    6196ms] [WARNING] THREE.WebGLRenderer: Texture marked for update but image is incomplete @ https://app.spline.design/assets/chunks/chunk-C1GBGJcI.js:4
[    6201ms] [WARNING] THREE.WebGLRenderer: Texture marked for update but image is incomplete @ https://app.spline.design/assets/chunks/chunk-C1GBGJcI.js:4
[    6213ms] [WARNING] THREE.WebGLRenderer: Texture marked for update but image is incomplete @ https://app.spline.design/assets/chunks/chunk-C1GBGJcI.js:4
[    6226ms] [WARNING] THREE.WebGLRenderer: Texture marked for update but image is incomplete @ https://app.spline.design/assets/chunks/chunk-C1GBGJcI.js:4
[    6237ms] [WARNING] THREE.WebGLRenderer: Texture marked for update but image is incomplete @ https://app.spline.design/assets/chunks/chunk-C1GBGJcI.js:4
[    6254ms] [WARNING] THREE.WebGLRenderer: Texture marked for update but image is incomplete @ https://app.spline.design/assets/chunks/chunk-C1GBGJcI.js:4
[    6265ms] [WARNING] THREE.WebGLRenderer: Texture marked for update but image is incomplete @ https://app.spline.design/assets/chunks/chunk-C1GBGJcI.js:4
[    6279ms] [WARNING] THREE.WebGLRenderer: Texture marked for update but image is incomplete @ https://app.spline.design/assets/chunks/chunk-C1GBGJcI.js:4
[    6290ms] [WARNING] THREE.WebGLRenderer: Texture marked for update but image is incomplete @ https://app.spline.design/assets/chunks/chunk-C1GBGJcI.js:4
[    6306ms] [WARNING] THREE.WebGLRenderer: Texture marked for update but image is incomplete @ https://app.spline.design/assets/chunks/chunk-C1GBGJcI.js:4
[    6318ms] [WARNING] THREE.WebGLRenderer: Texture marked for update but image is incomplete @ https://app.spline.design/assets/chunks/chunk-C1GBGJcI.js:4
[    6333ms] [WARNING] THREE.WebGLRenderer: Texture marked for update but image is incomplete @ https://app.spline.design/assets/chunks/chunk-C1GBGJcI.js:4
[    6345ms] [WARNING] THREE.WebGLRenderer: Texture marked for update but image is incomplete @ https://app.spline.design/assets/chunks/chunk-C1GBGJcI.js:4
[    6359ms] [WARNING] THREE.WebGLRenderer: Texture marked for update but image is incomplete @ https://app.spline.design/assets/chunks/chunk-C1GBGJcI.js:4
[    6363ms] [WARNING] too many retries @ https://app.spline.design/assets/chunks/chunk-C1GBGJcI.js:4
[    6364ms] [WARNING] too many retries @ https://app.spline.design/assets/chunks/chunk-C1GBGJcI.js:4
[    6371ms] [WARNING] THREE.WebGLRenderer: Texture marked for update but image is incomplete @ https://app.spline.design/assets/chunks/chunk-C1GBGJcI.js:4
[    6387ms] [WARNING] THREE.WebGLRenderer: Texture marked for update but image is incomplete @ https://app.spline.design/assets/chunks/chunk-C1GBGJcI.js:4
[    6397ms] [WARNING] THREE.WebGLRenderer: Texture marked for update but image is incomplete @ https://app.spline.design/assets/chunks/chunk-C1GBGJcI.js:4
[    6412ms] [WARNING] THREE.WebGLRenderer: Texture marked for update but image is incomplete @ https://app.spline.design/assets/chunks/chunk-C1GBGJcI.js:4
[    6425ms] [WARNING] THREE.WebGLRenderer: Texture marked for update but image is incomplete @ https://app.spline.design/assets/chunks/chunk-C1GBGJcI.js:4
[    6439ms] [WARNING] THREE.WebGLRenderer: Texture marked for update but image is incomplete @ https://app.spline.design/assets/chunks/chunk-C1GBGJcI.js:4
[    6451ms] [WARNING] THREE.WebGLRenderer: Texture marked for update but image is incomplete @ https://app.spline.design/assets/chunks/chunk-C1GBGJcI.js:4
[    6466ms] [WARNING] THREE.WebGLRenderer: Texture marked for update but image is incomplete @ https://app.spline.design/assets/chunks/chunk-C1GBGJcI.js:4
[    6478ms] [WARNING] THREE.WebGLRenderer: Texture marked for update but image is incomplete @ https://app.spline.design/assets/chunks/chunk-C1GBGJcI.js:4
[    6493ms] [WARNING] THREE.WebGLRenderer: Texture marked for update but image is incomplete @ https://app.spline.design/assets/chunks/chunk-C1GBGJcI.js:4
[    6505ms] [WARNING] THREE.WebGLRenderer: Texture marked for update but image is incomplete @ https://app.spline.design/assets/chunks/chunk-C1GBGJcI.js:4
[    6519ms] [WARNING] THREE.WebGLRenderer: Texture marked for update but image is incomplete @ https://app.spline.design/assets/chunks/chunk-C1GBGJcI.js:4
[    6531ms] [WARNING] THREE.WebGLRenderer: Texture marked for update but image is incomplete @ https://app.spline.design/assets/chunks/chunk-C1GBGJcI.js:4
[    6546ms] [WARNING] THREE.WebGLRenderer: Texture marked for update but image is incomplete @ https://app.spline.design/assets/chunks/chunk-C1GBGJcI.js:4
[    6557ms] [WARNING] THREE.WebGLRenderer: Texture marked for update but image is incomplete @ https://app.spline.design/assets/chunks/chunk-C1GBGJcI.js:4
[    6573ms] [WARNING] THREE.WebGLRenderer: Texture marked for update but image is incomplete @ https://app.spline.design/assets/chunks/chunk-C1GBGJcI.js:4
[    6585ms] [WARNING] THREE.WebGLRenderer: Texture marked for update but image is incomplete @ https://app.spline.design/assets/chunks/chunk-C1GBGJcI.js:4
[    6645ms] [WARNING] THREE.WebGLRenderer: Texture marked for update but image is incomplete @ https://app.spline.design/assets/chunks/chunk-C1GBGJcI.js:4
[    6648ms] [WARNING] THREE.WebGLRenderer: Texture marked for update but image is incomplete @ https://app.spline.design/assets/chunks/chunk-C1GBGJcI.js:4
[    6655ms] [WARNING] THREE.WebGLRenderer: Texture marked for update but image is incomplete @ https://app.spline.design/assets/chunks/chunk-C1GBGJcI.js:4
[    6664ms] [WARNING] THREE.WebGLRenderer: Texture marked for update but image is incomplete @ https://app.spline.design/assets/chunks/chunk-C1GBGJcI.js:4
[    6677ms] [WARNING] THREE.WebGLRenderer: Texture marked for update but image is incomplete @ https://app.spline.design/assets/chunks/chunk-C1GBGJcI.js:4
[    6690ms] [WARNING] THREE.WebGLRenderer: Texture marked for update but image is incomplete @ https://app.spline.design/assets/chunks/chunk-C1GBGJcI.js:4
[    6704ms] [WARNING] THREE.WebGLRenderer: Texture marked for update but image is incomplete @ https://app.spline.design/assets/chunks/chunk-C1GBGJcI.js:4
[    6718ms] [WARNING] THREE.WebGLRenderer: Texture marked for update but image is incomplete @ https://app.spline.design/assets/chunks/chunk-C1GBGJcI.js:4
[    6732ms] [WARNING] THREE.WebGLRenderer: Texture marked for update but image is incomplete @ https://app.spline.design/assets/chunks/chunk-C1GBGJcI.js:4
[    6747ms] [WARNING] THREE.WebGLRenderer: Texture marked for update but image is incomplete @ https://app.spline.design/assets/chunks/chunk-C1GBGJcI.js:4
[    6761ms] [WARNING] THREE.WebGLRenderer: Texture marked for update but image is incomplete @ https://app.spline.design/assets/chunks/chunk-C1GBGJcI.js:4
[    6772ms] [WARNING] THREE.WebGLRenderer: Texture marked for update but image is incomplete @ https://app.spline.design/assets/chunks/chunk-C1GBGJcI.js:4
[    6784ms] [WARNING] THREE.WebGLRenderer: Texture marked for update but image is incomplete @ https://app.spline.design/assets/chunks/chunk-C1GBGJcI.js:4
[    6797ms] [WARNING] THREE.WebGLRenderer: Texture marked for update but image is incomplete @ https://app.spline.design/assets/chunks/chunk-C1GBGJcI.js:4
[    6810ms] [WARNING] THREE.WebGLRenderer: Texture marked for update but image is incomplete @ https://app.spline.design/assets/chunks/chunk-C1GBGJcI.js:4
[    6824ms] [WARNING] THREE.WebGLRenderer: Texture marked for update but image is incomplete @ https://app.spline.design/assets/chunks/chunk-C1GBGJcI.js:4
[    6838ms] [WARNING] THREE.WebGLRenderer: Texture marked for update but image is incomplete @ https://app.spline.design/assets/chunks/chunk-C1GBGJcI.js:4
[    6851ms] [WARNING] THREE.WebGLRenderer: Texture marked for update but image is incomplete @ https://app.spline.design/assets/chunks/chunk-C1GBGJcI.js:4
[    6865ms] [WARNING] THREE.WebGLRenderer: Texture marked for update but image is incomplete @ https://app.spline.design/assets/chunks/chunk-C1GBGJcI.js:4
[    6877ms] [WARNING] THREE.WebGLRenderer: Texture marked for update but image is incomplete @ https://app.spline.design/assets/chunks/chunk-C1GBGJcI.js:4
[    6890ms] [WARNING] THREE.WebGLRenderer: Texture marked for update but image is incomplete @ https://app.spline.design/assets/chunks/chunk-C1GBGJcI.js:4
[    6904ms] [WARNING] THREE.WebGLRenderer: Texture marked for update but image is incomplete @ https://app.spline.design/assets/chunks/chunk-C1GBGJcI.js:4
[    6917ms] [WARNING] THREE.WebGLRenderer: Texture marked for update but image is incomplete @ https://app.spline.design/assets/chunks/chunk-C1GBGJcI.js:4
[    6930ms] [WARNING] THREE.WebGLRenderer: Texture marked for update but image is incomplete @ https://app.spline.design/assets/chunks/chunk-C1GBGJcI.js:4
[    6943ms] [WARNING] THREE.WebGLRenderer: Texture marked for update but image is incomplete @ https://app.spline.design/assets/chunks/chunk-C1GBGJcI.js:4
[    6957ms] [WARNING] THREE.WebGLRenderer: Texture marked for update but image is incomplete @ https://app.spline.design/assets/chunks/chunk-C1GBGJcI.js:4
[    6971ms] [WARNING] THREE.WebGLRenderer: Texture marked for update but image is incomplete @ https://app.spline.design/assets/chunks/chunk-C1GBGJcI.js:4
[    6984ms] [WARNING] THREE.WebGLRenderer: Texture marked for update but image is incomplete @ https://app.spline.design/assets/chunks/chunk-C1GBGJcI.js:4
[    6997ms] [WARNING] THREE.WebGLRenderer: Texture marked for update but image is incomplete @ https://app.spline.design/assets/chunks/chunk-C1GBGJcI.js:4
[    7011ms] [WARNING] THREE.WebGLRenderer: Texture marked for update but image is incomplete @ https://app.spline.design/assets/chunks/chunk-C1GBGJcI.js:4
[    7023ms] [WARNING] THREE.WebGLRenderer: Texture marked for update but image is incomplete @ https://app.spline.design/assets/chunks/chunk-C1GBGJcI.js:4
[    7037ms] [WARNING] THREE.WebGLRenderer: Texture marked for update but image is incomplete @ https://app.spline.design/assets/chunks/chunk-C1GBGJcI.js:4
[    7050ms] [WARNING] THREE.WebGLRenderer: Texture marked for update but image is incomplete @ https://app.spline.design/assets/chunks/chunk-C1GBGJcI.js:4
[    7064ms] [WARNING] THREE.WebGLRenderer: Texture marked for update but image is incomplete @ https://app.spline.design/assets/chunks/chunk-C1GBGJcI.js:4
[    7076ms] [WARNING] THREE.WebGLRenderer: Texture marked for update but image is incomplete @ https://app.spline.design/assets/chunks/chunk-C1GBGJcI.js:4
[    7090ms] [WARNING] THREE.WebGLRenderer: Texture marked for update but image is incomplete @ https://app.spline.design/assets/chunks/chunk-C1GBGJcI.js:4
[    7104ms] [WARNING] THREE.WebGLRenderer: Texture marked for update but image is incomplete @ https://app.spline.design/assets/chunks/chunk-C1GBGJcI.js:4
[    7118ms] [WARNING] THREE.WebGLRenderer: Texture marked for update but image is incomplete @ https://app.spline.design/assets/chunks/chunk-C1GBGJcI.js:4
[    7131ms] [WARNING] THREE.WebGLRenderer: Texture marked for update but image is incomplete @ https://app.spline.design/assets/chunks/chunk-C1GBGJcI.js:4
[    7144ms] [WARNING] THREE.WebGLRenderer: Texture marked for update but image is incomplete @ https://app.spline.design/assets/chunks/chunk-C1GBGJcI.js:4
[    7169ms] [WARNING] THREE.WebGLRenderer: Texture marked for update but image is incomplete @ https://app.spline.design/assets/chunks/chunk-C1GBGJcI.js:4
[    7194ms] [WARNING] THREE.WebGLRenderer: Texture marked for update but image is incomplete @ https://app.spline.design/assets/chunks/chunk-C1GBGJcI.js:4
[    7239ms] [WARNING] THREE.WebGLRenderer: Texture marked for update but image is incomplete @ https://app.spline.design/assets/chunks/chunk-C1GBGJcI.js:4
[    7246ms] [WARNING] THREE.WebGLRenderer: Texture marked for update but image is incomplete @ https://app.spline.design/assets/chunks/chunk-C1GBGJcI.js:4
[    7253ms] [WARNING] THREE.WebGLRenderer: Texture marked for update but image is incomplete @ https://app.spline.design/assets/chunks/chunk-C1GBGJcI.js:4
[    7272ms] [WARNING] THREE.WebGLRenderer: Texture marked for update but image is incomplete @ https://app.spline.design/assets/chunks/chunk-C1GBGJcI.js:4
[    7278ms] [WARNING] THREE.WebGLRenderer: Texture marked for update but image is incomplete @ https://app.spline.design/assets/chunks/chunk-C1GBGJcI.js:4
[    7290ms] [WARNING] THREE.WebGLRenderer: Texture marked for update but image is incomplete @ https://app.spline.design/assets/chunks/chunk-C1GBGJcI.js:4
[    7304ms] [WARNING] THREE.WebGLRenderer: Texture marked for update but image is incomplete @ https://app.spline.design/assets/chunks/chunk-C1GBGJcI.js:4
[    7317ms] [WARNING] THREE.WebGLRenderer: Texture marked for update but image is incomplete @ https://app.spline.design/assets/chunks/chunk-C1GBGJcI.js:4
[    7331ms] [WARNING] THREE.WebGLRenderer: Texture marked for update but image is incomplete @ https://app.spline.design/assets/chunks/chunk-C1GBGJcI.js:4
[    7344ms] [WARNING] THREE.WebGLRenderer: Texture marked for update but image is incomplete @ https://app.spline.design/assets/chunks/chunk-C1GBGJcI.js:4
[    7357ms] [WARNING] THREE.WebGLRenderer: Texture marked for update but image is incomplete @ https://app.spline.design/assets/chunks/chunk-C1GBGJcI.js:4
[    7371ms] [WARNING] THREE.WebGLRenderer: Texture marked for update but image is incomplete @ https://app.spline.design/assets/chunks/chunk-C1GBGJcI.js:4
[    7384ms] [WARNING] THREE.WebGLRenderer: Texture marked for update but image is incomplete @ https://app.spline.design/assets/chunks/chunk-C1GBGJcI.js:4
[    7397ms] [WARNING] THREE.WebGLRenderer: Texture marked for update but image is incomplete @ https://app.spline.design/assets/chunks/chunk-C1GBGJcI.js:4
[    7412ms] [WARNING] THREE.WebGLRenderer: Texture marked for update but image is incomplete @ https://app.spline.design/assets/chunks/chunk-C1GBGJcI.js:4
[    7425ms] [WARNING] THREE.WebGLRenderer: Texture marked for update but image is incomplete @ https://app.spline.design/assets/chunks/chunk-C1GBGJcI.js:4
[    7437ms] [WARNING] THREE.WebGLRenderer: Texture marked for update but image is incomplete @ https://app.spline.design/assets/chunks/chunk-C1GBGJcI.js:4
[    7450ms] [WARNING] THREE.WebGLRenderer: Texture marked for update but image is incomplete @ https://app.spline.design/assets/chunks/chunk-C1GBGJcI.js:4
[    7464ms] [WARNING] THREE.WebGLRenderer: Texture marked for update but image is incomplete @ https://app.spline.design/assets/chunks/chunk-C1GBGJcI.js:4
[    7478ms] [WARNING] THREE.WebGLRenderer: Texture marked for update but image is incomplete @ https://app.spline.design/assets/chunks/chunk-C1GBGJcI.js:4
[    7544ms] [WARNING] THREE.WebGLRenderer: Texture marked for update but image is incomplete @ https://app.spline.design/assets/chunks/chunk-C1GBGJcI.js:4
[    7553ms] [WARNING] THREE.WebGLRenderer: Texture marked for update but image is incomplete @ https://app.spline.design/assets/chunks/chunk-C1GBGJcI.js:4
[    7614ms] [WARNING] THREE.WebGLRenderer: Texture marked for update but image is incomplete @ https://app.spline.design/assets/chunks/chunk-C1GBGJcI.js:4
[    7619ms] [WARNING] THREE.WebGLRenderer: Texture marked for update but image is incomplete @ https://app.spline.design/assets/chunks/chunk-C1GBGJcI.js:4
[    7624ms] [WARNING] THREE.WebGLRenderer: Texture marked for update but image is incomplete @ https://app.spline.design/assets/chunks/chunk-C1GBGJcI.js:4
[    7637ms] [WARNING] THREE.WebGLRenderer: Texture marked for update but image is incomplete @ https://app.spline.design/assets/chunks/chunk-C1GBGJcI.js:4
[    7651ms] [WARNING] THREE.WebGLRenderer: Texture marked for update but image is incomplete @ https://app.spline.design/assets/chunks/chunk-C1GBGJcI.js:4
[    7665ms] [WARNING] THREE.WebGLRenderer: Texture marked for update but image is incomplete @ https://app.spline.design/assets/chunks/chunk-C1GBGJcI.js:4
[    7678ms] [WARNING] THREE.WebGLRenderer: Texture marked for update but image is incomplete @ https://app.spline.design/assets/chunks/chunk-C1GBGJcI.js:4
[    7691ms] [WARNING] THREE.WebGLRenderer: Texture marked for update but image is incomplete @ https://app.spline.design/assets/chunks/chunk-C1GBGJcI.js:4
[    7704ms] [WARNING] THREE.WebGLRenderer: Texture marked for update but image is incomplete @ https://app.spline.design/assets/chunks/chunk-C1GBGJcI.js:4
[    7718ms] [WARNING] THREE.WebGLRenderer: Texture marked for update but image is incomplete @ https://app.spline.design/assets/chunks/chunk-C1GBGJcI.js:4
[    7731ms] [WARNING] THREE.WebGLRenderer: Texture marked for update but image is incomplete @ https://app.spline.design/assets/chunks/chunk-C1GBGJcI.js:4
[    7744ms] [WARNING] THREE.WebGLRenderer: Texture marked for update but image is incomplete @ https://app.spline.design/assets/chunks/chunk-C1GBGJcI.js:4
[    7757ms] [WARNING] THREE.WebGLRenderer: Texture marked for update but image is incomplete @ https://app.spline.design/assets/chunks/chunk-C1GBGJcI.js:4
[    7771ms] [WARNING] THREE.WebGLRenderer: Texture marked for update but image is incomplete @ https://app.spline.design/assets/chunks/chunk-C1GBGJcI.js:4
[    7784ms] [WARNING] THREE.WebGLRenderer: Texture marked for update but image is incomplete @ https://app.spline.design/assets/chunks/chunk-C1GBGJcI.js:4
[    7821ms] [WARNING] THREE.WebGLRenderer: Texture marked for update but image is incomplete @ https://app.spline.design/assets/chunks/chunk-C1GBGJcI.js:4
[    7829ms] [WARNING] THREE.WebGLRenderer: Texture marked for update but image is incomplete @ https://app.spline.design/assets/chunks/chunk-C1GBGJcI.js:4
[    7840ms] [WARNING] THREE.WebGLRenderer: Texture marked for update but image is incomplete @ https://app.spline.design/assets/chunks/chunk-C1GBGJcI.js:4
[    7850ms] [WARNING] THREE.WebGLRenderer: Texture marked for update but image is incomplete @ https://app.spline.design/assets/chunks/chunk-C1GBGJcI.js:4
[    7864ms] [WARNING] THREE.WebGLRenderer: Texture marked for update but image is incomplete @ https://app.spline.design/assets/chunks/chunk-C1GBGJcI.js:4
[    7877ms] [WARNING] THREE.WebGLRenderer: Texture marked for update but image is incomplete @ https://app.spline.design/assets/chunks/chunk-C1GBGJcI.js:4
[    7891ms] [WARNING] THREE.WebGLRenderer: Texture marked for update but image is incomplete @ https://app.spline.design/assets/chunks/chunk-C1GBGJcI.js:4
[    7904ms] [WARNING] THREE.WebGLRenderer: Texture marked for update but image is incomplete @ https://app.spline.design/assets/chunks/chunk-C1GBGJcI.js:4
[    7917ms] [WARNING] THREE.WebGLRenderer: Texture marked for update but image is incomplete @ https://app.spline.design/assets/chunks/chunk-C1GBGJcI.js:4
[    7931ms] [WARNING] THREE.WebGLRenderer: Texture marked for update but image is incomplete @ https://app.spline.design/assets/chunks/chunk-C1GBGJcI.js:4
[    7944ms] [WARNING] THREE.WebGLRenderer: Texture marked for update but image is incomplete @ https://app.spline.design/assets/chunks/chunk-C1GBGJcI.js:4
[    7957ms] [WARNING] THREE.WebGLRenderer: Texture marked for update but image is incomplete @ https://app.spline.design/assets/chunks/chunk-C1GBGJcI.js:4
[    7971ms] [WARNING] THREE.WebGLRenderer: Texture marked for update but image is incomplete @ https://app.spline.design/assets/chunks/chunk-C1GBGJcI.js:4
[    7985ms] [WARNING] THREE.WebGLRenderer: Texture marked for update but image is incomplete @ https://app.spline.design/assets/chunks/chunk-C1GBGJcI.js:4
[    7997ms] [WARNING] THREE.WebGLRenderer: Texture marked for update but image is incomplete @ https://app.spline.design/assets/chunks/chunk-C1GBGJcI.js:4
[    8011ms] [WARNING] THREE.WebGLRenderer: Texture marked for update but image is incomplete @ https://app.spline.design/assets/chunks/chunk-C1GBGJcI.js:4
[    8024ms] [WARNING] THREE.WebGLRenderer: Texture marked for update but image is incomplete @ https://app.spline.design/assets/chunks/chunk-C1GBGJcI.js:4
[    8038ms] [WARNING] THREE.WebGLRenderer: Texture marked for update but image is incomplete @ https://app.spline.design/assets/chunks/chunk-C1GBGJcI.js:4
[    8051ms] [WARNING] THREE.WebGLRenderer: Texture marked for update but image is incomplete @ https://app.spline.design/assets/chunks/chunk-C1GBGJcI.js:4
[    8065ms] [WARNING] THREE.WebGLRenderer: Texture marked for update but image is incomplete @ https://app.spline.design/assets/chunks/chunk-C1GBGJcI.js:4
[    8078ms] [WARNING] THREE.WebGLRenderer: Texture marked for update but image is incomplete @ https://app.spline.design/assets/chunks/chunk-C1GBGJcI.js:4
[    8091ms] [WARNING] THREE.WebGLRenderer: Texture marked for update but image is incomplete @ https://app.spline.design/assets/chunks/chunk-C1GBGJcI.js:4
[    8103ms] [WARNING] THREE.WebGLRenderer: Texture marked for update but image is incomplete @ https://app.spline.design/assets/chunks/chunk-C1GBGJcI.js:4
[    8118ms] [WARNING] THREE.WebGLRenderer: Texture marked for update but image is incomplete @ https://app.spline.design/assets/chunks/chunk-C1GBGJcI.js:4
[    8131ms] [WARNING] THREE.WebGLRenderer: Texture marked for update but image is incomplete @ https://app.spline.design/assets/chunks/chunk-C1GBGJcI.js:4
[    8144ms] [WARNING] THREE.WebGLRenderer: Texture marked for update but image is incomplete @ https://app.spline.design/assets/chunks/chunk-C1GBGJcI.js:4
[    8157ms] [WARNING] THREE.WebGLRenderer: Texture marked for update but image is incomplete @ https://app.spline.design/assets/chunks/chunk-C1GBGJcI.js:4
[    8171ms] [WARNING] THREE.WebGLRenderer: Texture marked for update but image is incomplete @ https://app.spline.design/assets/chunks/chunk-C1GBGJcI.js:4
[    8184ms] [WARNING] THREE.WebGLRenderer: Texture marked for update but image is incomplete @ https://app.spline.design/assets/chunks/chunk-C1GBGJcI.js:4
[    8198ms] [WARNING] THREE.WebGLRenderer: Texture marked for update but image is incomplete @ https://app.spline.design/assets/chunks/chunk-C1GBGJcI.js:4
[    8211ms] [WARNING] THREE.WebGLRenderer: Texture marked for update but image is incomplete @ https://app.spline.design/assets/chunks/chunk-C1GBGJcI.js:4
[    8224ms] [WARNING] THREE.WebGLRenderer: Texture marked for update but image is incomplete @ https://app.spline.design/assets/chunks/chunk-C1GBGJcI.js:4
[    8238ms] [WARNING] THREE.WebGLRenderer: Texture marked for update but image is incomplete @ https://app.spline.design/assets/chunks/chunk-C1GBGJcI.js:4
[    8251ms] [WARNING] THREE.WebGLRenderer: Texture marked for update but image is incomplete @ https://app.spline.design/assets/chunks/chunk-C1GBGJcI.js:4
[    8264ms] [WARNING] THREE.WebGLRenderer: Texture marked for update but image is incomplete @ https://app.spline.design/assets/chunks/chunk-C1GBGJcI.js:4
[    8278ms] [WARNING] THREE.WebGLRenderer: Texture marked for update but image is incomplete @ https://app.spline.design/assets/chunks/chunk-C1GBGJcI.js:4
[    8291ms] [WARNING] THREE.WebGLRenderer: Texture marked for update but image is incomplete @ https://app.spline.design/assets/chunks/chunk-C1GBGJcI.js:4
[    8304ms] [WARNING] THREE.WebGLRenderer: Texture marked for update but image is incomplete @ https://app.spline.design/assets/chunks/chunk-C1GBGJcI.js:4
[    8318ms] [WARNING] THREE.WebGLRenderer: Texture marked for update but image is incomplete @ https://app.spline.design/assets/chunks/chunk-C1GBGJcI.js:4
[    8331ms] [WARNING] THREE.WebGLRenderer: Texture marked for update but image is incomplete @ https://app.spline.design/assets/chunks/chunk-C1GBGJcI.js:4
[    8345ms] [WARNING] THREE.WebGLRenderer: Texture marked for update but image is incomplete @ https://app.spline.design/assets/chunks/chunk-C1GBGJcI.js:4
[    8358ms] [WARNING] THREE.WebGLRenderer: Texture marked for update but image is incomplete @ https://app.spline.design/assets/chunks/chunk-C1GBGJcI.js:4
[    8371ms] [WARNING] THREE.WebGLRenderer: Texture marked for update but image is incomplete @ https://app.spline.design/assets/chunks/chunk-C1GBGJcI.js:4
[    8384ms] [WARNING] THREE.WebGLRenderer: Texture marked for update but image is incomplete @ https://app.spline.design/assets/chunks/chunk-C1GBGJcI.js:4
[    8398ms] [WARNING] THREE.WebGLRenderer: Texture marked for update but image is incomplete @ https://app.spline.design/assets/chunks/chunk-C1GBGJcI.js:4
[    8411ms] [WARNING] THREE.WebGLRenderer: Texture marked for update but image is incomplete @ https://app.spline.design/assets/chunks/chunk-C1GBGJcI.js:4
[    8424ms] [WARNING] THREE.WebGLRenderer: Texture marked for update but image is incomplete @ https://app.spline.design/assets/chunks/chunk-C1GBGJcI.js:4
[    8437ms] [WARNING] THREE.WebGLRenderer: Texture marked for update but image is incomplete @ https://app.spline.design/assets/chunks/chunk-C1GBGJcI.js:4
[    8451ms] [WARNING] THREE.WebGLRenderer: Texture marked for update but image is incomplete @ https://app.spline.design/assets/chunks/chunk-C1GBGJcI.js:4
[    8465ms] [WARNING] THREE.WebGLRenderer: Texture marked for update but image is incomplete @ https://app.spline.design/assets/chunks/chunk-C1GBGJcI.js:4
[    8478ms] [WARNING] THREE.WebGLRenderer: Texture marked for update but image is incomplete @ https://app.spline.design/assets/chunks/chunk-C1GBGJcI.js:4
[    8491ms] [WARNING] THREE.WebGLRenderer: Texture marked for update but image is incomplete @ https://app.spline.design/assets/chunks/chunk-C1GBGJcI.js:4
[    8504ms] [WARNING] THREE.WebGLRenderer: Texture marked for update but image is incomplete @ https://app.spline.design/assets/chunks/chunk-C1GBGJcI.js:4
[    8518ms] [WARNING] THREE.WebGLRenderer: Texture marked for update but image is incomplete @ https://app.spline.design/assets/chunks/chunk-C1GBGJcI.js:4
[    8531ms] [WARNING] THREE.WebGLRenderer: Texture marked for update but image is incomplete @ https://app.spline.design/assets/chunks/chunk-C1GBGJcI.js:4
[    8545ms] [WARNING] THREE.WebGLRenderer: Texture marked for update but image is incomplete @ https://app.spline.design/assets/chunks/chunk-C1GBGJcI.js:4
[    8558ms] [WARNING] THREE.WebGLRenderer: Texture marked for update but image is incomplete @ https://app.spline.design/assets/chunks/chunk-C1GBGJcI.js:4
[    8572ms] [WARNING] THREE.WebGLRenderer: Texture marked for update but image is incomplete @ https://app.spline.design/assets/chunks/chunk-C1GBGJcI.js:4
[    8585ms] [WARNING] THREE.WebGLRenderer: Texture marked for update but image is incomplete @ https://app.spline.design/assets/chunks/chunk-C1GBGJcI.js:4
[    8598ms] [WARNING] THREE.WebGLRenderer: Texture marked for update but image is incomplete @ https://app.spline.design/assets/chunks/chunk-C1GBGJcI.js:4
[    8611ms] [WARNING] THREE.WebGLRenderer: Texture marked for update but image is incomplete @ https://app.spline.design/assets/chunks/chunk-C1GBGJcI.js:4
[    8625ms] [WARNING] THREE.WebGLRenderer: Texture marked for update but image is incomplete @ https://app.spline.design/assets/chunks/chunk-C1GBGJcI.js:4
[    8637ms] [WARNING] THREE.WebGLRenderer: Texture marked for update but image is incomplete @ https://app.spline.design/assets/chunks/chunk-C1GBGJcI.js:4
[    8654ms] [WARNING] THREE.WebGLRenderer: Texture marked for update but image is incomplete @ https://app.spline.design/assets/chunks/chunk-C1GBGJcI.js:4
[    8665ms] [WARNING] THREE.WebGLRenderer: Texture marked for update but image is incomplete @ https://app.spline.design/assets/chunks/chunk-C1GBGJcI.js:4
[    8678ms] [WARNING] THREE.WebGLRenderer: Texture marked for update but image is incomplete @ https://app.spline.design/assets/chunks/chunk-C1GBGJcI.js:4
[    8691ms] [WARNING] THREE.WebGLRenderer: Texture marked for update but image is incomplete @ https://app.spline.design/assets/chunks/chunk-C1GBGJcI.js:4
[    8704ms] [WARNING] THREE.WebGLRenderer: Texture marked for update but image is incomplete @ https://app.spline.design/assets/chunks/chunk-C1GBGJcI.js:4
[    8718ms] [WARNING] THREE.WebGLRenderer: Texture marked for update but image is incomplete @ https://app.spline.design/assets/chunks/chunk-C1GBGJcI.js:4
[    8732ms] [WARNING] THREE.WebGLRenderer: Texture marked for update but image is incomplete @ https://app.spline.design/assets/chunks/chunk-C1GBGJcI.js:4
[    8745ms] [WARNING] THREE.WebGLRenderer: Texture marked for update but image is incomplete @ https://app.spline.design/assets/chunks/chunk-C1GBGJcI.js:4
[    8758ms] [WARNING] THREE.WebGLRenderer: Texture marked for update but image is incomplete @ https://app.spline.design/assets/chunks/chunk-C1GBGJcI.js:4
[    8773ms] [WARNING] THREE.WebGLRenderer: Texture marked for update but image is incomplete @ https://app.spline.design/assets/chunks/chunk-C1GBGJcI.js:4
[    8785ms] [WARNING] THREE.WebGLRenderer: Texture marked for update but image is incomplete @ https://app.spline.design/assets/chunks/chunk-C1GBGJcI.js:4
[    8798ms] [WARNING] THREE.WebGLRenderer: Texture marked for update but image is incomplete @ https://app.spline.design/assets/chunks/chunk-C1GBGJcI.js:4
[    8811ms] [WARNING] THREE.WebGLRenderer: Texture marked for update but image is incomplete @ https://app.spline.design/assets/chunks/chunk-C1GBGJcI.js:4
[    8824ms] [WARNING] THREE.WebGLRenderer: Texture marked for update but image is incomplete @ https://app.spline.design/assets/chunks/chunk-C1GBGJcI.js:4
[    8838ms] [WARNING] THREE.WebGLRenderer: Texture marked for update but image is incomplete @ https://app.spline.design/assets/chunks/chunk-C1GBGJcI.js:4
[    8851ms] [WARNING] THREE.WebGLRenderer: Texture marked for update but image is incomplete @ https://app.spline.design/assets/chunks/chunk-C1GBGJcI.js:4
[    8865ms] [WARNING] THREE.WebGLRenderer: Texture marked for update but image is incomplete @ https://app.spline.design/assets/chunks/chunk-C1GBGJcI.js:4
[    8880ms] [WARNING] THREE.WebGLRenderer: Texture marked for update but image is incomplete @ https://app.spline.design/assets/chunks/chunk-C1GBGJcI.js:4
[    8892ms] [WARNING] THREE.WebGLRenderer: Texture marked for update but image is incomplete @ https://app.spline.design/assets/chunks/chunk-C1GBGJcI.js:4
[    8905ms] [WARNING] THREE.WebGLRenderer: Texture marked for update but image is incomplete @ https://app.spline.design/assets/chunks/chunk-C1GBGJcI.js:4
[    8920ms] [WARNING] THREE.WebGLRenderer: Texture marked for update but image is incomplete @ https://app.spline.design/assets/chunks/chunk-C1GBGJcI.js:4
[    8932ms] [WARNING] THREE.WebGLRenderer: Texture marked for update but image is incomplete @ https://app.spline.design/assets/chunks/chunk-C1GBGJcI.js:4
[    8945ms] [WARNING] THREE.WebGLRenderer: Texture marked for update but image is incomplete @ https://app.spline.design/assets/chunks/chunk-C1GBGJcI.js:4
[    8957ms] [WARNING] THREE.WebGLRenderer: Texture marked for update but image is incomplete @ https://app.spline.design/assets/chunks/chunk-C1GBGJcI.js:4
[    8972ms] [WARNING] THREE.WebGLRenderer: Texture marked for update but image is incomplete @ https://app.spline.design/assets/chunks/chunk-C1GBGJcI.js:4
[    8985ms] [WARNING] THREE.WebGLRenderer: Texture marked for update but image is incomplete @ https://app.spline.design/assets/chunks/chunk-C1GBGJcI.js:4
[    8998ms] [WARNING] THREE.WebGLRenderer: Texture marked for update but image is incomplete @ https://app.spline.design/assets/chunks/chunk-C1GBGJcI.js:4
[    9011ms] [WARNING] THREE.WebGLRenderer: Texture marked for update but image is incomplete @ https://app.spline.design/assets/chunks/chunk-C1GBGJcI.js:4
[    9025ms] [WARNING] THREE.WebGLRenderer: Texture marked for update but image is incomplete @ https://app.spline.design/assets/chunks/chunk-C1GBGJcI.js:4
[    9038ms] [WARNING] THREE.WebGLRenderer: Texture marked for update but image is incomplete @ https://app.spline.design/assets/chunks/chunk-C1GBGJcI.js:4
[    9051ms] [WARNING] THREE.WebGLRenderer: Texture marked for update but image is incomplete @ https://app.spline.design/assets/chunks/chunk-C1GBGJcI.js:4
[    9065ms] [WARNING] THREE.WebGLRenderer: Texture marked for update but image is incomplete @ https://app.spline.design/assets/chunks/chunk-C1GBGJcI.js:4
[    9078ms] [WARNING] THREE.WebGLRenderer: Texture marked for update but image is incomplete @ https://app.spline.design/assets/chunks/chunk-C1GBGJcI.js:4
[    9091ms] [WARNING] THREE.WebGLRenderer: Texture marked for update but image is incomplete @ https://app.spline.design/assets/chunks/chunk-C1GBGJcI.js:4
[    9105ms] [WARNING] THREE.WebGLRenderer: Texture marked for update but image is incomplete @ https://app.spline.design/assets/chunks/chunk-C1GBGJcI.js:4
[    9118ms] [WARNING] THREE.WebGLRenderer: Texture marked for update but image is incomplete @ https://app.spline.design/assets/chunks/chunk-C1GBGJcI.js:4
[    9131ms] [WARNING] THREE.WebGLRenderer: Texture marked for update but image is incomplete @ https://app.spline.design/assets/chunks/chunk-C1GBGJcI.js:4
[    9145ms] [WARNING] THREE.WebGLRenderer: Texture marked for update but image is incomplete @ https://app.spline.design/assets/chunks/chunk-C1GBGJcI.js:4
[    9158ms] [WARNING] THREE.WebGLRenderer: Texture marked for update but image is incomplete @ https://app.spline.design/assets/chunks/chunk-C1GBGJcI.js:4
[    9171ms] [WARNING] THREE.WebGLRenderer: Texture marked for update but image is incomplete @ https://app.spline.design/assets/chunks/chunk-C1GBGJcI.js:4
[    9185ms] [WARNING] THREE.WebGLRenderer: Texture marked for update but image is incomplete @ https://app.spline.design/assets/chunks/chunk-C1GBGJcI.js:4
[    9199ms] [WARNING] THREE.WebGLRenderer: Texture marked for update but image is incomplete @ https://app.spline.design/assets/chunks/chunk-C1GBGJcI.js:4
[    9211ms] [WARNING] THREE.WebGLRenderer: Texture marked for update but image is incomplete @ https://app.spline.design/assets/chunks/chunk-C1GBGJcI.js:4
[    9225ms] [WARNING] THREE.WebGLRenderer: Texture marked for update but image is incomplete @ https://app.spline.design/assets/chunks/chunk-C1GBGJcI.js:4
[    9238ms] [WARNING] THREE.WebGLRenderer: Texture marked for update but image is incomplete @ https://app.spline.design/assets/chunks/chunk-C1GBGJcI.js:4
[    9251ms] [WARNING] THREE.WebGLRenderer: Texture marked for update but image is incomplete @ https://app.spline.design/assets/chunks/chunk-C1GBGJcI.js:4
[    9265ms] [WARNING] THREE.WebGLRenderer: Texture marked for update but image is incomplete @ https://app.spline.design/assets/chunks/chunk-C1GBGJcI.js:4
[    9278ms] [WARNING] THREE.WebGLRenderer: Texture marked for update but image is incomplete @ https://app.spline.design/assets/chunks/chunk-C1GBGJcI.js:4
[    9291ms] [WARNING] THREE.WebGLRenderer: Texture marked for update but image is incomplete @ https://app.spline.design/assets/chunks/chunk-C1GBGJcI.js:4
[    9305ms] [WARNING] THREE.WebGLRenderer: Texture marked for update but image is incomplete @ https://app.spline.design/assets/chunks/chunk-C1GBGJcI.js:4
[    9318ms] [WARNING] THREE.WebGLRenderer: Texture marked for update but image is incomplete @ https://app.spline.design/assets/chunks/chunk-C1GBGJcI.js:4
[    9331ms] [WARNING] THREE.WebGLRenderer: Texture marked for update but image is incomplete @ https://app.spline.design/assets/chunks/chunk-C1GBGJcI.js:4
[    9345ms] [WARNING] THREE.WebGLRenderer: Texture marked for update but image is incomplete @ https://app.spline.design/assets/chunks/chunk-C1GBGJcI.js:4
[    9358ms] [WARNING] THREE.WebGLRenderer: Texture marked for update but image is incomplete @ https://app.spline.design/assets/chunks/chunk-C1GBGJcI.js:4
[    9371ms] [WARNING] THREE.WebGLRenderer: Texture marked for update but image is incomplete @ https://app.spline.design/assets/chunks/chunk-C1GBGJcI.js:4
[    9384ms] [WARNING] THREE.WebGLRenderer: Texture marked for update but image is incomplete @ https://app.spline.design/assets/chunks/chunk-C1GBGJcI.js:4
[    9401ms] [WARNING] THREE.WebGLRenderer: Texture marked for update but image is incomplete @ https://app.spline.design/assets/chunks/chunk-C1GBGJcI.js:4
[    9411ms] [WARNING] THREE.WebGLRenderer: Texture marked for update but image is incomplete @ https://app.spline.design/assets/chunks/chunk-C1GBGJcI.js:4
[    9426ms] [WARNING] THREE.WebGLRenderer: Texture marked for update but image is incomplete @ https://app.spline.design/assets/chunks/chunk-C1GBGJcI.js:4
[    9438ms] [WARNING] THREE.WebGLRenderer: Texture marked for update but image is incomplete @ https://app.spline.design/assets/chunks/chunk-C1GBGJcI.js:4
[    9452ms] [WARNING] THREE.WebGLRenderer: Texture marked for update but image is incomplete @ https://app.spline.design/assets/chunks/chunk-C1GBGJcI.js:4
[    9465ms] [WARNING] THREE.WebGLRenderer: Texture marked for update but image is incomplete @ https://app.spline.design/assets/chunks/chunk-C1GBGJcI.js:4
[    9478ms] [WARNING] THREE.WebGLRenderer: Texture marked for update but image is incomplete @ https://app.spline.design/assets/chunks/chunk-C1GBGJcI.js:4
[    9491ms] [WARNING] THREE.WebGLRenderer: Texture marked for update but image is incomplete @ https://app.spline.design/assets/chunks/chunk-C1GBGJcI.js:4
[    9505ms] [WARNING] THREE.WebGLRenderer: Texture marked for update but image is incomplete @ https://app.spline.design/assets/chunks/chunk-C1GBGJcI.js:4
[    9518ms] [WARNING] THREE.WebGLRenderer: Texture marked for update but image is incomplete @ https://app.spline.design/assets/chunks/chunk-C1GBGJcI.js:4
[    9531ms] [WARNING] THREE.WebGLRenderer: Texture marked for update but image is incomplete @ https://app.spline.design/assets/chunks/chunk-C1GBGJcI.js:4
[    9545ms] [WARNING] THREE.WebGLRenderer: Texture marked for update but image is incomplete @ https://app.spline.design/assets/chunks/chunk-C1GBGJcI.js:4
[    9558ms] [WARNING] THREE.WebGLRenderer: Texture marked for update but image is incomplete @ https://app.spline.design/assets/chunks/chunk-C1GBGJcI.js:4
[    9572ms] [WARNING] THREE.WebGLRenderer: Texture marked for update but image is incomplete @ https://app.spline.design/assets/chunks/chunk-C1GBGJcI.js:4
[    9585ms] [WARNING] THREE.WebGLRenderer: Texture marked for update but image is incomplete @ https://app.spline.design/assets/chunks/chunk-C1GBGJcI.js:4
[    9598ms] [WARNING] THREE.WebGLRenderer: Texture marked for update but image is incomplete @ https://app.spline.design/assets/chunks/chunk-C1GBGJcI.js:4
[    9612ms] [WARNING] THREE.WebGLRenderer: Texture marked for update but image is incomplete @ https://app.spline.design/assets/chunks/chunk-C1GBGJcI.js:4
[    9625ms] [WARNING] THREE.WebGLRenderer: Texture marked for update but image is incomplete @ https://app.spline.design/assets/chunks/chunk-C1GBGJcI.js:4
[    9639ms] [WARNING] THREE.WebGLRenderer: Texture marked for update but image is incomplete @ https://app.spline.design/assets/chunks/chunk-C1GBGJcI.js:4
[    9651ms] [WARNING] THREE.WebGLRenderer: Texture marked for update but image is incomplete @ https://app.spline.design/assets/chunks/chunk-C1GBGJcI.js:4
[    9665ms] [WARNING] THREE.WebGLRenderer: Texture marked for update but image is incomplete @ https://app.spline.design/assets/chunks/chunk-C1GBGJcI.js:4
[    9678ms] [WARNING] THREE.WebGLRenderer: Texture marked for update but image is incomplete @ https://app.spline.design/assets/chunks/chunk-C1GBGJcI.js:4
[    9691ms] [WARNING] THREE.WebGLRenderer: Texture marked for update but image is incomplete @ https://app.spline.design/assets/chunks/chunk-C1GBGJcI.js:4
[    9705ms] [WARNING] THREE.WebGLRenderer: Texture marked for update but image is incomplete @ https://app.spline.design/assets/chunks/chunk-C1GBGJcI.js:4
[    9718ms] [WARNING] THREE.WebGLRenderer: Texture marked for update but image is incomplete @ https://app.spline.design/assets/chunks/chunk-C1GBGJcI.js:4
[    9731ms] [WARNING] THREE.WebGLRenderer: Texture marked for update but image is incomplete @ https://app.spline.design/assets/chunks/chunk-C1GBGJcI.js:4
[    9745ms] [WARNING] THREE.WebGLRenderer: Texture marked for update but image is incomplete @ https://app.spline.design/assets/chunks/chunk-C1GBGJcI.js:4
[    9758ms] [WARNING] THREE.WebGLRenderer: Texture marked for update but image is incomplete @ https://app.spline.design/assets/chunks/chunk-C1GBGJcI.js:4
[    9772ms] [WARNING] THREE.WebGLRenderer: Texture marked for update but image is incomplete @ https://app.spline.design/assets/chunks/chunk-C1GBGJcI.js:4
[    9785ms] [WARNING] THREE.WebGLRenderer: Texture marked for update but image is incomplete @ https://app.spline.design/assets/chunks/chunk-C1GBGJcI.js:4
[    9798ms] [WARNING] THREE.WebGLRenderer: Texture marked for update but image is incomplete @ https://app.spline.design/assets/chunks/chunk-C1GBGJcI.js:4
[    9811ms] [WARNING] THREE.WebGLRenderer: Texture marked for update but image is incomplete @ https://app.spline.design/assets/chunks/chunk-C1GBGJcI.js:4
[    9825ms] [WARNING] THREE.WebGLRenderer: Texture marked for update but image is incomplete @ https://app.spline.design/assets/chunks/chunk-C1GBGJcI.js:4
[    9838ms] [WARNING] THREE.WebGLRenderer: Texture marked for update but image is incomplete @ https://app.spline.design/assets/chunks/chunk-C1GBGJcI.js:4
[    9851ms] [WARNING] THREE.WebGLRenderer: Texture marked for update but image is incomplete @ https://app.spline.design/assets/chunks/chunk-C1GBGJcI.js:4
[    9865ms] [WARNING] THREE.WebGLRenderer: Texture marked for update but image is incomplete @ https://app.spline.design/assets/chunks/chunk-C1GBGJcI.js:4
[    9878ms] [WARNING] THREE.WebGLRenderer: Texture marked for update but image is incomplete @ https://app.spline.design/assets/chunks/chunk-C1GBGJcI.js:4
[    9891ms] [WARNING] THREE.WebGLRenderer: Texture marked for update but image is incomplete @ https://app.spline.design/assets/chunks/chunk-C1GBGJcI.js:4
[    9905ms] [WARNING] THREE.WebGLRenderer: Texture marked for update but image is incomplete @ https://app.spline.design/assets/chunks/chunk-C1GBGJcI.js:4
[    9918ms] [WARNING] THREE.WebGLRenderer: Texture marked for update but image is incomplete @ https://app.spline.design/assets/chunks/chunk-C1GBGJcI.js:4
[    9932ms] [WARNING] THREE.WebGLRenderer: Texture marked for update but image is incomplete @ https://app.spline.design/assets/chunks/chunk-C1GBGJcI.js:4
[    9945ms] [WARNING] THREE.WebGLRenderer: Texture marked for update but image is incomplete @ https://app.spline.design/assets/chunks/chunk-C1GBGJcI.js:4
[    9958ms] [WARNING] THREE.WebGLRenderer: Texture marked for update but image is incomplete @ https://app.spline.design/assets/chunks/chunk-C1GBGJcI.js:4
[    9973ms] [WARNING] THREE.WebGLRenderer: Texture marked for update but image is incomplete @ https://app.spline.design/assets/chunks/chunk-C1GBGJcI.js:4
[    9986ms] [WARNING] THREE.WebGLRenderer: Texture marked for update but image is incomplete @ https://app.spline.design/assets/chunks/chunk-C1GBGJcI.js:4
[    9999ms] [WARNING] THREE.WebGLRenderer: Texture marked for update but image is incomplete @ https://app.spline.design/assets/chunks/chunk-C1GBGJcI.js:4
[   10012ms] [WARNING] THREE.WebGLRenderer: Texture marked for update but image is incomplete @ https://app.spline.design/assets/chunks/chunk-C1GBGJcI.js:4
[   10025ms] [WARNING] THREE.WebGLRenderer: Texture marked for update but image is incomplete @ https://app.spline.design/assets/chunks/chunk-C1GBGJcI.js:4
[   10039ms] [WARNING] THREE.WebGLRenderer: Texture marked for update but image is incomplete @ https://app.spline.design/assets/chunks/chunk-C1GBGJcI.js:4
[   10052ms] [WARNING] THREE.WebGLRenderer: Texture marked for update but image is incomplete @ https://app.spline.design/assets/chunks/chunk-C1GBGJcI.js:4
[   10065ms] [WARNING] THREE.WebGLRenderer: Texture marked for update but image is incomplete @ https://app.spline.design/assets/chunks/chunk-C1GBGJcI.js:4
[   10079ms] [WARNING] THREE.WebGLRenderer: Texture marked for update but image is incomplete @ https://app.spline.design/assets/chunks/chunk-C1GBGJcI.js:4
[   10091ms] [WARNING] THREE.WebGLRenderer: Texture marked for update but image is incomplete @ https://app.spline.design/assets/chunks/chunk-C1GBGJcI.js:4
[   10106ms] [WARNING] THREE.WebGLRenderer: Texture marked for update but image is incomplete @ https://app.spline.design/assets/chunks/chunk-C1GBGJcI.js:4
[   10118ms] [WARNING] THREE.WebGLRenderer: Texture marked for update but image is incomplete @ https://app.spline.design/assets/chunks/chunk-C1GBGJcI.js:4
[   10133ms] [WARNING] THREE.WebGLRenderer: Texture marked for update but image is incomplete @ https://app.spline.design/assets/chunks/chunk-C1GBGJcI.js:4
[   10145ms] [WARNING] THREE.WebGLRenderer: Texture marked for update but image is incomplete @ https://app.spline.design/assets/chunks/chunk-C1GBGJcI.js:4
[   10158ms] [WARNING] THREE.WebGLRenderer: Texture marked for update but image is incomplete @ https://app.spline.design/assets/chunks/chunk-C1GBGJcI.js:4
[   10172ms] [WARNING] THREE.WebGLRenderer: Texture marked for update but image is incomplete @ https://app.spline.design/assets/chunks/chunk-C1GBGJcI.js:4
[   10185ms] [WARNING] THREE.WebGLRenderer: Texture marked for update but image is incomplete @ https://app.spline.design/assets/chunks/chunk-C1GBGJcI.js:4
[   10199ms] [WARNING] THREE.WebGLRenderer: Texture marked for update but image is incomplete @ https://app.spline.design/assets/chunks/chunk-C1GBGJcI.js:4
[   10212ms] [WARNING] THREE.WebGLRenderer: Texture marked for update but image is incomplete @ https://app.spline.design/assets/chunks/chunk-C1GBGJcI.js:4
[   10225ms] [WARNING] THREE.WebGLRenderer: Texture marked for update but image is incomplete @ https://app.spline.design/assets/chunks/chunk-C1GBGJcI.js:4
[   10239ms] [WARNING] THREE.WebGLRenderer: Texture marked for update but image is incomplete @ https://app.spline.design/assets/chunks/chunk-C1GBGJcI.js:4
[   10252ms] [WARNING] THREE.WebGLRenderer: Texture marked for update but image is incomplete @ https://app.spline.design/assets/chunks/chunk-C1GBGJcI.js:4
[   10266ms] [WARNING] THREE.WebGLRenderer: Texture marked for update but image is incomplete @ https://app.spline.design/assets/chunks/chunk-C1GBGJcI.js:4
[   10278ms] [WARNING] THREE.WebGLRenderer: Texture marked for update but image is incomplete @ https://app.spline.design/assets/chunks/chunk-C1GBGJcI.js:4
[   10291ms] [WARNING] THREE.WebGLRenderer: Texture marked for update but image is incomplete @ https://app.spline.design/assets/chunks/chunk-C1GBGJcI.js:4
[   10306ms] [WARNING] THREE.WebGLRenderer: Texture marked for update but image is incomplete @ https://app.spline.design/assets/chunks/chunk-C1GBGJcI.js:4
[   10318ms] [WARNING] THREE.WebGLRenderer: Texture marked for update but image is incomplete @ https://app.spline.design/assets/chunks/chunk-C1GBGJcI.js:4
[   10332ms] [WARNING] THREE.WebGLRenderer: Texture marked for update but image is incomplete @ https://app.spline.design/assets/chunks/chunk-C1GBGJcI.js:4
[   10345ms] [WARNING] THREE.WebGLRenderer: Texture marked for update but image is incomplete @ https://app.spline.design/assets/chunks/chunk-C1GBGJcI.js:4
[   10358ms] [WARNING] THREE.WebGLRenderer: Texture marked for update but image is incomplete @ https://app.spline.design/assets/chunks/chunk-C1GBGJcI.js:4
[   10373ms] [WARNING] THREE.WebGLRenderer: Texture marked for update but image is incomplete @ https://app.spline.design/assets/chunks/chunk-C1GBGJcI.js:4
[   10386ms] [WARNING] THREE.WebGLRenderer: Texture marked for update but image is incomplete @ https://app.spline.design/assets/chunks/chunk-C1GBGJcI.js:4
[   10399ms] [WARNING] THREE.WebGLRenderer: Texture marked for update but image is incomplete @ https://app.spline.design/assets/chunks/chunk-C1GBGJcI.js:4
[   10412ms] [WARNING] THREE.WebGLRenderer: Texture marked for update but image is incomplete @ https://app.spline.design/assets/chunks/chunk-C1GBGJcI.js:4
[   10425ms] [WARNING] THREE.WebGLRenderer: Texture marked for update but image is incomplete @ https://app.spline.design/assets/chunks/chunk-C1GBGJcI.js:4
[   10439ms] [WARNING] THREE.WebGLRenderer: Texture marked for update but image is incomplete @ https://app.spline.design/assets/chunks/chunk-C1GBGJcI.js:4
[   10451ms] [WARNING] THREE.WebGLRenderer: Texture marked for update but image is incomplete @ https://app.spline.design/assets/chunks/chunk-C1GBGJcI.js:4
[   10465ms] [WARNING] THREE.WebGLRenderer: Texture marked for update but image is incomplete @ https://app.spline.design/assets/chunks/chunk-C1GBGJcI.js:4
[   10479ms] [WARNING] THREE.WebGLRenderer: Texture marked for update but image is incomplete @ https://app.spline.design/assets/chunks/chunk-C1GBGJcI.js:4
[   10491ms] [WARNING] THREE.WebGLRenderer: Texture marked for update but image is incomplete @ https://app.spline.design/assets/chunks/chunk-C1GBGJcI.js:4
[   10505ms] [WARNING] THREE.WebGLRenderer: Texture marked for update but image is incomplete @ https://app.spline.design/assets/chunks/chunk-C1GBGJcI.js:4
[   10518ms] [WARNING] THREE.WebGLRenderer: Texture marked for update but image is incomplete @ https://app.spline.design/assets/chunks/chunk-C1GBGJcI.js:4
[   10532ms] [WARNING] THREE.WebGLRenderer: Texture marked for update but image is incomplete @ https://app.spline.design/assets/chunks/chunk-C1GBGJcI.js:4
[   10545ms] [WARNING] THREE.WebGLRenderer: Texture marked for update but image is incomplete @ https://app.spline.design/assets/chunks/chunk-C1GBGJcI.js:4
[   10558ms] [WARNING] THREE.WebGLRenderer: Texture marked for update but image is incomplete @ https://app.spline.design/assets/chunks/chunk-C1GBGJcI.js:4
[   10572ms] [WARNING] THREE.WebGLRenderer: Texture marked for update but image is incomplete @ https://app.spline.design/assets/chunks/chunk-C1GBGJcI.js:4
[   10585ms] [WARNING] THREE.WebGLRenderer: Texture marked for update but image is incomplete @ https://app.spline.design/assets/chunks/chunk-C1GBGJcI.js:4
[   10598ms] [WARNING] THREE.WebGLRenderer: Texture marked for update but image is incomplete @ https://app.spline.design/assets/chunks/chunk-C1GBGJcI.js:4
[   10612ms] [WARNING] THREE.WebGLRenderer: Texture marked for update but image is incomplete @ https://app.spline.design/assets/chunks/chunk-C1GBGJcI.js:4
[   10625ms] [WARNING] THREE.WebGLRenderer: Texture marked for update but image is incomplete @ https://app.spline.design/assets/chunks/chunk-C1GBGJcI.js:4
[   10638ms] [WARNING] THREE.WebGLRenderer: Texture marked for update but image is incomplete @ https://app.spline.design/assets/chunks/chunk-C1GBGJcI.js:4
[   10652ms] [WARNING] THREE.WebGLRenderer: Texture marked for update but image is incomplete @ https://app.spline.design/assets/chunks/chunk-C1GBGJcI.js:4
[   10668ms] [WARNING] THREE.WebGLRenderer: Texture marked for update but image is incomplete @ https://app.spline.design/assets/chunks/chunk-C1GBGJcI.js:4
[   10678ms] [WARNING] THREE.WebGLRenderer: Texture marked for update but image is incomplete @ https://app.spline.design/assets/chunks/chunk-C1GBGJcI.js:4
[   10692ms] [WARNING] THREE.WebGLRenderer: Texture marked for update but image is incomplete @ https://app.spline.design/assets/chunks/chunk-C1GBGJcI.js:4
[   10705ms] [WARNING] THREE.WebGLRenderer: Texture marked for update but image is incomplete @ https://app.spline.design/assets/chunks/chunk-C1GBGJcI.js:4
[   10719ms] [WARNING] THREE.WebGLRenderer: Texture marked for update but image is incomplete @ https://app.spline.design/assets/chunks/chunk-C1GBGJcI.js:4
[   10732ms] [WARNING] THREE.WebGLRenderer: Texture marked for update but image is incomplete @ https://app.spline.design/assets/chunks/chunk-C1GBGJcI.js:4
[   10745ms] [WARNING] THREE.WebGLRenderer: Texture marked for update but image is incomplete @ https://app.spline.design/assets/chunks/chunk-C1GBGJcI.js:4
[   10758ms] [WARNING] THREE.WebGLRenderer: Texture marked for update but image is incomplete @ https://app.spline.design/assets/chunks/chunk-C1GBGJcI.js:4
[   10772ms] [WARNING] THREE.WebGLRenderer: Texture marked for update but image is incomplete @ https://app.spline.design/assets/chunks/chunk-C1GBGJcI.js:4
[   10785ms] [WARNING] THREE.WebGLRenderer: Texture marked for update but image is incomplete @ https://app.spline.design/assets/chunks/chunk-C1GBGJcI.js:4
[   10799ms] [WARNING] THREE.WebGLRenderer: Texture marked for update but image is incomplete @ https://app.spline.design/assets/chunks/chunk-C1GBGJcI.js:4
[   10812ms] [WARNING] THREE.WebGLRenderer: Texture marked for update but image is incomplete @ https://app.spline.design/assets/chunks/chunk-C1GBGJcI.js:4
[   10826ms] [WARNING] THREE.WebGLRenderer: Texture marked for update but image is incomplete @ https://app.spline.design/assets/chunks/chunk-C1GBGJcI.js:4
[   10839ms] [WARNING] THREE.WebGLRenderer: Texture marked for update but image is incomplete @ https://app.spline.design/assets/chunks/chunk-C1GBGJcI.js:4
[   10852ms] [WARNING] THREE.WebGLRenderer: Texture marked for update but image is incomplete @ https://app.spline.design/assets/chunks/chunk-C1GBGJcI.js:4
[   10865ms] [WARNING] THREE.WebGLRenderer: Texture marked for update but image is incomplete @ https://app.spline.design/assets/chunks/chunk-C1GBGJcI.js:4
[   10878ms] [WARNING] THREE.WebGLRenderer: Texture marked for update but image is incomplete @ https://app.spline.design/assets/chunks/chunk-C1GBGJcI.js:4
[   10892ms] [WARNING] THREE.WebGLRenderer: Texture marked for update but image is incomplete @ https://app.spline.design/assets/chunks/chunk-C1GBGJcI.js:4
[   10905ms] [WARNING] THREE.WebGLRenderer: Texture marked for update but image is incomplete @ https://app.spline.design/assets/chunks/chunk-C1GBGJcI.js:4
[   10918ms] [WARNING] THREE.WebGLRenderer: Texture marked for update but image is incomplete @ https://app.spline.design/assets/chunks/chunk-C1GBGJcI.js:4
[   10932ms] [WARNING] THREE.WebGLRenderer: Texture marked for update but image is incomplete @ https://app.spline.design/assets/chunks/chunk-C1GBGJcI.js:4
[   10946ms] [WARNING] THREE.WebGLRenderer: Texture marked for update but image is incomplete @ https://app.spline.design/assets/chunks/chunk-C1GBGJcI.js:4
[   10958ms] [WARNING] THREE.WebGLRenderer: Texture marked for update but image is incomplete @ https://app.spline.design/assets/chunks/chunk-C1GBGJcI.js:4
[   10972ms] [WARNING] THREE.WebGLRenderer: Texture marked for update but image is incomplete @ https://app.spline.design/assets/chunks/chunk-C1GBGJcI.js:4
[   10985ms] [WARNING] THREE.WebGLRenderer: Texture marked for update but image is incomplete @ https://app.spline.design/assets/chunks/chunk-C1GBGJcI.js:4
[   10999ms] [WARNING] THREE.WebGLRenderer: Texture marked for update but image is incomplete @ https://app.spline.design/assets/chunks/chunk-C1GBGJcI.js:4
[   11013ms] [WARNING] THREE.WebGLRenderer: Texture marked for update but image is incomplete @ https://app.spline.design/assets/chunks/chunk-C1GBGJcI.js:4
[   11025ms] [WARNING] THREE.WebGLRenderer: Texture marked for update but image is incomplete @ https://app.spline.design/assets/chunks/chunk-C1GBGJcI.js:4
[   11038ms] [WARNING] THREE.WebGLRenderer: Texture marked for update but image is incomplete @ https://app.spline.design/assets/chunks/chunk-C1GBGJcI.js:4
[   11052ms] [WARNING] THREE.WebGLRenderer: Texture marked for update but image is incomplete @ https://app.spline.design/assets/chunks/chunk-C1GBGJcI.js:4
[   11066ms] [WARNING] THREE.WebGLRenderer: Texture marked for update but image is incomplete @ https://app.spline.design/assets/chunks/chunk-C1GBGJcI.js:4
[   11078ms] [WARNING] THREE.WebGLRenderer: Texture marked for update but image is incomplete @ https://app.spline.design/assets/chunks/chunk-C1GBGJcI.js:4
[   11092ms] [WARNING] THREE.WebGLRenderer: Texture marked for update but image is incomplete @ https://app.spline.design/assets/chunks/chunk-C1GBGJcI.js:4
[   11106ms] [WARNING] THREE.WebGLRenderer: Texture marked for update but image is incomplete @ https://app.spline.design/assets/chunks/chunk-C1GBGJcI.js:4
[   11118ms] [WARNING] THREE.WebGLRenderer: Texture marked for update but image is incomplete @ https://app.spline.design/assets/chunks/chunk-C1GBGJcI.js:4
[   11132ms] [WARNING] THREE.WebGLRenderer: Texture marked for update but image is incomplete @ https://app.spline.design/assets/chunks/chunk-C1GBGJcI.js:4
[   11146ms] [WARNING] THREE.WebGLRenderer: Texture marked for update but image is incomplete @ https://app.spline.design/assets/chunks/chunk-C1GBGJcI.js:4
[   11158ms] [WARNING] THREE.WebGLRenderer: Texture marked for update but image is incomplete @ https://app.spline.design/assets/chunks/chunk-C1GBGJcI.js:4
