[     111ms] [INFO] %cDownload the React DevTools for a better development experience: https://react.dev/link/react-devtools font-weight:bold @ http://localhost:3001/_next/static/chunks/node_modules_next_dist_115brz8._.js:2431
[     133ms] [LOG] [HMR] connected @ http://localhost:3001/_next/static/chunks/node_modules_next_dist_115brz8._.js:2431
[    1143ms] [WARNING] Please ensure that the container has a non-static position, like 'relative', 'fixed', or 'absolute' to ensure scroll offset is calculated correctly. @ http://localhost:3001/_next/static/chunks/node_modules_next_dist_115brz8._.js:2431
[    1207ms] [WARNING] THREE.THREE.Clock: This module has been deprecated. Please use THREE.Timer instead. @ http://localhost:3001/_next/static/chunks/node_modules_next_dist_115brz8._.js:2431
[ 3944662ms] [LOG] [Fast Refresh] rebuilding @ http://localhost:3001/_next/static/chunks/node_modules_next_dist_115brz8._.js:2431
[ 3944698ms] [LOG] [Fast Refresh] done in 61ms @ http://localhost:3001/_next/static/chunks/node_modules_next_dist_115brz8._.js:2431
[ 3966017ms] [LOG] [Fast Refresh] rebuilding @ http://localhost:3001/_next/static/chunks/node_modules_next_dist_115brz8._.js:2431
[ 3966142ms] [ERROR] ./src/app/page.tsx:5:1
Module not found: Can't resolve '@/components/sections/AboutSection'
  3 | import ServicesSection from "@/components/sections/ServicesSection";
  4 | import WorksSection from "@/components/sections/WorksSection";
> 5 | import AboutSection from "@/components/sections/AboutSection";
    | ^^^^^^^^^^^^^^^^^^^^^^^^^^^^^^^^^^^^^^^^^^^^^^^^^^^^^^^^^^^^^^
  6 | import ContactSection from "@/components/sections/ContactSection";
  7 |
  8 | export default function Home() {

Import map: aliased to relative './src/components/sections/AboutSection' inside of [project]/

https://nextjs.org/docs/messages/module-not-found @ http://localhost:3001/_next/static/chunks/node_modules_next_dist_115brz8._.js:3272
[ 3966143ms] [ERROR] ./src/app/page.tsx:6:1
Module not found: Can't resolve '@/components/sections/ContactSection'
  4 | import WorksSection from "@/components/sections/WorksSection";
  5 | import AboutSection from "@/components/sections/AboutSection";
> 6 | import ContactSection from "@/components/sections/ContactSection";
    | ^^^^^^^^^^^^^^^^^^^^^^^^^^^^^^^^^^^^^^^^^^^^^^^^^^^^^^^^^^^^^^^^^^
  7 |
  8 | export default function Home() {
  9 |   return (

Import map: aliased to relative './src/components/sections/ContactSection' inside of [project]/

https://nextjs.org/docs/messages/module-not-found @ http://localhost:3001/_next/static/chunks/node_modules_next_dist_115brz8._.js:3272
[ 3966144ms] [ERROR] ./src/app/page.tsx:2:1
Module not found: Can't resolve '@/components/sections/HeroSection'
  1 | import Navbar from "@/components/ui/Navbar";
> 2 | import HeroSection from "@/components/sections/HeroSection";
    | ^^^^^^^^^^^^^^^^^^^^^^^^^^^^^^^^^^^^^^^^^^^^^^^^^^^^^^^^^^^^
  3 | import ServicesSection from "@/components/sections/ServicesSection";
  4 | import WorksSection from "@/components/sections/WorksSection";
  5 | import AboutSection from "@/components/sections/AboutSection";

Import map: aliased to relative './src/components/sections/HeroSection' inside of [project]/

https://nextjs.org/docs/messages/module-not-found @ http://localhost:3001/_next/static/chunks/node_modules_next_dist_115brz8._.js:3272
[ 3966145ms] [ERROR] ./src/app/page.tsx:3:1
Module not found: Can't resolve '@/components/sections/ServicesSection'
  1 | import Navbar from "@/components/ui/Navbar";
  2 | import HeroSection from "@/components/sections/HeroSection";
> 3 | import ServicesSection from "@/components/sections/ServicesSection";
    | ^^^^^^^^^^^^^^^^^^^^^^^^^^^^^^^^^^^^^^^^^^^^^^^^^^^^^^^^^^^^^^^^^^^^
  4 | import WorksSection from "@/components/sections/WorksSection";
  5 | import AboutSection from "@/components/sections/AboutSection";
  6 | import ContactSection from "@/components/sections/ContactSection";

Import map: aliased to relative './src/components/sections/ServicesSection' inside of [project]/

https://nextjs.org/docs/messages/module-not-found @ http://localhost:3001/_next/static/chunks/node_modules_next_dist_115brz8._.js:3272
[ 3966145ms] [ERROR] ./src/app/page.tsx:4:1
Module not found: Can't resolve '@/components/sections/WorksSection'
  2 | import HeroSection from "@/components/sections/HeroSection";
  3 | import ServicesSection from "@/components/sections/ServicesSection";
> 4 | import WorksSection from "@/components/sections/WorksSection";
    | ^^^^^^^^^^^^^^^^^^^^^^^^^^^^^^^^^^^^^^^^^^^^^^^^^^^^^^^^^^^^^^
  5 | import AboutSection from "@/components/sections/AboutSection";
  6 | import ContactSection from "@/components/sections/ContactSection";
  7 |

Import map: aliased to relative './src/components/sections/WorksSection' inside of [project]/

https://nextjs.org/docs/messages/module-not-found @ http://localhost:3001/_next/static/chunks/node_modules_next_dist_115brz8._.js:3272
[ 3966145ms] [ERROR] ./src/app/page.tsx:1:1
Module not found: Can't resolve '@/components/ui/Navbar'
> 1 | import Navbar from "@/components/ui/Navbar";
    | ^^^^^^^^^^^^^^^^^^^^^^^^^^^^^^^^^^^^^^^^^^^^
  2 | import HeroSection from "@/components/sections/HeroSection";
  3 | import ServicesSection from "@/components/sections/ServicesSection";
  4 | import WorksSection from "@/components/sections/WorksSection";

Import map: aliased to relative './src/components/ui/Navbar' inside of [project]/

https://nextjs.org/docs/messages/module-not-found @ http://localhost:3001/_next/static/chunks/node_modules_next_dist_115brz8._.js:3272
[ 3966207ms] [ERROR] ./src/app/page.tsx:5:1
Module not found: Can't resolve '@/components/sections/AboutSection'
  3 | import ServicesSection from "@/components/sections/ServicesSection";
  4 | import WorksSection from "@/components/sections/WorksSection";
> 5 | import AboutSection from "@/components/sections/AboutSection";
    | ^^^^^^^^^^^^^^^^^^^^^^^^^^^^^^^^^^^^^^^^^^^^^^^^^^^^^^^^^^^^^^
  6 | import ContactSection from "@/components/sections/ContactSection";
  7 |
  8 | export default function Home() {

Import map: aliased to relative './src/components/sections/AboutSection' inside of [project]/

https://nextjs.org/docs/messages/module-not-found @ http://localhost:3001/_next/static/chunks/node_modules_next_dist_115brz8._.js:3272
[ 3966208ms] [ERROR] ./src/app/page.tsx:6:1
Module not found: Can't resolve '@/components/sections/ContactSection'
  4 | import WorksSection from "@/components/sections/WorksSection";
  5 | import AboutSection from "@/components/sections/AboutSection";
> 6 | import ContactSection from "@/components/sections/ContactSection";
    | ^^^^^^^^^^^^^^^^^^^^^^^^^^^^^^^^^^^^^^^^^^^^^^^^^^^^^^^^^^^^^^^^^^
  7 |
  8 | export default function Home() {
  9 |   return (

Import map: aliased to relative './src/components/sections/ContactSection' inside of [project]/

https://nextjs.org/docs/messages/module-not-found @ http://localhost:3001/_next/static/chunks/node_modules_next_dist_115brz8._.js:3272
[ 3966208ms] [ERROR] ./src/app/page.tsx:2:1
Module not found: Can't resolve '@/components/sections/HeroSection'
  1 | import Navbar from "@/components/ui/Navbar";
> 2 | import HeroSection from "@/components/sections/HeroSection";
    | ^^^^^^^^^^^^^^^^^^^^^^^^^^^^^^^^^^^^^^^^^^^^^^^^^^^^^^^^^^^^
  3 | import ServicesSection from "@/components/sections/ServicesSection";
  4 | import WorksSection from "@/components/sections/WorksSection";
  5 | import AboutSection from "@/components/sections/AboutSection";

Import map: aliased to relative './src/components/sections/HeroSection' inside of [project]/

https://nextjs.org/docs/messages/module-not-found @ http://localhost:3001/_next/static/chunks/node_modules_next_dist_115brz8._.js:3272
[ 3966208ms] [ERROR] ./src/app/page.tsx:3:1
Module not found: Can't resolve '@/components/sections/ServicesSection'
  1 | import Navbar from "@/components/ui/Navbar";
  2 | import HeroSection from "@/components/sections/HeroSection";
> 3 | import ServicesSection from "@/components/sections/ServicesSection";
    | ^^^^^^^^^^^^^^^^^^^^^^^^^^^^^^^^^^^^^^^^^^^^^^^^^^^^^^^^^^^^^^^^^^^^
  4 | import WorksSection from "@/components/sections/WorksSection";
  5 | import AboutSection from "@/components/sections/AboutSection";
  6 | import ContactSection from "@/components/sections/ContactSection";

Import map: aliased to relative './src/components/sections/ServicesSection' inside of [project]/

https://nextjs.org/docs/messages/module-not-found @ http://localhost:3001/_next/static/chunks/node_modules_next_dist_115brz8._.js:3272
[ 3966208ms] [ERROR] ./src/app/page.tsx:4:1
Module not found: Can't resolve '@/components/sections/WorksSection'
  2 | import HeroSection from "@/components/sections/HeroSection";
  3 | import ServicesSection from "@/components/sections/ServicesSection";
> 4 | import WorksSection from "@/components/sections/WorksSection";
    | ^^^^^^^^^^^^^^^^^^^^^^^^^^^^^^^^^^^^^^^^^^^^^^^^^^^^^^^^^^^^^^
  5 | import AboutSection from "@/components/sections/AboutSection";
  6 | import ContactSection from "@/components/sections/ContactSection";
  7 |

Import map: aliased to relative './src/components/sections/WorksSection' inside of [project]/

https://nextjs.org/docs/messages/module-not-found @ http://localhost:3001/_next/static/chunks/node_modules_next_dist_115brz8._.js:3272
[ 3966209ms] [ERROR] ./src/app/page.tsx:1:1
Module not found: Can't resolve '@/components/ui/Navbar'
> 1 | import Navbar from "@/components/ui/Navbar";
    | ^^^^^^^^^^^^^^^^^^^^^^^^^^^^^^^^^^^^^^^^^^^^
  2 | import HeroSection from "@/components/sections/HeroSection";
  3 | import ServicesSection from "@/components/sections/ServicesSection";
  4 | import WorksSection from "@/components/sections/WorksSection";

Import map: aliased to relative './src/components/ui/Navbar' inside of [project]/

https://nextjs.org/docs/messages/module-not-found @ http://localhost:3001/_next/static/chunks/node_modules_next_dist_115brz8._.js:3272
[ 3966443ms] [LOG] [Fast Refresh] rebuilding @ http://localhost:3001/_next/static/chunks/node_modules_next_dist_115brz8._.js:2431
[ 3967246ms] [ERROR] ./src/app/page.tsx:5:1
Module not found: Can't resolve '@/components/sections/AboutSection'
  3 | import ServicesSection from "@/components/sections/ServicesSection";
  4 | import WorksSection from "@/components/sections/WorksSection";
> 5 | import AboutSection from "@/components/sections/AboutSection";
    | ^^^^^^^^^^^^^^^^^^^^^^^^^^^^^^^^^^^^^^^^^^^^^^^^^^^^^^^^^^^^^^
  6 | import ContactSection from "@/components/sections/ContactSection";
  7 |
  8 | export default function Home() {

Import map: aliased to relative './src/components/sections/AboutSection' inside of [project]/

https://nextjs.org/docs/messages/module-not-found @ http://localhost:3001/_next/static/chunks/node_modules_next_dist_115brz8._.js:3272
[ 3967247ms] [ERROR] ./src/app/page.tsx:6:1
Module not found: Can't resolve '@/components/sections/ContactSection'
  4 | import WorksSection from "@/components/sections/WorksSection";
  5 | import AboutSection from "@/components/sections/AboutSection";
> 6 | import ContactSection from "@/components/sections/ContactSection";
    | ^^^^^^^^^^^^^^^^^^^^^^^^^^^^^^^^^^^^^^^^^^^^^^^^^^^^^^^^^^^^^^^^^^
  7 |
  8 | export default function Home() {
  9 |   return (

Import map: aliased to relative './src/components/sections/ContactSection' inside of [project]/

https://nextjs.org/docs/messages/module-not-found @ http://localhost:3001/_next/static/chunks/node_modules_next_dist_115brz8._.js:3272
[ 3967260ms] [ERROR] ./src/app/page.tsx:2:1
Module not found: Can't resolve '@/components/sections/HeroSection'
  1 | import Navbar from "@/components/ui/Navbar";
> 2 | import HeroSection from "@/components/sections/HeroSection";
    | ^^^^^^^^^^^^^^^^^^^^^^^^^^^^^^^^^^^^^^^^^^^^^^^^^^^^^^^^^^^^
  3 | import ServicesSection from "@/components/sections/ServicesSection";
  4 | import WorksSection from "@/components/sections/WorksSection";
  5 | import AboutSection from "@/components/sections/AboutSection";

Import map: aliased to relative './src/components/sections/HeroSection' inside of [project]/

https://nextjs.org/docs/messages/module-not-found @ http://localhost:3001/_next/static/chunks/node_modules_next_dist_115brz8._.js:3272
[ 3967261ms] [ERROR] ./src/app/page.tsx:3:1
Module not found: Can't resolve '@/components/sections/ServicesSection'
  1 | import Navbar from "@/components/ui/Navbar";
  2 | import HeroSection from "@/components/sections/HeroSection";
> 3 | import ServicesSection from "@/components/sections/ServicesSection";
    | ^^^^^^^^^^^^^^^^^^^^^^^^^^^^^^^^^^^^^^^^^^^^^^^^^^^^^^^^^^^^^^^^^^^^
  4 | import WorksSection from "@/components/sections/WorksSection";
  5 | import AboutSection from "@/components/sections/AboutSection";
  6 | import ContactSection from "@/components/sections/ContactSection";

Import map: aliased to relative './src/components/sections/ServicesSection' inside of [project]/

https://nextjs.org/docs/messages/module-not-found @ http://localhost:3001/_next/static/chunks/node_modules_next_dist_115brz8._.js:3272
[ 3967261ms] [ERROR] ./src/app/page.tsx:4:1
Module not found: Can't resolve '@/components/sections/WorksSection'
  2 | import HeroSection from "@/components/sections/HeroSection";
  3 | import ServicesSection from "@/components/sections/ServicesSection";
> 4 | import WorksSection from "@/components/sections/WorksSection";
    | ^^^^^^^^^^^^^^^^^^^^^^^^^^^^^^^^^^^^^^^^^^^^^^^^^^^^^^^^^^^^^^
  5 | import AboutSection from "@/components/sections/AboutSection";
  6 | import ContactSection from "@/components/sections/ContactSection";
  7 |

Import map: aliased to relative './src/components/sections/WorksSection' inside of [project]/

https://nextjs.org/docs/messages/module-not-found @ http://localhost:3001/_next/static/chunks/node_modules_next_dist_115brz8._.js:3272
[ 3967263ms] [ERROR] ./src/app/page.tsx:1:1
Module not found: Can't resolve '@/components/ui/Navbar'
> 1 | import Navbar from "@/components/ui/Navbar";
    | ^^^^^^^^^^^^^^^^^^^^^^^^^^^^^^^^^^^^^^^^^^^^
  2 | import HeroSection from "@/components/sections/HeroSection";
  3 | import ServicesSection from "@/components/sections/ServicesSection";
  4 | import WorksSection from "@/components/sections/WorksSection";

Import map: aliased to relative './src/components/ui/Navbar' inside of [project]/

https://nextjs.org/docs/messages/module-not-found @ http://localhost:3001/_next/static/chunks/node_modules_next_dist_115brz8._.js:3272
[ 3967282ms] [ERROR] ./src/app/page.tsx:5:1
Module not found: Can't resolve '@/components/sections/AboutSection'
  3 | import ServicesSection from "@/components/sections/ServicesSection";
  4 | import WorksSection from "@/components/sections/WorksSection";
> 5 | import AboutSection from "@/components/sections/AboutSection";
    | ^^^^^^^^^^^^^^^^^^^^^^^^^^^^^^^^^^^^^^^^^^^^^^^^^^^^^^^^^^^^^^
  6 | import ContactSection from "@/components/sections/ContactSection";
  7 |
  8 | export default function Home() {

Import map: aliased to relative './src/components/sections/AboutSection' inside of [project]/

https://nextjs.org/docs/messages/module-not-found @ http://localhost:3001/_next/static/chunks/node_modules_next_dist_115brz8._.js:3272
[ 3967282ms] [ERROR] ./src/app/page.tsx:6:1
Module not found: Can't resolve '@/components/sections/ContactSection'
  4 | import WorksSection from "@/components/sections/WorksSection";
  5 | import AboutSection from "@/components/sections/AboutSection";
> 6 | import ContactSection from "@/components/sections/ContactSection";
    | ^^^^^^^^^^^^^^^^^^^^^^^^^^^^^^^^^^^^^^^^^^^^^^^^^^^^^^^^^^^^^^^^^^
  7 |
  8 | export default function Home() {
  9 |   return (

Import map: aliased to relative './src/components/sections/ContactSection' inside of [project]/

https://nextjs.org/docs/messages/module-not-found @ http://localhost:3001/_next/static/chunks/node_modules_next_dist_115brz8._.js:3272
[ 3967287ms] [ERROR] ./src/app/page.tsx:2:1
Module not found: Can't resolve '@/components/sections/HeroSection'
  1 | import Navbar from "@/components/ui/Navbar";
> 2 | import HeroSection from "@/components/sections/HeroSection";
    | ^^^^^^^^^^^^^^^^^^^^^^^^^^^^^^^^^^^^^^^^^^^^^^^^^^^^^^^^^^^^
  3 | import ServicesSection from "@/components/sections/ServicesSection";
  4 | import WorksSection from "@/components/sections/WorksSection";
  5 | import AboutSection from "@/components/sections/AboutSection";

Import map: aliased to relative './src/components/sections/HeroSection' inside of [project]/

https://nextjs.org/docs/messages/module-not-found @ http://localhost:3001/_next/static/chunks/node_modules_next_dist_115brz8._.js:3272
[ 3967288ms] [ERROR] ./src/app/page.tsx:3:1
Module not found: Can't resolve '@/components/sections/ServicesSection'
  1 | import Navbar from "@/components/ui/Navbar";
  2 | import HeroSection from "@/components/sections/HeroSection";
> 3 | import ServicesSection from "@/components/sections/ServicesSection";
    | ^^^^^^^^^^^^^^^^^^^^^^^^^^^^^^^^^^^^^^^^^^^^^^^^^^^^^^^^^^^^^^^^^^^^
  4 | import WorksSection from "@/components/sections/WorksSection";
  5 | import AboutSection from "@/components/sections/AboutSection";
  6 | import ContactSection from "@/components/sections/ContactSection";

Import map: aliased to relative './src/components/sections/ServicesSection' inside of [project]/

https://nextjs.org/docs/messages/module-not-found @ http://localhost:3001/_next/static/chunks/node_modules_next_dist_115brz8._.js:3272
[ 3967288ms] [ERROR] ./src/app/page.tsx:4:1
Module not found: Can't resolve '@/components/sections/WorksSection'
  2 | import HeroSection from "@/components/sections/HeroSection";
  3 | import ServicesSection from "@/components/sections/ServicesSection";
> 4 | import WorksSection from "@/components/sections/WorksSection";
    | ^^^^^^^^^^^^^^^^^^^^^^^^^^^^^^^^^^^^^^^^^^^^^^^^^^^^^^^^^^^^^^
  5 | import AboutSection from "@/components/sections/AboutSection";
  6 | import ContactSection from "@/components/sections/ContactSection";
  7 |

Import map: aliased to relative './src/components/sections/WorksSection' inside of [project]/

https://nextjs.org/docs/messages/module-not-found @ http://localhost:3001/_next/static/chunks/node_modules_next_dist_115brz8._.js:3272
[ 3967290ms] [ERROR] ./src/app/page.tsx:1:1
Module not found: Can't resolve '@/components/ui/Navbar'
> 1 | import Navbar from "@/components/ui/Navbar";
    | ^^^^^^^^^^^^^^^^^^^^^^^^^^^^^^^^^^^^^^^^^^^^
  2 | import HeroSection from "@/components/sections/HeroSection";
  3 | import ServicesSection from "@/components/sections/ServicesSection";
  4 | import WorksSection from "@/components/sections/WorksSection";

Import map: aliased to relative './src/components/ui/Navbar' inside of [project]/

https://nextjs.org/docs/messages/module-not-found @ http://localhost:3001/_next/static/chunks/node_modules_next_dist_115brz8._.js:3272
[ 3967403ms] [LOG] [Fast Refresh] rebuilding @ http://localhost:3001/_next/static/chunks/node_modules_next_dist_115brz8._.js:2431
[ 3969386ms] [ERROR] ./src/app/page.tsx:5:1
Module not found: Can't resolve '@/components/sections/AboutSection'
  3 | import ServicesSection from "@/components/sections/ServicesSection";
  4 | import WorksSection from "@/components/sections/WorksSection";
> 5 | import AboutSection from "@/components/sections/AboutSection";
    | ^^^^^^^^^^^^^^^^^^^^^^^^^^^^^^^^^^^^^^^^^^^^^^^^^^^^^^^^^^^^^^
  6 | import ContactSection from "@/components/sections/ContactSection";
  7 |
  8 | export default function Home() {

Import map: aliased to relative './src/components/sections/AboutSection' inside of [project]/

https://nextjs.org/docs/messages/module-not-found @ http://localhost:3001/_next/static/chunks/node_modules_next_dist_115brz8._.js:3272
[ 3969387ms] [ERROR] ./src/app/page.tsx:6:1
Module not found: Can't resolve '@/components/sections/ContactSection'
  4 | import WorksSection from "@/components/sections/WorksSection";
  5 | import AboutSection from "@/components/sections/AboutSection";
> 6 | import ContactSection from "@/components/sections/ContactSection";
    | ^^^^^^^^^^^^^^^^^^^^^^^^^^^^^^^^^^^^^^^^^^^^^^^^^^^^^^^^^^^^^^^^^^
  7 |
  8 | export default function Home() {
  9 |   return (

Import map: aliased to relative './src/components/sections/ContactSection' inside of [project]/

https://nextjs.org/docs/messages/module-not-found @ http://localhost:3001/_next/static/chunks/node_modules_next_dist_115brz8._.js:3272
[ 3969387ms] [ERROR] ./src/app/page.tsx:2:1
Module not found: Can't resolve '@/components/sections/HeroSection'
  1 | import Navbar from "@/components/ui/Navbar";
> 2 | import HeroSection from "@/components/sections/HeroSection";
    | ^^^^^^^^^^^^^^^^^^^^^^^^^^^^^^^^^^^^^^^^^^^^^^^^^^^^^^^^^^^^
  3 | import ServicesSection from "@/components/sections/ServicesSection";
  4 | import WorksSection from "@/components/sections/WorksSection";
  5 | import AboutSection from "@/components/sections/AboutSection";

Import map: aliased to relative './src/components/sections/HeroSection' inside of [project]/

https://nextjs.org/docs/messages/module-not-found @ http://localhost:3001/_next/static/chunks/node_modules_next_dist_115brz8._.js:3272
[ 3969387ms] [ERROR] ./src/app/page.tsx:3:1
Module not found: Can't resolve '@/components/sections/ServicesSection'
  1 | import Navbar from "@/components/ui/Navbar";
  2 | import HeroSection from "@/components/sections/HeroSection";
> 3 | import ServicesSection from "@/components/sections/ServicesSection";
    | ^^^^^^^^^^^^^^^^^^^^^^^^^^^^^^^^^^^^^^^^^^^^^^^^^^^^^^^^^^^^^^^^^^^^
  4 | import WorksSection from "@/components/sections/WorksSection";
  5 | import AboutSection from "@/components/sections/AboutSection";
  6 | import ContactSection from "@/components/sections/ContactSection";

Import map: aliased to relative './src/components/sections/ServicesSection' inside of [project]/

https://nextjs.org/docs/messages/module-not-found @ http://localhost:3001/_next/static/chunks/node_modules_next_dist_115brz8._.js:3272
[ 3969388ms] [ERROR] ./src/app/page.tsx:4:1
Module not found: Can't resolve '@/components/sections/WorksSection'
  2 | import HeroSection from "@/components/sections/HeroSection";
  3 | import ServicesSection from "@/components/sections/ServicesSection";
> 4 | import WorksSection from "@/components/sections/WorksSection";
    | ^^^^^^^^^^^^^^^^^^^^^^^^^^^^^^^^^^^^^^^^^^^^^^^^^^^^^^^^^^^^^^
  5 | import AboutSection from "@/components/sections/AboutSection";
  6 | import ContactSection from "@/components/sections/ContactSection";
  7 |

Import map: aliased to relative './src/components/sections/WorksSection' inside of [project]/

https://nextjs.org/docs/messages/module-not-found @ http://localhost:3001/_next/static/chunks/node_modules_next_dist_115brz8._.js:3272
[ 3969388ms] [ERROR] ./src/app/page.tsx:1:1
Module not found: Can't resolve '@/components/ui/Navbar'
> 1 | import Navbar from "@/components/ui/Navbar";
    | ^^^^^^^^^^^^^^^^^^^^^^^^^^^^^^^^^^^^^^^^^^^^
  2 | import HeroSection from "@/components/sections/HeroSection";
  3 | import ServicesSection from "@/components/sections/ServicesSection";
  4 | import WorksSection from "@/components/sections/WorksSection";

Import map: aliased to relative './src/components/ui/Navbar' inside of [project]/

https://nextjs.org/docs/messages/module-not-found @ http://localhost:3001/_next/static/chunks/node_modules_next_dist_115brz8._.js:3272
[ 3970428ms] [ERROR] Failed to load resource: the server responded with a status of 500 (Internal Server Error) @ http://localhost:3001/?_rsc=wnywt:0
[ 3970484ms] [ERROR] Failed to load resource: the server responded with a status of 500 (Internal Server Error) @ http://localhost:3001/?_rsc=wnywt:0
[ 3970521ms] [ERROR] Failed to load resource: the server responded with a status of 500 (Internal Server Error) @ http://localhost:3001/:0
[ 3970754ms] [INFO] %cDownload the React DevTools for a better development experience: https://react.dev/link/react-devtools font-weight:bold @ http://localhost:3001/_next/static/chunks/node_modules_react-dom_0bruynb._.js:15305
[ 3970872ms] Error: ./src/app/page.tsx:5:1
Module not found: Can't resolve '@/components/sections/AboutSection'
  3 | import ServicesSection from "@/components/sections/ServicesSection";
  4 | import WorksSection from "@/components/sections/WorksSection";
> 5 | import AboutSection from "@/components/sections/AboutSection";
    | ^^^^^^^^^^^^^^^^^^^^^^^^^^^^^^^^^^^^^^^^^^^^^^^^^^^^^^^^^^^^^^
  6 | import ContactSection from "@/components/sections/ContactSection";
  7 |
  8 | export default function Home() {

Import map: aliased to relative './src/components/sections/AboutSection' inside of [project]/


https://nextjs.org/docs/messages/module-not-found


    at <unknown> (Error: ./src/app/page.tsx:5:1)
    at <unknown> (https://nextjs.org/docs/messages/module-not-found)
    at Object.getCompilationErrors (file://C:\projects\optisphere\node_modules\next\dist\server\dev\hot-reloader-turbopack.js:1186:59)
    at DevBundlerService.getCompilationError (file://C:\projects\optisphere\node_modules\next\dist\server\lib\dev-bundler-service.js:44:55)
    at DevServer.getCompilationError (file://C:\projects\optisphere\node_modules\next\dist\server\dev\next-dev-server.js:719:42)
    at DevServer.findPageComponents (file://C:\projects\optisphere\node_modules\next\dist\server\dev\next-dev-server.js:689:43)
    at async DevServer.renderErrorToResponseImpl (file://C:\projects\optisphere\node_modules\next\dist\server\base-server.js:1745:26)
[ 3970875ms] [LOG] [HMR] connected @ http://localhost:3001/_next/static/chunks/node_modules_next_dist_0u_w_5s._.js:1226
[ 3970893ms] [ERROR] ./src/app/page.tsx:5:1
Module not found: Can't resolve '@/components/sections/AboutSection'
  3 | import ServicesSection from "@/components/sections/ServicesSection";
  4 | import WorksSection from "@/components/sections/WorksSection";
> 5 | import AboutSection from "@/components/sections/AboutSection";
    | ^^^^^^^^^^^^^^^^^^^^^^^^^^^^^^^^^^^^^^^^^^^^^^^^^^^^^^^^^^^^^^
  6 | import ContactSection from "@/components/sections/ContactSection";
  7 |
  8 | export default function Home() {

Import map: aliased to relative './src/components/sections/AboutSection' inside of [project]/

https://nextjs.org/docs/messages/module-not-found @ http://localhost:3001/_next/static/chunks/node_modules_next_dist_0u_w_5s._.js:1945
[ 3970894ms] [ERROR] ./src/app/page.tsx:6:1
Module not found: Can't resolve '@/components/sections/ContactSection'
  4 | import WorksSection from "@/components/sections/WorksSection";
  5 | import AboutSection from "@/components/sections/AboutSection";
> 6 | import ContactSection from "@/components/sections/ContactSection";
    | ^^^^^^^^^^^^^^^^^^^^^^^^^^^^^^^^^^^^^^^^^^^^^^^^^^^^^^^^^^^^^^^^^^
  7 |
  8 | export default function Home() {
  9 |   return (

Import map: aliased to relative './src/components/sections/ContactSection' inside of [project]/

https://nextjs.org/docs/messages/module-not-found @ http://localhost:3001/_next/static/chunks/node_modules_next_dist_0u_w_5s._.js:1945
[ 3970894ms] [ERROR] ./src/app/page.tsx:2:1
Module not found: Can't resolve '@/components/sections/HeroSection'
  1 | import Navbar from "@/components/ui/Navbar";
> 2 | import HeroSection from "@/components/sections/HeroSection";
    | ^^^^^^^^^^^^^^^^^^^^^^^^^^^^^^^^^^^^^^^^^^^^^^^^^^^^^^^^^^^^
  3 | import ServicesSection from "@/components/sections/ServicesSection";
  4 | import WorksSection from "@/components/sections/WorksSection";
  5 | import AboutSection from "@/components/sections/AboutSection";

Import map: aliased to relative './src/components/sections/HeroSection' inside of [project]/

https://nextjs.org/docs/messages/module-not-found @ http://localhost:3001/_next/static/chunks/node_modules_next_dist_0u_w_5s._.js:1945
[ 3970894ms] [ERROR] ./src/app/page.tsx:3:1
Module not found: Can't resolve '@/components/sections/ServicesSection'
  1 | import Navbar from "@/components/ui/Navbar";
  2 | import HeroSection from "@/components/sections/HeroSection";
> 3 | import ServicesSection from "@/components/sections/ServicesSection";
    | ^^^^^^^^^^^^^^^^^^^^^^^^^^^^^^^^^^^^^^^^^^^^^^^^^^^^^^^^^^^^^^^^^^^^
  4 | import WorksSection from "@/components/sections/WorksSection";
  5 | import AboutSection from "@/components/sections/AboutSection";
  6 | import ContactSection from "@/components/sections/ContactSection";

Import map: aliased to relative './src/components/sections/ServicesSection' inside of [project]/

https://nextjs.org/docs/messages/module-not-found @ http://localhost:3001/_next/static/chunks/node_modules_next_dist_0u_w_5s._.js:1945
[ 3970895ms] [ERROR] ./src/app/page.tsx:4:1
Module not found: Can't resolve '@/components/sections/WorksSection'
  2 | import HeroSection from "@/components/sections/HeroSection";
  3 | import ServicesSection from "@/components/sections/ServicesSection";
> 4 | import WorksSection from "@/components/sections/WorksSection";
    | ^^^^^^^^^^^^^^^^^^^^^^^^^^^^^^^^^^^^^^^^^^^^^^^^^^^^^^^^^^^^^^
  5 | import AboutSection from "@/components/sections/AboutSection";
  6 | import ContactSection from "@/components/sections/ContactSection";
  7 |

Import map: aliased to relative './src/components/sections/WorksSection' inside of [project]/

https://nextjs.org/docs/messages/module-not-found @ http://localhost:3001/_next/static/chunks/node_modules_next_dist_0u_w_5s._.js:1945
[ 3970895ms] [ERROR] ./src/app/page.tsx:1:1
Module not found: Can't resolve '@/components/ui/Navbar'
> 1 | import Navbar from "@/components/ui/Navbar";
    | ^^^^^^^^^^^^^^^^^^^^^^^^^^^^^^^^^^^^^^^^^^^^
  2 | import HeroSection from "@/components/sections/HeroSection";
  3 | import ServicesSection from "@/components/sections/ServicesSection";
  4 | import WorksSection from "@/components/sections/WorksSection";

Import map: aliased to relative './src/components/ui/Navbar' inside of [project]/

https://nextjs.org/docs/messages/module-not-found @ http://localhost:3001/_next/static/chunks/node_modules_next_dist_0u_w_5s._.js:1945
[ 3970932ms] [ERROR] ./src/app/page.tsx:5:1
Module not found: Can't resolve '@/components/sections/AboutSection'
  3 | import ServicesSection from "@/components/sections/ServicesSection";
  4 | import WorksSection from "@/components/sections/WorksSection";
> 5 | import AboutSection from "@/components/sections/AboutSection";
    | ^^^^^^^^^^^^^^^^^^^^^^^^^^^^^^^^^^^^^^^^^^^^^^^^^^^^^^^^^^^^^^
  6 | import ContactSection from "@/components/sections/ContactSection";
  7 |
  8 | export default function Home() {

Import map: aliased to relative './src/components/sections/AboutSection' inside of [project]/

https://nextjs.org/docs/messages/module-not-found @ http://localhost:3001/_next/static/chunks/node_modules_next_dist_0u_w_5s._.js:1945
[ 3970935ms] [ERROR] ./src/app/page.tsx:6:1
Module not found: Can't resolve '@/components/sections/ContactSection'
  4 | import WorksSection from "@/components/sections/WorksSection";
  5 | import AboutSection from "@/components/sections/AboutSection";
> 6 | import ContactSection from "@/components/sections/ContactSection";
    | ^^^^^^^^^^^^^^^^^^^^^^^^^^^^^^^^^^^^^^^^^^^^^^^^^^^^^^^^^^^^^^^^^^
  7 |
  8 | export default function Home() {
  9 |   return (

Import map: aliased to relative './src/components/sections/ContactSection' inside of [project]/

https://nextjs.org/docs/messages/module-not-found @ http://localhost:3001/_next/static/chunks/node_modules_next_dist_0u_w_5s._.js:1945
[ 3970935ms] [ERROR] ./src/app/page.tsx:2:1
Module not found: Can't resolve '@/components/sections/HeroSection'
  1 | import Navbar from "@/components/ui/Navbar";
> 2 | import HeroSection from "@/components/sections/HeroSection";
    | ^^^^^^^^^^^^^^^^^^^^^^^^^^^^^^^^^^^^^^^^^^^^^^^^^^^^^^^^^^^^
  3 | import ServicesSection from "@/components/sections/ServicesSection";
  4 | import WorksSection from "@/components/sections/WorksSection";
  5 | import AboutSection from "@/components/sections/AboutSection";

Import map: aliased to relative './src/components/sections/HeroSection' inside of [project]/

https://nextjs.org/docs/messages/module-not-found @ http://localhost:3001/_next/static/chunks/node_modules_next_dist_0u_w_5s._.js:1945
[ 3970937ms] [ERROR] ./src/app/page.tsx:3:1
Module not found: Can't resolve '@/components/sections/ServicesSection'
  1 | import Navbar from "@/components/ui/Navbar";
  2 | import HeroSection from "@/components/sections/HeroSection";
> 3 | import ServicesSection from "@/components/sections/ServicesSection";
    | ^^^^^^^^^^^^^^^^^^^^^^^^^^^^^^^^^^^^^^^^^^^^^^^^^^^^^^^^^^^^^^^^^^^^
  4 | import WorksSection from "@/components/sections/WorksSection";
  5 | import AboutSection from "@/components/sections/AboutSection";
  6 | import ContactSection from "@/components/sections/ContactSection";

Import map: aliased to relative './src/components/sections/ServicesSection' inside of [project]/

https://nextjs.org/docs/messages/module-not-found @ http://localhost:3001/_next/static/chunks/node_modules_next_dist_0u_w_5s._.js:1945
[ 3970938ms] [ERROR] ./src/app/page.tsx:4:1
Module not found: Can't resolve '@/components/sections/WorksSection'
  2 | import HeroSection from "@/components/sections/HeroSection";
  3 | import ServicesSection from "@/components/sections/ServicesSection";
> 4 | import WorksSection from "@/components/sections/WorksSection";
    | ^^^^^^^^^^^^^^^^^^^^^^^^^^^^^^^^^^^^^^^^^^^^^^^^^^^^^^^^^^^^^^
  5 | import AboutSection from "@/components/sections/AboutSection";
  6 | import ContactSection from "@/components/sections/ContactSection";
  7 |

Import map: aliased to relative './src/components/sections/WorksSection' inside of [project]/

https://nextjs.org/docs/messages/module-not-found @ http://localhost:3001/_next/static/chunks/node_modules_next_dist_0u_w_5s._.js:1945
[ 3970938ms] [ERROR] ./src/app/page.tsx:1:1
Module not found: Can't resolve '@/components/ui/Navbar'
> 1 | import Navbar from "@/components/ui/Navbar";
    | ^^^^^^^^^^^^^^^^^^^^^^^^^^^^^^^^^^^^^^^^^^^^
  2 | import HeroSection from "@/components/sections/HeroSection";
  3 | import ServicesSection from "@/components/sections/ServicesSection";
  4 | import WorksSection from "@/components/sections/WorksSection";

Import map: aliased to relative './src/components/ui/Navbar' inside of [project]/

https://nextjs.org/docs/messages/module-not-found @ http://localhost:3001/_next/static/chunks/node_modules_next_dist_0u_w_5s._.js:1945
[ 3971460ms] [ERROR] ./src/app/page.tsx:5:1
Module not found: Can't resolve '@/components/sections/AboutSection'
  3 | import ServicesSection from "@/components/sections/ServicesSection";
  4 | import WorksSection from "@/components/sections/WorksSection";
> 5 | import AboutSection from "@/components/sections/AboutSection";
    | ^^^^^^^^^^^^^^^^^^^^^^^^^^^^^^^^^^^^^^^^^^^^^^^^^^^^^^^^^^^^^^
  6 | import ContactSection from "@/components/sections/ContactSection";
  7 |
  8 | export default function Home() {

Import map: aliased to relative './src/components/sections/AboutSection' inside of [project]/

https://nextjs.org/docs/messages/module-not-found @ http://localhost:3001/_next/static/chunks/node_modules_next_dist_0u_w_5s._.js:1945
[ 3971461ms] [ERROR] ./src/app/page.tsx:6:1
Module not found: Can't resolve '@/components/sections/ContactSection'
  4 | import WorksSection from "@/components/sections/WorksSection";
  5 | import AboutSection from "@/components/sections/AboutSection";
> 6 | import ContactSection from "@/components/sections/ContactSection";
    | ^^^^^^^^^^^^^^^^^^^^^^^^^^^^^^^^^^^^^^^^^^^^^^^^^^^^^^^^^^^^^^^^^^
  7 |
  8 | export default function Home() {
  9 |   return (

Import map: aliased to relative './src/components/sections/ContactSection' inside of [project]/

https://nextjs.org/docs/messages/module-not-found @ http://localhost:3001/_next/static/chunks/node_modules_next_dist_0u_w_5s._.js:1945
[ 3971461ms] [ERROR] ./src/app/page.tsx:2:1
Module not found: Can't resolve '@/components/sections/HeroSection'
  1 | import Navbar from "@/components/ui/Navbar";
> 2 | import HeroSection from "@/components/sections/HeroSection";
    | ^^^^^^^^^^^^^^^^^^^^^^^^^^^^^^^^^^^^^^^^^^^^^^^^^^^^^^^^^^^^
  3 | import ServicesSection from "@/components/sections/ServicesSection";
  4 | import WorksSection from "@/components/sections/WorksSection";
  5 | import AboutSection from "@/components/sections/AboutSection";

Import map: aliased to relative './src/components/sections/HeroSection' inside of [project]/

https://nextjs.org/docs/messages/module-not-found @ http://localhost:3001/_next/static/chunks/node_modules_next_dist_0u_w_5s._.js:1945
[ 3971461ms] [ERROR] ./src/app/page.tsx:3:1
Module not found: Can't resolve '@/components/sections/ServicesSection'
  1 | import Navbar from "@/components/ui/Navbar";
  2 | import HeroSection from "@/components/sections/HeroSection";
> 3 | import ServicesSection from "@/components/sections/ServicesSection";
    | ^^^^^^^^^^^^^^^^^^^^^^^^^^^^^^^^^^^^^^^^^^^^^^^^^^^^^^^^^^^^^^^^^^^^
  4 | import WorksSection from "@/components/sections/WorksSection";
  5 | import AboutSection from "@/components/sections/AboutSection";
  6 | import ContactSection from "@/components/sections/ContactSection";

Import map: aliased to relative './src/components/sections/ServicesSection' inside of [project]/

https://nextjs.org/docs/messages/module-not-found @ http://localhost:3001/_next/static/chunks/node_modules_next_dist_0u_w_5s._.js:1945
[ 3971461ms] [ERROR] ./src/app/page.tsx:4:1
Module not found: Can't resolve '@/components/sections/WorksSection'
  2 | import HeroSection from "@/components/sections/HeroSection";
  3 | import ServicesSection from "@/components/sections/ServicesSection";
> 4 | import WorksSection from "@/components/sections/WorksSection";
    | ^^^^^^^^^^^^^^^^^^^^^^^^^^^^^^^^^^^^^^^^^^^^^^^^^^^^^^^^^^^^^^
  5 | import AboutSection from "@/components/sections/AboutSection";
  6 | import ContactSection from "@/components/sections/ContactSection";
  7 |

Import map: aliased to relative './src/components/sections/WorksSection' inside of [project]/

https://nextjs.org/docs/messages/module-not-found @ http://localhost:3001/_next/static/chunks/node_modules_next_dist_0u_w_5s._.js:1945
[ 3971461ms] [ERROR] ./src/app/page.tsx:1:1
Module not found: Can't resolve '@/components/ui/Navbar'
> 1 | import Navbar from "@/components/ui/Navbar";
    | ^^^^^^^^^^^^^^^^^^^^^^^^^^^^^^^^^^^^^^^^^^^^
  2 | import HeroSection from "@/components/sections/HeroSection";
  3 | import ServicesSection from "@/components/sections/ServicesSection";
  4 | import WorksSection from "@/components/sections/WorksSection";

Import map: aliased to relative './src/components/ui/Navbar' inside of [project]/

https://nextjs.org/docs/messages/module-not-found @ http://localhost:3001/_next/static/chunks/node_modules_next_dist_0u_w_5s._.js:1945
[ 3971499ms] [LOG] [Fast Refresh] rebuilding @ http://localhost:3001/_next/static/chunks/node_modules_next_dist_0u_w_5s._.js:1226
[ 4298134ms] [LOG] [Fast Refresh] rebuilding @ http://localhost:3001/_next/static/chunks/node_modules_next_dist_0u_w_5s._.js:1226
[ 4298158ms] [ERROR] ./src/app/page.tsx:5:1
Module not found: Can't resolve '@/components/sections/AboutSection'
  3 | import ServicesSection from "@/components/sections/ServicesSection";
  4 | import WorksSection from "@/components/sections/WorksSection";
> 5 | import AboutSection from "@/components/sections/AboutSection";
    | ^^^^^^^^^^^^^^^^^^^^^^^^^^^^^^^^^^^^^^^^^^^^^^^^^^^^^^^^^^^^^^
  6 | import ContactSection from "@/components/sections/ContactSection";
  7 |
  8 | export default function Home() {

Import map: aliased to relative './src/components/sections/AboutSection' inside of [project]/

https://nextjs.org/docs/messages/module-not-found @ http://localhost:3001/_next/static/chunks/node_modules_next_dist_0u_w_5s._.js:1945
[ 4298158ms] [ERROR] ./src/app/page.tsx:6:1
Module not found: Can't resolve '@/components/sections/ContactSection'
  4 | import WorksSection from "@/components/sections/WorksSection";
  5 | import AboutSection from "@/components/sections/AboutSection";
> 6 | import ContactSection from "@/components/sections/ContactSection";
    | ^^^^^^^^^^^^^^^^^^^^^^^^^^^^^^^^^^^^^^^^^^^^^^^^^^^^^^^^^^^^^^^^^^
  7 |
  8 | export default function Home() {
  9 |   return (

Import map: aliased to relative './src/components/sections/ContactSection' inside of [project]/

https://nextjs.org/docs/messages/module-not-found @ http://localhost:3001/_next/static/chunks/node_modules_next_dist_0u_w_5s._.js:1945
[ 4298158ms] [ERROR] ./src/app/page.tsx:2:1
Module not found: Can't resolve '@/components/sections/HeroSection'
  1 | import Navbar from "@/components/ui/Navbar";
> 2 | import HeroSection from "@/components/sections/HeroSection";
    | ^^^^^^^^^^^^^^^^^^^^^^^^^^^^^^^^^^^^^^^^^^^^^^^^^^^^^^^^^^^^
  3 | import ServicesSection from "@/components/sections/ServicesSection";
  4 | import WorksSection from "@/components/sections/WorksSection";
  5 | import AboutSection from "@/components/sections/AboutSection";

Import map: aliased to relative './src/components/sections/HeroSection' inside of [project]/

https://nextjs.org/docs/messages/module-not-found @ http://localhost:3001/_next/static/chunks/node_modules_next_dist_0u_w_5s._.js:1945
[ 4298158ms] [ERROR] ./src/app/page.tsx:3:1
Module not found: Can't resolve '@/components/sections/ServicesSection'
  1 | import Navbar from "@/components/ui/Navbar";
  2 | import HeroSection from "@/components/sections/HeroSection";
> 3 | import ServicesSection from "@/components/sections/ServicesSection";
    | ^^^^^^^^^^^^^^^^^^^^^^^^^^^^^^^^^^^^^^^^^^^^^^^^^^^^^^^^^^^^^^^^^^^^
  4 | import WorksSection from "@/components/sections/WorksSection";
  5 | import AboutSection from "@/components/sections/AboutSection";
  6 | import ContactSection from "@/components/sections/ContactSection";

Import map: aliased to relative './src/components/sections/ServicesSection' inside of [project]/

https://nextjs.org/docs/messages/module-not-found @ http://localhost:3001/_next/static/chunks/node_modules_next_dist_0u_w_5s._.js:1945
[ 4298158ms] [ERROR] ./src/app/page.tsx:4:1
Module not found: Can't resolve '@/components/sections/WorksSection'
  2 | import HeroSection from "@/components/sections/HeroSection";
  3 | import ServicesSection from "@/components/sections/ServicesSection";
> 4 | import WorksSection from "@/components/sections/WorksSection";
    | ^^^^^^^^^^^^^^^^^^^^^^^^^^^^^^^^^^^^^^^^^^^^^^^^^^^^^^^^^^^^^^
  5 | import AboutSection from "@/components/sections/AboutSection";
  6 | import ContactSection from "@/components/sections/ContactSection";
  7 |

Import map: aliased to relative './src/components/sections/WorksSection' inside of [project]/

https://nextjs.org/docs/messages/module-not-found @ http://localhost:3001/_next/static/chunks/node_modules_next_dist_0u_w_5s._.js:1945
[ 4298158ms] [ERROR] ./src/app/page.tsx:1:1
Module not found: Can't resolve '@/components/ui/Navbar'
> 1 | import Navbar from "@/components/ui/Navbar";
    | ^^^^^^^^^^^^^^^^^^^^^^^^^^^^^^^^^^^^^^^^^^^^
  2 | import HeroSection from "@/components/sections/HeroSection";
  3 | import ServicesSection from "@/components/sections/ServicesSection";
  4 | import WorksSection from "@/components/sections/WorksSection";

Import map: aliased to relative './src/components/ui/Navbar' inside of [project]/

https://nextjs.org/docs/messages/module-not-found @ http://localhost:3001/_next/static/chunks/node_modules_next_dist_0u_w_5s._.js:1945
[ 4298208ms] [ERROR] Failed to load resource: the server responded with a status of 500 (Internal Server Error) @ http://localhost:3001/:0
[ 4298360ms] [INFO] %cDownload the React DevTools for a better development experience: https://react.dev/link/react-devtools font-weight:bold @ http://localhost:3001/_next/static/chunks/node_modules_react-dom_0bruynb._.js:15305
[ 4298468ms] Error: ./src/app/page.tsx:5:1
Module not found: Can't resolve '@/components/sections/AboutSection'
  3 | import ServicesSection from "@/components/sections/ServicesSection";
  4 | import WorksSection from "@/components/sections/WorksSection";
> 5 | import AboutSection from "@/components/sections/AboutSection";
    | ^^^^^^^^^^^^^^^^^^^^^^^^^^^^^^^^^^^^^^^^^^^^^^^^^^^^^^^^^^^^^^
  6 | import ContactSection from "@/components/sections/ContactSection";
  7 |
  8 | export default function Home() {

Import map: aliased to relative './src/components/sections/AboutSection' inside of [project]/


https://nextjs.org/docs/messages/module-not-found


    at <unknown> (Error: ./src/app/page.tsx:5:1)
    at <unknown> (https://nextjs.org/docs/messages/module-not-found)
    at Object.getCompilationErrors (file://C:\projects\optisphere\node_modules\next\dist\server\dev\hot-reloader-turbopack.js:1186:59)
    at DevBundlerService.getCompilationError (file://C:\projects\optisphere\node_modules\next\dist\server\lib\dev-bundler-service.js:44:55)
    at DevServer.getCompilationError (file://C:\projects\optisphere\node_modules\next\dist\server\dev\next-dev-server.js:719:42)
    at DevServer.findPageComponents (file://C:\projects\optisphere\node_modules\next\dist\server\dev\next-dev-server.js:689:43)
    at async DevServer.renderErrorToResponseImpl (file://C:\projects\optisphere\node_modules\next\dist\server\base-server.js:1745:26)
[ 4298469ms] [LOG] [HMR] connected @ http://localhost:3001/_next/static/chunks/node_modules_next_dist_0u_w_5s._.js:1226
[ 4298480ms] [ERROR] ./src/app/page.tsx:5:1
Module not found: Can't resolve '@/components/sections/AboutSection'
  3 | import ServicesSection from "@/components/sections/ServicesSection";
  4 | import WorksSection from "@/components/sections/WorksSection";
> 5 | import AboutSection from "@/components/sections/AboutSection";
    | ^^^^^^^^^^^^^^^^^^^^^^^^^^^^^^^^^^^^^^^^^^^^^^^^^^^^^^^^^^^^^^
  6 | import ContactSection from "@/components/sections/ContactSection";
  7 |
  8 | export default function Home() {

Import map: aliased to relative './src/components/sections/AboutSection' inside of [project]/

https://nextjs.org/docs/messages/module-not-found @ http://localhost:3001/_next/static/chunks/node_modules_next_dist_0u_w_5s._.js:1945
[ 4298481ms] [ERROR] ./src/app/page.tsx:6:1
Module not found: Can't resolve '@/components/sections/ContactSection'
  4 | import WorksSection from "@/components/sections/WorksSection";
  5 | import AboutSection from "@/components/sections/AboutSection";
> 6 | import ContactSection from "@/components/sections/ContactSection";
    | ^^^^^^^^^^^^^^^^^^^^^^^^^^^^^^^^^^^^^^^^^^^^^^^^^^^^^^^^^^^^^^^^^^
  7 |
  8 | export default function Home() {
  9 |   return (

Import map: aliased to relative './src/components/sections/ContactSection' inside of [project]/

https://nextjs.org/docs/messages/module-not-found @ http://localhost:3001/_next/static/chunks/node_modules_next_dist_0u_w_5s._.js:1945
[ 4298481ms] [ERROR] ./src/app/page.tsx:2:1
Module not found: Can't resolve '@/components/sections/HeroSection'
  1 | import Navbar from "@/components/ui/Navbar";
> 2 | import HeroSection from "@/components/sections/HeroSection";
    | ^^^^^^^^^^^^^^^^^^^^^^^^^^^^^^^^^^^^^^^^^^^^^^^^^^^^^^^^^^^^
  3 | import ServicesSection from "@/components/sections/ServicesSection";
  4 | import WorksSection from "@/components/sections/WorksSection";
  5 | import AboutSection from "@/components/sections/AboutSection";

Import map: aliased to relative './src/components/sections/HeroSection' inside of [project]/

https://nextjs.org/docs/messages/module-not-found @ http://localhost:3001/_next/static/chunks/node_modules_next_dist_0u_w_5s._.js:1945
[ 4298481ms] [ERROR] ./src/app/page.tsx:3:1
Module not found: Can't resolve '@/components/sections/ServicesSection'
  1 | import Navbar from "@/components/ui/Navbar";
  2 | import HeroSection from "@/components/sections/HeroSection";
> 3 | import ServicesSection from "@/components/sections/ServicesSection";
    | ^^^^^^^^^^^^^^^^^^^^^^^^^^^^^^^^^^^^^^^^^^^^^^^^^^^^^^^^^^^^^^^^^^^^
  4 | import WorksSection from "@/components/sections/WorksSection";
  5 | import AboutSection from "@/components/sections/AboutSection";
  6 | import ContactSection from "@/components/sections/ContactSection";

Import map: aliased to relative './src/components/sections/ServicesSection' inside of [project]/

https://nextjs.org/docs/messages/module-not-found @ http://localhost:3001/_next/static/chunks/node_modules_next_dist_0u_w_5s._.js:1945
[ 4298481ms] [ERROR] ./src/app/page.tsx:4:1
Module not found: Can't resolve '@/components/sections/WorksSection'
  2 | import HeroSection from "@/components/sections/HeroSection";
  3 | import ServicesSection from "@/components/sections/ServicesSection";
> 4 | import WorksSection from "@/components/sections/WorksSection";
    | ^^^^^^^^^^^^^^^^^^^^^^^^^^^^^^^^^^^^^^^^^^^^^^^^^^^^^^^^^^^^^^
  5 | import AboutSection from "@/components/sections/AboutSection";
  6 | import ContactSection from "@/components/sections/ContactSection";
  7 |

Import map: aliased to relative './src/components/sections/WorksSection' inside of [project]/

https://nextjs.org/docs/messages/module-not-found @ http://localhost:3001/_next/static/chunks/node_modules_next_dist_0u_w_5s._.js:1945
[ 4298481ms] [ERROR] ./src/app/page.tsx:1:1
Module not found: Can't resolve '@/components/ui/Navbar'
> 1 | import Navbar from "@/components/ui/Navbar";
    | ^^^^^^^^^^^^^^^^^^^^^^^^^^^^^^^^^^^^^^^^^^^^
  2 | import HeroSection from "@/components/sections/HeroSection";
  3 | import ServicesSection from "@/components/sections/ServicesSection";
  4 | import WorksSection from "@/components/sections/WorksSection";

Import map: aliased to relative './src/components/ui/Navbar' inside of [project]/

https://nextjs.org/docs/messages/module-not-found @ http://localhost:3001/_next/static/chunks/node_modules_next_dist_0u_w_5s._.js:1945
[ 4298509ms] [ERROR] ./src/app/page.tsx:5:1
Module not found: Can't resolve '@/components/sections/AboutSection'
  3 | import ServicesSection from "@/components/sections/ServicesSection";
  4 | import WorksSection from "@/components/sections/WorksSection";
> 5 | import AboutSection from "@/components/sections/AboutSection";
    | ^^^^^^^^^^^^^^^^^^^^^^^^^^^^^^^^^^^^^^^^^^^^^^^^^^^^^^^^^^^^^^
  6 | import ContactSection from "@/components/sections/ContactSection";
  7 |
  8 | export default function Home() {

Import map: aliased to relative './src/components/sections/AboutSection' inside of [project]/

https://nextjs.org/docs/messages/module-not-found @ http://localhost:3001/_next/static/chunks/node_modules_next_dist_0u_w_5s._.js:1945
[ 4298509ms] [ERROR] ./src/app/page.tsx:6:1
Module not found: Can't resolve '@/components/sections/ContactSection'
  4 | import WorksSection from "@/components/sections/WorksSection";
  5 | import AboutSection from "@/components/sections/AboutSection";
> 6 | import ContactSection from "@/components/sections/ContactSection";
    | ^^^^^^^^^^^^^^^^^^^^^^^^^^^^^^^^^^^^^^^^^^^^^^^^^^^^^^^^^^^^^^^^^^
  7 |
  8 | export default function Home() {
  9 |   return (

Import map: aliased to relative './src/components/sections/ContactSection' inside of [project]/

https://nextjs.org/docs/messages/module-not-found @ http://localhost:3001/_next/static/chunks/node_modules_next_dist_0u_w_5s._.js:1945
[ 4298510ms] [ERROR] ./src/app/page.tsx:2:1
Module not found: Can't resolve '@/components/sections/HeroSection'
  1 | import Navbar from "@/components/ui/Navbar";
> 2 | import HeroSection from "@/components/sections/HeroSection";
    | ^^^^^^^^^^^^^^^^^^^^^^^^^^^^^^^^^^^^^^^^^^^^^^^^^^^^^^^^^^^^
  3 | import ServicesSection from "@/components/sections/ServicesSection";
  4 | import WorksSection from "@/components/sections/WorksSection";
  5 | import AboutSection from "@/components/sections/AboutSection";

Import map: aliased to relative './src/components/sections/HeroSection' inside of [project]/

https://nextjs.org/docs/messages/module-not-found @ http://localhost:3001/_next/static/chunks/node_modules_next_dist_0u_w_5s._.js:1945
[ 4298510ms] [ERROR] ./src/app/page.tsx:3:1
Module not found: Can't resolve '@/components/sections/ServicesSection'
  1 | import Navbar from "@/components/ui/Navbar";
  2 | import HeroSection from "@/components/sections/HeroSection";
> 3 | import ServicesSection from "@/components/sections/ServicesSection";
    | ^^^^^^^^^^^^^^^^^^^^^^^^^^^^^^^^^^^^^^^^^^^^^^^^^^^^^^^^^^^^^^^^^^^^
  4 | import WorksSection from "@/components/sections/WorksSection";
  5 | import AboutSection from "@/components/sections/AboutSection";
  6 | import ContactSection from "@/components/sections/ContactSection";

Import map: aliased to relative './src/components/sections/ServicesSection' inside of [project]/

https://nextjs.org/docs/messages/module-not-found @ http://localhost:3001/_next/static/chunks/node_modules_next_dist_0u_w_5s._.js:1945
[ 4298510ms] [ERROR] ./src/app/page.tsx:4:1
Module not found: Can't resolve '@/components/sections/WorksSection'
  2 | import HeroSection from "@/components/sections/HeroSection";
  3 | import ServicesSection from "@/components/sections/ServicesSection";
> 4 | import WorksSection from "@/components/sections/WorksSection";
    | ^^^^^^^^^^^^^^^^^^^^^^^^^^^^^^^^^^^^^^^^^^^^^^^^^^^^^^^^^^^^^^
  5 | import AboutSection from "@/components/sections/AboutSection";
  6 | import ContactSection from "@/components/sections/ContactSection";
  7 |

Import map: aliased to relative './src/components/sections/WorksSection' inside of [project]/

https://nextjs.org/docs/messages/module-not-found @ http://localhost:3001/_next/static/chunks/node_modules_next_dist_0u_w_5s._.js:1945
[ 4298510ms] [ERROR] ./src/app/page.tsx:1:1
Module not found: Can't resolve '@/components/ui/Navbar'
> 1 | import Navbar from "@/components/ui/Navbar";
    | ^^^^^^^^^^^^^^^^^^^^^^^^^^^^^^^^^^^^^^^^^^^^
  2 | import HeroSection from "@/components/sections/HeroSection";
  3 | import ServicesSection from "@/components/sections/ServicesSection";
  4 | import WorksSection from "@/components/sections/WorksSection";

Import map: aliased to relative './src/components/ui/Navbar' inside of [project]/

https://nextjs.org/docs/messages/module-not-found @ http://localhost:3001/_next/static/chunks/node_modules_next_dist_0u_w_5s._.js:1945
[ 4298585ms] [LOG] [Fast Refresh] rebuilding @ http://localhost:3001/_next/static/chunks/node_modules_next_dist_0u_w_5s._.js:1226
[ 4322631ms] [LOG] [Fast Refresh] rebuilding @ http://localhost:3001/_next/static/chunks/node_modules_next_dist_0u_w_5s._.js:1226
[ 4322654ms] [ERROR] ./src/app/page.tsx:5:1
Module not found: Can't resolve '@/components/sections/AboutSection'
  3 | import ServicesSection from "@/components/sections/ServicesSection";
  4 | import WorksSection from "@/components/sections/WorksSection";
> 5 | import AboutSection from "@/components/sections/AboutSection";
    | ^^^^^^^^^^^^^^^^^^^^^^^^^^^^^^^^^^^^^^^^^^^^^^^^^^^^^^^^^^^^^^
  6 | import ContactSection from "@/components/sections/ContactSection";
  7 |
  8 | export default function Home() {

Import map: aliased to relative './src/components/sections/AboutSection' inside of [project]/

https://nextjs.org/docs/messages/module-not-found @ http://localhost:3001/_next/static/chunks/node_modules_next_dist_0u_w_5s._.js:1945
[ 4322654ms] [ERROR] ./src/app/page.tsx:6:1
Module not found: Can't resolve '@/components/sections/ContactSection'
  4 | import WorksSection from "@/components/sections/WorksSection";
  5 | import AboutSection from "@/components/sections/AboutSection";
> 6 | import ContactSection from "@/components/sections/ContactSection";
    | ^^^^^^^^^^^^^^^^^^^^^^^^^^^^^^^^^^^^^^^^^^^^^^^^^^^^^^^^^^^^^^^^^^
  7 |
  8 | export default function Home() {
  9 |   return (

Import map: aliased to relative './src/components/sections/ContactSection' inside of [project]/

https://nextjs.org/docs/messages/module-not-found @ http://localhost:3001/_next/static/chunks/node_modules_next_dist_0u_w_5s._.js:1945
[ 4322654ms] [ERROR] ./src/app/page.tsx:2:1
Module not found: Can't resolve '@/components/sections/HeroSection'
  1 | import Navbar from "@/components/ui/Navbar";
> 2 | import HeroSection from "@/components/sections/HeroSection";
    | ^^^^^^^^^^^^^^^^^^^^^^^^^^^^^^^^^^^^^^^^^^^^^^^^^^^^^^^^^^^^
  3 | import ServicesSection from "@/components/sections/ServicesSection";
  4 | import WorksSection from "@/components/sections/WorksSection";
  5 | import AboutSection from "@/components/sections/AboutSection";

Import map: aliased to relative './src/components/sections/HeroSection' inside of [project]/

https://nextjs.org/docs/messages/module-not-found @ http://localhost:3001/_next/static/chunks/node_modules_next_dist_0u_w_5s._.js:1945
[ 4322654ms] [ERROR] ./src/app/page.tsx:3:1
Module not found: Can't resolve '@/components/sections/ServicesSection'
  1 | import Navbar from "@/components/ui/Navbar";
  2 | import HeroSection from "@/components/sections/HeroSection";
> 3 | import ServicesSection from "@/components/sections/ServicesSection";
    | ^^^^^^^^^^^^^^^^^^^^^^^^^^^^^^^^^^^^^^^^^^^^^^^^^^^^^^^^^^^^^^^^^^^^
  4 | import WorksSection from "@/components/sections/WorksSection";
  5 | import AboutSection from "@/components/sections/AboutSection";
  6 | import ContactSection from "@/components/sections/ContactSection";

Import map: aliased to relative './src/components/sections/ServicesSection' inside of [project]/

https://nextjs.org/docs/messages/module-not-found @ http://localhost:3001/_next/static/chunks/node_modules_next_dist_0u_w_5s._.js:1945
[ 4322654ms] [ERROR] ./src/app/page.tsx:4:1
Module not found: Can't resolve '@/components/sections/WorksSection'
  2 | import HeroSection from "@/components/sections/HeroSection";
  3 | import ServicesSection from "@/components/sections/ServicesSection";
> 4 | import WorksSection from "@/components/sections/WorksSection";
    | ^^^^^^^^^^^^^^^^^^^^^^^^^^^^^^^^^^^^^^^^^^^^^^^^^^^^^^^^^^^^^^
  5 | import AboutSection from "@/components/sections/AboutSection";
  6 | import ContactSection from "@/components/sections/ContactSection";
  7 |

Import map: aliased to relative './src/components/sections/WorksSection' inside of [project]/

https://nextjs.org/docs/messages/module-not-found @ http://localhost:3001/_next/static/chunks/node_modules_next_dist_0u_w_5s._.js:1945
[ 4322654ms] [ERROR] ./src/app/page.tsx:1:1
Module not found: Can't resolve '@/components/ui/Navbar'
> 1 | import Navbar from "@/components/ui/Navbar";
    | ^^^^^^^^^^^^^^^^^^^^^^^^^^^^^^^^^^^^^^^^^^^^
  2 | import HeroSection from "@/components/sections/HeroSection";
  3 | import ServicesSection from "@/components/sections/ServicesSection";
  4 | import WorksSection from "@/components/sections/WorksSection";

Import map: aliased to relative './src/components/ui/Navbar' inside of [project]/

https://nextjs.org/docs/messages/module-not-found @ http://localhost:3001/_next/static/chunks/node_modules_next_dist_0u_w_5s._.js:1945
[ 4322660ms] [ERROR] ./src/app/page.tsx:5:1
Module not found: Can't resolve '@/components/sections/AboutSection'
  3 | import ServicesSection from "@/components/sections/ServicesSection";
  4 | import WorksSection from "@/components/sections/WorksSection";
> 5 | import AboutSection from "@/components/sections/AboutSection";
    | ^^^^^^^^^^^^^^^^^^^^^^^^^^^^^^^^^^^^^^^^^^^^^^^^^^^^^^^^^^^^^^
  6 | import ContactSection from "@/components/sections/ContactSection";
  7 |
  8 | export default function Home() {

Import map: aliased to relative './src/components/sections/AboutSection' inside of [project]/

https://nextjs.org/docs/messages/module-not-found @ http://localhost:3001/_next/static/chunks/node_modules_next_dist_0u_w_5s._.js:1945
[ 4322660ms] [ERROR] ./src/app/page.tsx:6:1
Module not found: Can't resolve '@/components/sections/ContactSection'
  4 | import WorksSection from "@/components/sections/WorksSection";
  5 | import AboutSection from "@/components/sections/AboutSection";
> 6 | import ContactSection from "@/components/sections/ContactSection";
    | ^^^^^^^^^^^^^^^^^^^^^^^^^^^^^^^^^^^^^^^^^^^^^^^^^^^^^^^^^^^^^^^^^^
  7 |
  8 | export default function Home() {
  9 |   return (

Import map: aliased to relative './src/components/sections/ContactSection' inside of [project]/

https://nextjs.org/docs/messages/module-not-found @ http://localhost:3001/_next/static/chunks/node_modules_next_dist_0u_w_5s._.js:1945
[ 4322660ms] [ERROR] ./src/app/page.tsx:2:1
Module not found: Can't resolve '@/components/sections/HeroSection'
  1 | import Navbar from "@/components/ui/Navbar";
> 2 | import HeroSection from "@/components/sections/HeroSection";
    | ^^^^^^^^^^^^^^^^^^^^^^^^^^^^^^^^^^^^^^^^^^^^^^^^^^^^^^^^^^^^
  3 | import ServicesSection from "@/components/sections/ServicesSection";
  4 | import WorksSection from "@/components/sections/WorksSection";
  5 | import AboutSection from "@/components/sections/AboutSection";

Import map: aliased to relative './src/components/sections/HeroSection' inside of [project]/

https://nextjs.org/docs/messages/module-not-found @ http://localhost:3001/_next/static/chunks/node_modules_next_dist_0u_w_5s._.js:1945
[ 4322660ms] [ERROR] ./src/app/page.tsx:3:1
Module not found: Can't resolve '@/components/sections/ServicesSection'
  1 | import Navbar from "@/components/ui/Navbar";
  2 | import HeroSection from "@/components/sections/HeroSection";
> 3 | import ServicesSection from "@/components/sections/ServicesSection";
    | ^^^^^^^^^^^^^^^^^^^^^^^^^^^^^^^^^^^^^^^^^^^^^^^^^^^^^^^^^^^^^^^^^^^^
  4 | import WorksSection from "@/components/sections/WorksSection";
  5 | import AboutSection from "@/components/sections/AboutSection";
  6 | import ContactSection from "@/components/sections/ContactSection";

Import map: aliased to relative './src/components/sections/ServicesSection' inside of [project]/

https://nextjs.org/docs/messages/module-not-found @ http://localhost:3001/_next/static/chunks/node_modules_next_dist_0u_w_5s._.js:1945
[ 4322661ms] [ERROR] ./src/app/page.tsx:4:1
Module not found: Can't resolve '@/components/sections/WorksSection'
  2 | import HeroSection from "@/components/sections/HeroSection";
  3 | import ServicesSection from "@/components/sections/ServicesSection";
> 4 | import WorksSection from "@/components/sections/WorksSection";
    | ^^^^^^^^^^^^^^^^^^^^^^^^^^^^^^^^^^^^^^^^^^^^^^^^^^^^^^^^^^^^^^
  5 | import AboutSection from "@/components/sections/AboutSection";
  6 | import ContactSection from "@/components/sections/ContactSection";
  7 |

Import map: aliased to relative './src/components/sections/WorksSection' inside of [project]/

https://nextjs.org/docs/messages/module-not-found @ http://localhost:3001/_next/static/chunks/node_modules_next_dist_0u_w_5s._.js:1945
[ 4322661ms] [ERROR] ./src/app/page.tsx:1:1
Module not found: Can't resolve '@/components/ui/Navbar'
> 1 | import Navbar from "@/components/ui/Navbar";
    | ^^^^^^^^^^^^^^^^^^^^^^^^^^^^^^^^^^^^^^^^^^^^
  2 | import HeroSection from "@/components/sections/HeroSection";
  3 | import ServicesSection from "@/components/sections/ServicesSection";
  4 | import WorksSection from "@/components/sections/WorksSection";

Import map: aliased to relative './src/components/ui/Navbar' inside of [project]/

https://nextjs.org/docs/messages/module-not-found @ http://localhost:3001/_next/static/chunks/node_modules_next_dist_0u_w_5s._.js:1945
[ 4322760ms] [LOG] [Fast Refresh] rebuilding @ http://localhost:3001/_next/static/chunks/node_modules_next_dist_0u_w_5s._.js:1226
[ 4327403ms] [ERROR] ./src/app/page.tsx:5:1
Module not found: Can't resolve '@/components/sections/AboutSection'
  3 | import ServicesSection from "@/components/sections/ServicesSection";
  4 | import WorksSection from "@/components/sections/WorksSection";
> 5 | import AboutSection from "@/components/sections/AboutSection";
    | ^^^^^^^^^^^^^^^^^^^^^^^^^^^^^^^^^^^^^^^^^^^^^^^^^^^^^^^^^^^^^^
  6 | import ContactSection from "@/components/sections/ContactSection";
  7 |
  8 | export default function Home() {

Import map: aliased to relative './src/components/sections/AboutSection' inside of [project]/

https://nextjs.org/docs/messages/module-not-found @ http://localhost:3001/_next/static/chunks/node_modules_next_dist_0u_w_5s._.js:1945
[ 4327403ms] [ERROR] ./src/app/page.tsx:6:1
Module not found: Can't resolve '@/components/sections/ContactSection'
  4 | import WorksSection from "@/components/sections/WorksSection";
  5 | import AboutSection from "@/components/sections/AboutSection";
> 6 | import ContactSection from "@/components/sections/ContactSection";
    | ^^^^^^^^^^^^^^^^^^^^^^^^^^^^^^^^^^^^^^^^^^^^^^^^^^^^^^^^^^^^^^^^^^
  7 |
  8 | export default function Home() {
  9 |   return (

Import map: aliased to relative './src/components/sections/ContactSection' inside of [project]/

https://nextjs.org/docs/messages/module-not-found @ http://localhost:3001/_next/static/chunks/node_modules_next_dist_0u_w_5s._.js:1945
[ 4327406ms] [ERROR] ./src/app/page.tsx:2:1
Module not found: Can't resolve '@/components/sections/HeroSection'
  1 | import Navbar from "@/components/ui/Navbar";
> 2 | import HeroSection from "@/components/sections/HeroSection";
    | ^^^^^^^^^^^^^^^^^^^^^^^^^^^^^^^^^^^^^^^^^^^^^^^^^^^^^^^^^^^^
  3 | import ServicesSection from "@/components/sections/ServicesSection";
  4 | import WorksSection from "@/components/sections/WorksSection";
  5 | import AboutSection from "@/components/sections/AboutSection";

Import map: aliased to relative './src/components/sections/HeroSection' inside of [project]/

https://nextjs.org/docs/messages/module-not-found @ http://localhost:3001/_next/static/chunks/node_modules_next_dist_0u_w_5s._.js:1945
[ 4327407ms] [ERROR] ./src/app/page.tsx:3:1
Module not found: Can't resolve '@/components/sections/ServicesSection'
  1 | import Navbar from "@/components/ui/Navbar";
  2 | import HeroSection from "@/components/sections/HeroSection";
> 3 | import ServicesSection from "@/components/sections/ServicesSection";
    | ^^^^^^^^^^^^^^^^^^^^^^^^^^^^^^^^^^^^^^^^^^^^^^^^^^^^^^^^^^^^^^^^^^^^
  4 | import WorksSection from "@/components/sections/WorksSection";
  5 | import AboutSection from "@/components/sections/AboutSection";
  6 | import ContactSection from "@/components/sections/ContactSection";

Import map: aliased to relative './src/components/sections/ServicesSection' inside of [project]/

https://nextjs.org/docs/messages/module-not-found @ http://localhost:3001/_next/static/chunks/node_modules_next_dist_0u_w_5s._.js:1945
[ 4327408ms] [ERROR] ./src/app/page.tsx:4:1
Module not found: Can't resolve '@/components/sections/WorksSection'
  2 | import HeroSection from "@/components/sections/HeroSection";
  3 | import ServicesSection from "@/components/sections/ServicesSection";
> 4 | import WorksSection from "@/components/sections/WorksSection";
    | ^^^^^^^^^^^^^^^^^^^^^^^^^^^^^^^^^^^^^^^^^^^^^^^^^^^^^^^^^^^^^^
  5 | import AboutSection from "@/components/sections/AboutSection";
  6 | import ContactSection from "@/components/sections/ContactSection";
  7 |

Import map: aliased to relative './src/components/sections/WorksSection' inside of [project]/

https://nextjs.org/docs/messages/module-not-found @ http://localhost:3001/_next/static/chunks/node_modules_next_dist_0u_w_5s._.js:1945
[ 4327409ms] [ERROR] ./src/app/page.tsx:1:1
Module not found: Can't resolve '@/components/ui/Navbar'
> 1 | import Navbar from "@/components/ui/Navbar";
    | ^^^^^^^^^^^^^^^^^^^^^^^^^^^^^^^^^^^^^^^^^^^^
  2 | import HeroSection from "@/components/sections/HeroSection";
  3 | import ServicesSection from "@/components/sections/ServicesSection";
  4 | import WorksSection from "@/components/sections/WorksSection";

Import map: aliased to relative './src/components/ui/Navbar' inside of [project]/

https://nextjs.org/docs/messages/module-not-found @ http://localhost:3001/_next/static/chunks/node_modules_next_dist_0u_w_5s._.js:1945
[ 4327445ms] [LOG] [Fast Refresh] rebuilding @ http://localhost:3001/_next/static/chunks/node_modules_next_dist_0u_w_5s._.js:1226
[ 4328323ms] [ERROR] ./src/app/page.tsx:5:1
Module not found: Can't resolve '@/components/sections/AboutSection'
  3 | import ServicesSection from "@/components/sections/ServicesSection";
  4 | import WorksSection from "@/components/sections/WorksSection";
> 5 | import AboutSection from "@/components/sections/AboutSection";
    | ^^^^^^^^^^^^^^^^^^^^^^^^^^^^^^^^^^^^^^^^^^^^^^^^^^^^^^^^^^^^^^
  6 | import ContactSection from "@/components/sections/ContactSection";
  7 |
  8 | export default function Home() {

Import map: aliased to relative './src/components/sections/AboutSection' inside of [project]/

https://nextjs.org/docs/messages/module-not-found @ http://localhost:3001/_next/static/chunks/node_modules_next_dist_0u_w_5s._.js:1945
[ 4328323ms] [ERROR] ./src/app/page.tsx:6:1
Module not found: Can't resolve '@/components/sections/ContactSection'
  4 | import WorksSection from "@/components/sections/WorksSection";
  5 | import AboutSection from "@/components/sections/AboutSection";
> 6 | import ContactSection from "@/components/sections/ContactSection";
    | ^^^^^^^^^^^^^^^^^^^^^^^^^^^^^^^^^^^^^^^^^^^^^^^^^^^^^^^^^^^^^^^^^^
  7 |
  8 | export default function Home() {
  9 |   return (

Import map: aliased to relative './src/components/sections/ContactSection' inside of [project]/

https://nextjs.org/docs/messages/module-not-found @ http://localhost:3001/_next/static/chunks/node_modules_next_dist_0u_w_5s._.js:1945
[ 4328324ms] [ERROR] ./src/app/page.tsx:2:1
Module not found: Can't resolve '@/components/sections/HeroSection'
  1 | import Navbar from "@/components/ui/Navbar";
> 2 | import HeroSection from "@/components/sections/HeroSection";
    | ^^^^^^^^^^^^^^^^^^^^^^^^^^^^^^^^^^^^^^^^^^^^^^^^^^^^^^^^^^^^
  3 | import ServicesSection from "@/components/sections/ServicesSection";
  4 | import WorksSection from "@/components/sections/WorksSection";
  5 | import AboutSection from "@/components/sections/AboutSection";

Import map: aliased to relative './src/components/sections/HeroSection' inside of [project]/

https://nextjs.org/docs/messages/module-not-found @ http://localhost:3001/_next/static/chunks/node_modules_next_dist_0u_w_5s._.js:1945
[ 4328324ms] [ERROR] ./src/app/page.tsx:3:1
Module not found: Can't resolve '@/components/sections/ServicesSection'
  1 | import Navbar from "@/components/ui/Navbar";
  2 | import HeroSection from "@/components/sections/HeroSection";
> 3 | import ServicesSection from "@/components/sections/ServicesSection";
    | ^^^^^^^^^^^^^^^^^^^^^^^^^^^^^^^^^^^^^^^^^^^^^^^^^^^^^^^^^^^^^^^^^^^^
  4 | import WorksSection from "@/components/sections/WorksSection";
  5 | import AboutSection from "@/components/sections/AboutSection";
  6 | import ContactSection from "@/components/sections/ContactSection";

Import map: aliased to relative './src/components/sections/ServicesSection' inside of [project]/

https://nextjs.org/docs/messages/module-not-found @ http://localhost:3001/_next/static/chunks/node_modules_next_dist_0u_w_5s._.js:1945
[ 4328324ms] [ERROR] ./src/app/page.tsx:4:1
Module not found: Can't resolve '@/components/sections/WorksSection'
  2 | import HeroSection from "@/components/sections/HeroSection";
  3 | import ServicesSection from "@/components/sections/ServicesSection";
> 4 | import WorksSection from "@/components/sections/WorksSection";
    | ^^^^^^^^^^^^^^^^^^^^^^^^^^^^^^^^^^^^^^^^^^^^^^^^^^^^^^^^^^^^^^
  5 | import AboutSection from "@/components/sections/AboutSection";
  6 | import ContactSection from "@/components/sections/ContactSection";
  7 |

Import map: aliased to relative './src/components/sections/WorksSection' inside of [project]/

https://nextjs.org/docs/messages/module-not-found @ http://localhost:3001/_next/static/chunks/node_modules_next_dist_0u_w_5s._.js:1945
[ 4328324ms] [ERROR] ./src/app/page.tsx:1:1
Module not found: Can't resolve '@/components/ui/Navbar'
> 1 | import Navbar from "@/components/ui/Navbar";
    | ^^^^^^^^^^^^^^^^^^^^^^^^^^^^^^^^^^^^^^^^^^^^
  2 | import HeroSection from "@/components/sections/HeroSection";
  3 | import ServicesSection from "@/components/sections/ServicesSection";
  4 | import WorksSection from "@/components/sections/WorksSection";

Import map: aliased to relative './src/components/ui/Navbar' inside of [project]/

https://nextjs.org/docs/messages/module-not-found @ http://localhost:3001/_next/static/chunks/node_modules_next_dist_0u_w_5s._.js:1945
[ 4328380ms] [LOG] [Fast Refresh] rebuilding @ http://localhost:3001/_next/static/chunks/node_modules_next_dist_0u_w_5s._.js:1226
[ 4339295ms] [ERROR] ./src/app/page.tsx:5:1
Module not found: Can't resolve '@/components/sections/AboutSection'
  3 | import ServicesSection from "@/components/sections/ServicesSection";
  4 | import WorksSection from "@/components/sections/WorksSection";
> 5 | import AboutSection from "@/components/sections/AboutSection";
    | ^^^^^^^^^^^^^^^^^^^^^^^^^^^^^^^^^^^^^^^^^^^^^^^^^^^^^^^^^^^^^^
  6 | import ContactSection from "@/components/sections/ContactSection";
  7 |
  8 | export default function Home() {

Import map: aliased to relative './src/components/sections/AboutSection' inside of [project]/

https://nextjs.org/docs/messages/module-not-found @ http://localhost:3001/_next/static/chunks/node_modules_next_dist_0u_w_5s._.js:1945
[ 4339295ms] [ERROR] ./src/app/page.tsx:6:1
Module not found: Can't resolve '@/components/sections/ContactSection'
  4 | import WorksSection from "@/components/sections/WorksSection";
  5 | import AboutSection from "@/components/sections/AboutSection";
> 6 | import ContactSection from "@/components/sections/ContactSection";
    | ^^^^^^^^^^^^^^^^^^^^^^^^^^^^^^^^^^^^^^^^^^^^^^^^^^^^^^^^^^^^^^^^^^
  7 |
  8 | export default function Home() {
  9 |   return (

Import map: aliased to relative './src/components/sections/ContactSection' inside of [project]/

https://nextjs.org/docs/messages/module-not-found @ http://localhost:3001/_next/static/chunks/node_modules_next_dist_0u_w_5s._.js:1945
[ 4339295ms] [ERROR] ./src/app/page.tsx:2:1
Module not found: Can't resolve '@/components/sections/HeroSection'
  1 | import Navbar from "@/components/ui/Navbar";
> 2 | import HeroSection from "@/components/sections/HeroSection";
    | ^^^^^^^^^^^^^^^^^^^^^^^^^^^^^^^^^^^^^^^^^^^^^^^^^^^^^^^^^^^^
  3 | import ServicesSection from "@/components/sections/ServicesSection";
  4 | import WorksSection from "@/components/sections/WorksSection";
  5 | import AboutSection from "@/components/sections/AboutSection";

Import map: aliased to relative './src/components/sections/HeroSection' inside of [project]/

https://nextjs.org/docs/messages/module-not-found @ http://localhost:3001/_next/static/chunks/node_modules_next_dist_0u_w_5s._.js:1945
[ 4339295ms] [ERROR] ./src/app/page.tsx:3:1
Module not found: Can't resolve '@/components/sections/ServicesSection'
  1 | import Navbar from "@/components/ui/Navbar";
  2 | import HeroSection from "@/components/sections/HeroSection";
> 3 | import ServicesSection from "@/components/sections/ServicesSection";
    | ^^^^^^^^^^^^^^^^^^^^^^^^^^^^^^^^^^^^^^^^^^^^^^^^^^^^^^^^^^^^^^^^^^^^
  4 | import WorksSection from "@/components/sections/WorksSection";
  5 | import AboutSection from "@/components/sections/AboutSection";
  6 | import ContactSection from "@/components/sections/ContactSection";

Import map: aliased to relative './src/components/sections/ServicesSection' inside of [project]/

https://nextjs.org/docs/messages/module-not-found @ http://localhost:3001/_next/static/chunks/node_modules_next_dist_0u_w_5s._.js:1945
[ 4339295ms] [ERROR] ./src/app/page.tsx:4:1
Module not found: Can't resolve '@/components/sections/WorksSection'
  2 | import HeroSection from "@/components/sections/HeroSection";
  3 | import ServicesSection from "@/components/sections/ServicesSection";
> 4 | import WorksSection from "@/components/sections/WorksSection";
    | ^^^^^^^^^^^^^^^^^^^^^^^^^^^^^^^^^^^^^^^^^^^^^^^^^^^^^^^^^^^^^^
  5 | import AboutSection from "@/components/sections/AboutSection";
  6 | import ContactSection from "@/components/sections/ContactSection";
  7 |

Import map: aliased to relative './src/components/sections/WorksSection' inside of [project]/

https://nextjs.org/docs/messages/module-not-found @ http://localhost:3001/_next/static/chunks/node_modules_next_dist_0u_w_5s._.js:1945
[ 4339295ms] [ERROR] ./src/app/page.tsx:1:1
Module not found: Can't resolve '@/components/ui/Navbar'
> 1 | import Navbar from "@/components/ui/Navbar";
    | ^^^^^^^^^^^^^^^^^^^^^^^^^^^^^^^^^^^^^^^^^^^^
  2 | import HeroSection from "@/components/sections/HeroSection";
  3 | import ServicesSection from "@/components/sections/ServicesSection";
  4 | import WorksSection from "@/components/sections/WorksSection";

Import map: aliased to relative './src/components/ui/Navbar' inside of [project]/

https://nextjs.org/docs/messages/module-not-found @ http://localhost:3001/_next/static/chunks/node_modules_next_dist_0u_w_5s._.js:1945
[ 4339336ms] [LOG] [Fast Refresh] rebuilding @ http://localhost:3001/_next/static/chunks/node_modules_next_dist_0u_w_5s._.js:1226
[ 4347136ms] [ERROR] ./src/app/page.tsx:5:1
Module not found: Can't resolve '@/components/sections/AboutSection'
  3 | import ServicesSection from "@/components/sections/ServicesSection";
  4 | import WorksSection from "@/components/sections/WorksSection";
> 5 | import AboutSection from "@/components/sections/AboutSection";
    | ^^^^^^^^^^^^^^^^^^^^^^^^^^^^^^^^^^^^^^^^^^^^^^^^^^^^^^^^^^^^^^
  6 | import ContactSection from "@/components/sections/ContactSection";
  7 |
  8 | export default function Home() {

Import map: aliased to relative './src/components/sections/AboutSection' inside of [project]/

https://nextjs.org/docs/messages/module-not-found @ http://localhost:3001/_next/static/chunks/node_modules_next_dist_0u_w_5s._.js:1945
[ 4347136ms] [ERROR] ./src/app/page.tsx:6:1
Module not found: Can't resolve '@/components/sections/ContactSection'
  4 | import WorksSection from "@/components/sections/WorksSection";
  5 | import AboutSection from "@/components/sections/AboutSection";
> 6 | import ContactSection from "@/components/sections/ContactSection";
    | ^^^^^^^^^^^^^^^^^^^^^^^^^^^^^^^^^^^^^^^^^^^^^^^^^^^^^^^^^^^^^^^^^^
  7 |
  8 | export default function Home() {
  9 |   return (

Import map: aliased to relative './src/components/sections/ContactSection' inside of [project]/

https://nextjs.org/docs/messages/module-not-found @ http://localhost:3001/_next/static/chunks/node_modules_next_dist_0u_w_5s._.js:1945
[ 4347137ms] [ERROR] ./src/app/page.tsx:2:1
Module not found: Can't resolve '@/components/sections/HeroSection'
  1 | import Navbar from "@/components/ui/Navbar";
> 2 | import HeroSection from "@/components/sections/HeroSection";
    | ^^^^^^^^^^^^^^^^^^^^^^^^^^^^^^^^^^^^^^^^^^^^^^^^^^^^^^^^^^^^
  3 | import ServicesSection from "@/components/sections/ServicesSection";
  4 | import WorksSection from "@/components/sections/WorksSection";
  5 | import AboutSection from "@/components/sections/AboutSection";

Import map: aliased to relative './src/components/sections/HeroSection' inside of [project]/

https://nextjs.org/docs/messages/module-not-found @ http://localhost:3001/_next/static/chunks/node_modules_next_dist_0u_w_5s._.js:1945
[ 4347137ms] [ERROR] ./src/app/page.tsx:3:1
Module not found: Can't resolve '@/components/sections/ServicesSection'
  1 | import Navbar from "@/components/ui/Navbar";
  2 | import HeroSection from "@/components/sections/HeroSection";
> 3 | import ServicesSection from "@/components/sections/ServicesSection";
    | ^^^^^^^^^^^^^^^^^^^^^^^^^^^^^^^^^^^^^^^^^^^^^^^^^^^^^^^^^^^^^^^^^^^^
  4 | import WorksSection from "@/components/sections/WorksSection";
  5 | import AboutSection from "@/components/sections/AboutSection";
  6 | import ContactSection from "@/components/sections/ContactSection";

Import map: aliased to relative './src/components/sections/ServicesSection' inside of [project]/

https://nextjs.org/docs/messages/module-not-found @ http://localhost:3001/_next/static/chunks/node_modules_next_dist_0u_w_5s._.js:1945
[ 4347143ms] [ERROR] ./src/app/page.tsx:4:1
Module not found: Can't resolve '@/components/sections/WorksSection'
  2 | import HeroSection from "@/components/sections/HeroSection";
  3 | import ServicesSection from "@/components/sections/ServicesSection";
> 4 | import WorksSection from "@/components/sections/WorksSection";
    | ^^^^^^^^^^^^^^^^^^^^^^^^^^^^^^^^^^^^^^^^^^^^^^^^^^^^^^^^^^^^^^
  5 | import AboutSection from "@/components/sections/AboutSection";
  6 | import ContactSection from "@/components/sections/ContactSection";
  7 |

Import map: aliased to relative './src/components/sections/WorksSection' inside of [project]/

https://nextjs.org/docs/messages/module-not-found @ http://localhost:3001/_next/static/chunks/node_modules_next_dist_0u_w_5s._.js:1945
[ 4347144ms] [ERROR] ./src/app/page.tsx:1:1
Module not found: Can't resolve '@/components/ui/Navbar'
> 1 | import Navbar from "@/components/ui/Navbar";
    | ^^^^^^^^^^^^^^^^^^^^^^^^^^^^^^^^^^^^^^^^^^^^
  2 | import HeroSection from "@/components/sections/HeroSection";
  3 | import ServicesSection from "@/components/sections/ServicesSection";
  4 | import WorksSection from "@/components/sections/WorksSection";

Import map: aliased to relative './src/components/ui/Navbar' inside of [project]/

https://nextjs.org/docs/messages/module-not-found @ http://localhost:3001/_next/static/chunks/node_modules_next_dist_0u_w_5s._.js:1945
[ 4347175ms] [LOG] [Fast Refresh] rebuilding @ http://localhost:3001/_next/static/chunks/node_modules_next_dist_0u_w_5s._.js:1226
[ 4399674ms] [ERROR] ./src/app/page.tsx:5:1
Module not found: Can't resolve '@/components/sections/AboutSection'
  3 | import ServicesSection from "@/components/sections/ServicesSection";
  4 | import WorksSection from "@/components/sections/WorksSection";
> 5 | import AboutSection from "@/components/sections/AboutSection";
    | ^^^^^^^^^^^^^^^^^^^^^^^^^^^^^^^^^^^^^^^^^^^^^^^^^^^^^^^^^^^^^^
  6 | import ContactSection from "@/components/sections/ContactSection";
  7 |
  8 | export default function Home() {

Import map: aliased to relative './src/components/sections/AboutSection' inside of [project]/

https://nextjs.org/docs/messages/module-not-found @ http://localhost:3001/_next/static/chunks/node_modules_next_dist_0u_w_5s._.js:1945
[ 4399675ms] [ERROR] ./src/app/page.tsx:6:1
Module not found: Can't resolve '@/components/sections/ContactSection'
  4 | import WorksSection from "@/components/sections/WorksSection";
  5 | import AboutSection from "@/components/sections/AboutSection";
> 6 | import ContactSection from "@/components/sections/ContactSection";
    | ^^^^^^^^^^^^^^^^^^^^^^^^^^^^^^^^^^^^^^^^^^^^^^^^^^^^^^^^^^^^^^^^^^
  7 |
  8 | export default function Home() {
  9 |   return (

Import map: aliased to relative './src/components/sections/ContactSection' inside of [project]/

https://nextjs.org/docs/messages/module-not-found @ http://localhost:3001/_next/static/chunks/node_modules_next_dist_0u_w_5s._.js:1945
[ 4399675ms] [ERROR] ./src/app/page.tsx:2:1
Module not found: Can't resolve '@/components/sections/HeroSection'
  1 | import Navbar from "@/components/ui/Navbar";
> 2 | import HeroSection from "@/components/sections/HeroSection";
    | ^^^^^^^^^^^^^^^^^^^^^^^^^^^^^^^^^^^^^^^^^^^^^^^^^^^^^^^^^^^^
  3 | import ServicesSection from "@/components/sections/ServicesSection";
  4 | import WorksSection from "@/components/sections/WorksSection";
  5 | import AboutSection from "@/components/sections/AboutSection";

Import map: aliased to relative './src/components/sections/HeroSection' inside of [project]/

https://nextjs.org/docs/messages/module-not-found @ http://localhost:3001/_next/static/chunks/node_modules_next_dist_0u_w_5s._.js:1945
[ 4399675ms] [ERROR] ./src/app/page.tsx:3:1
Module not found: Can't resolve '@/components/sections/ServicesSection'
  1 | import Navbar from "@/components/ui/Navbar";
  2 | import HeroSection from "@/components/sections/HeroSection";
> 3 | import ServicesSection from "@/components/sections/ServicesSection";
    | ^^^^^^^^^^^^^^^^^^^^^^^^^^^^^^^^^^^^^^^^^^^^^^^^^^^^^^^^^^^^^^^^^^^^
  4 | import WorksSection from "@/components/sections/WorksSection";
  5 | import AboutSection from "@/components/sections/AboutSection";
  6 | import ContactSection from "@/components/sections/ContactSection";

Import map: aliased to relative './src/components/sections/ServicesSection' inside of [project]/

https://nextjs.org/docs/messages/module-not-found @ http://localhost:3001/_next/static/chunks/node_modules_next_dist_0u_w_5s._.js:1945
[ 4399676ms] [ERROR] ./src/app/page.tsx:4:1
Module not found: Can't resolve '@/components/sections/WorksSection'
  2 | import HeroSection from "@/components/sections/HeroSection";
  3 | import ServicesSection from "@/components/sections/ServicesSection";
> 4 | import WorksSection from "@/components/sections/WorksSection";
    | ^^^^^^^^^^^^^^^^^^^^^^^^^^^^^^^^^^^^^^^^^^^^^^^^^^^^^^^^^^^^^^
  5 | import AboutSection from "@/components/sections/AboutSection";
  6 | import ContactSection from "@/components/sections/ContactSection";
  7 |

Import map: aliased to relative './src/components/sections/WorksSection' inside of [project]/

https://nextjs.org/docs/messages/module-not-found @ http://localhost:3001/_next/static/chunks/node_modules_next_dist_0u_w_5s._.js:1945
[ 4399676ms] [ERROR] ./src/app/page.tsx:1:1
Module not found: Can't resolve '@/components/ui/Navbar'
> 1 | import Navbar from "@/components/ui/Navbar";
    | ^^^^^^^^^^^^^^^^^^^^^^^^^^^^^^^^^^^^^^^^^^^^
  2 | import HeroSection from "@/components/sections/HeroSection";
  3 | import ServicesSection from "@/components/sections/ServicesSection";
  4 | import WorksSection from "@/components/sections/WorksSection";

Import map: aliased to relative './src/components/ui/Navbar' inside of [project]/

https://nextjs.org/docs/messages/module-not-found @ http://localhost:3001/_next/static/chunks/node_modules_next_dist_0u_w_5s._.js:1945
[ 4399715ms] [LOG] [Fast Refresh] rebuilding @ http://localhost:3001/_next/static/chunks/node_modules_next_dist_0u_w_5s._.js:1226
[ 4399780ms] [ERROR] ./src/app/page.tsx:5:1
Module not found: Can't resolve '@/components/sections/AboutSection'
  3 | import ServicesSection from "@/components/sections/ServicesSection";
  4 | import WorksSection from "@/components/sections/WorksSection";
> 5 | import AboutSection from "@/components/sections/AboutSection";
    | ^^^^^^^^^^^^^^^^^^^^^^^^^^^^^^^^^^^^^^^^^^^^^^^^^^^^^^^^^^^^^^
  6 | import ContactSection from "@/components/sections/ContactSection";
  7 |
  8 | export default function Home() {

Import map: aliased to relative './src/components/sections/AboutSection' inside of [project]/

https://nextjs.org/docs/messages/module-not-found @ http://localhost:3001/_next/static/chunks/node_modules_next_dist_0u_w_5s._.js:1945
[ 4399780ms] [ERROR] ./src/app/page.tsx:6:1
Module not found: Can't resolve '@/components/sections/ContactSection'
  4 | import WorksSection from "@/components/sections/WorksSection";
  5 | import AboutSection from "@/components/sections/AboutSection";
> 6 | import ContactSection from "@/components/sections/ContactSection";
    | ^^^^^^^^^^^^^^^^^^^^^^^^^^^^^^^^^^^^^^^^^^^^^^^^^^^^^^^^^^^^^^^^^^
  7 |
  8 | export default function Home() {
  9 |   return (

Import map: aliased to relative './src/components/sections/ContactSection' inside of [project]/

https://nextjs.org/docs/messages/module-not-found @ http://localhost:3001/_next/static/chunks/node_modules_next_dist_0u_w_5s._.js:1945
[ 4399781ms] [ERROR] ./src/app/page.tsx:2:1
Module not found: Can't resolve '@/components/sections/HeroSection'
  1 | import Navbar from "@/components/ui/Navbar";
> 2 | import HeroSection from "@/components/sections/HeroSection";
    | ^^^^^^^^^^^^^^^^^^^^^^^^^^^^^^^^^^^^^^^^^^^^^^^^^^^^^^^^^^^^
  3 | import ServicesSection from "@/components/sections/ServicesSection";
  4 | import WorksSection from "@/components/sections/WorksSection";
  5 | import AboutSection from "@/components/sections/AboutSection";

Import map: aliased to relative './src/components/sections/HeroSection' inside of [project]/

https://nextjs.org/docs/messages/module-not-found @ http://localhost:3001/_next/static/chunks/node_modules_next_dist_0u_w_5s._.js:1945
[ 4399781ms] [ERROR] ./src/app/page.tsx:3:1
Module not found: Can't resolve '@/components/sections/ServicesSection'
  1 | import Navbar from "@/components/ui/Navbar";
  2 | import HeroSection from "@/components/sections/HeroSection";
> 3 | import ServicesSection from "@/components/sections/ServicesSection";
    | ^^^^^^^^^^^^^^^^^^^^^^^^^^^^^^^^^^^^^^^^^^^^^^^^^^^^^^^^^^^^^^^^^^^^
  4 | import WorksSection from "@/components/sections/WorksSection";
  5 | import AboutSection from "@/components/sections/AboutSection";
  6 | import ContactSection from "@/components/sections/ContactSection";

Import map: aliased to relative './src/components/sections/ServicesSection' inside of [project]/

https://nextjs.org/docs/messages/module-not-found @ http://localhost:3001/_next/static/chunks/node_modules_next_dist_0u_w_5s._.js:1945
[ 4399781ms] [ERROR] ./src/app/page.tsx:4:1
Module not found: Can't resolve '@/components/sections/WorksSection'
  2 | import HeroSection from "@/components/sections/HeroSection";
  3 | import ServicesSection from "@/components/sections/ServicesSection";
> 4 | import WorksSection from "@/components/sections/WorksSection";
    | ^^^^^^^^^^^^^^^^^^^^^^^^^^^^^^^^^^^^^^^^^^^^^^^^^^^^^^^^^^^^^^
  5 | import AboutSection from "@/components/sections/AboutSection";
  6 | import ContactSection from "@/components/sections/ContactSection";
  7 |

Import map: aliased to relative './src/components/sections/WorksSection' inside of [project]/

https://nextjs.org/docs/messages/module-not-found @ http://localhost:3001/_next/static/chunks/node_modules_next_dist_0u_w_5s._.js:1945
[ 4399781ms] [ERROR] ./src/app/page.tsx:1:1
Module not found: Can't resolve '@/components/ui/Navbar'
> 1 | import Navbar from "@/components/ui/Navbar";
    | ^^^^^^^^^^^^^^^^^^^^^^^^^^^^^^^^^^^^^^^^^^^^
  2 | import HeroSection from "@/components/sections/HeroSection";
  3 | import ServicesSection from "@/components/sections/ServicesSection";
  4 | import WorksSection from "@/components/sections/WorksSection";

Import map: aliased to relative './src/components/ui/Navbar' inside of [project]/

https://nextjs.org/docs/messages/module-not-found @ http://localhost:3001/_next/static/chunks/node_modules_next_dist_0u_w_5s._.js:1945
[ 4399824ms] [LOG] [Fast Refresh] rebuilding @ http://localhost:3001/_next/static/chunks/node_modules_next_dist_0u_w_5s._.js:1226
[ 4403770ms] [ERROR] ./src/app/page.tsx:5:1
Module not found: Can't resolve '@/components/sections/AboutSection'
  3 | import ServicesSection from "@/components/sections/ServicesSection";
  4 | import WorksSection from "@/components/sections/WorksSection";
> 5 | import AboutSection from "@/components/sections/AboutSection";
    | ^^^^^^^^^^^^^^^^^^^^^^^^^^^^^^^^^^^^^^^^^^^^^^^^^^^^^^^^^^^^^^
  6 | import ContactSection from "@/components/sections/ContactSection";
  7 |
  8 | export default function Home() {

Import map: aliased to relative './src/components/sections/AboutSection' inside of [project]/

https://nextjs.org/docs/messages/module-not-found @ http://localhost:3001/_next/static/chunks/node_modules_next_dist_0u_w_5s._.js:1945
[ 4403770ms] [ERROR] ./src/app/page.tsx:6:1
Module not found: Can't resolve '@/components/sections/ContactSection'
  4 | import WorksSection from "@/components/sections/WorksSection";
  5 | import AboutSection from "@/components/sections/AboutSection";
> 6 | import ContactSection from "@/components/sections/ContactSection";
    | ^^^^^^^^^^^^^^^^^^^^^^^^^^^^^^^^^^^^^^^^^^^^^^^^^^^^^^^^^^^^^^^^^^
  7 |
  8 | export default function Home() {
  9 |   return (

Import map: aliased to relative './src/components/sections/ContactSection' inside of [project]/

https://nextjs.org/docs/messages/module-not-found @ http://localhost:3001/_next/static/chunks/node_modules_next_dist_0u_w_5s._.js:1945
[ 4403771ms] [ERROR] ./src/app/page.tsx:2:1
Module not found: Can't resolve '@/components/sections/HeroSection'
  1 | import Navbar from "@/components/ui/Navbar";
> 2 | import HeroSection from "@/components/sections/HeroSection";
    | ^^^^^^^^^^^^^^^^^^^^^^^^^^^^^^^^^^^^^^^^^^^^^^^^^^^^^^^^^^^^
  3 | import ServicesSection from "@/components/sections/ServicesSection";
  4 | import WorksSection from "@/components/sections/WorksSection";
  5 | import AboutSection from "@/components/sections/AboutSection";

Import map: aliased to relative './src/components/sections/HeroSection' inside of [project]/

https://nextjs.org/docs/messages/module-not-found @ http://localhost:3001/_next/static/chunks/node_modules_next_dist_0u_w_5s._.js:1945
[ 4403771ms] [ERROR] ./src/app/page.tsx:3:1
Module not found: Can't resolve '@/components/sections/ServicesSection'
  1 | import Navbar from "@/components/ui/Navbar";
  2 | import HeroSection from "@/components/sections/HeroSection";
> 3 | import ServicesSection from "@/components/sections/ServicesSection";
    | ^^^^^^^^^^^^^^^^^^^^^^^^^^^^^^^^^^^^^^^^^^^^^^^^^^^^^^^^^^^^^^^^^^^^
  4 | import WorksSection from "@/components/sections/WorksSection";
  5 | import AboutSection from "@/components/sections/AboutSection";
  6 | import ContactSection from "@/components/sections/ContactSection";

Import map: aliased to relative './src/components/sections/ServicesSection' inside of [project]/

https://nextjs.org/docs/messages/module-not-found @ http://localhost:3001/_next/static/chunks/node_modules_next_dist_0u_w_5s._.js:1945
[ 4403771ms] [ERROR] ./src/app/page.tsx:4:1
Module not found: Can't resolve '@/components/sections/WorksSection'
  2 | import HeroSection from "@/components/sections/HeroSection";
  3 | import ServicesSection from "@/components/sections/ServicesSection";
> 4 | import WorksSection from "@/components/sections/WorksSection";
    | ^^^^^^^^^^^^^^^^^^^^^^^^^^^^^^^^^^^^^^^^^^^^^^^^^^^^^^^^^^^^^^
  5 | import AboutSection from "@/components/sections/AboutSection";
  6 | import ContactSection from "@/components/sections/ContactSection";
  7 |

Import map: aliased to relative './src/components/sections/WorksSection' inside of [project]/

https://nextjs.org/docs/messages/module-not-found @ http://localhost:3001/_next/static/chunks/node_modules_next_dist_0u_w_5s._.js:1945
[ 4403772ms] [ERROR] ./src/app/page.tsx:1:1
Module not found: Can't resolve '@/components/ui/Navbar'
> 1 | import Navbar from "@/components/ui/Navbar";
    | ^^^^^^^^^^^^^^^^^^^^^^^^^^^^^^^^^^^^^^^^^^^^
  2 | import HeroSection from "@/components/sections/HeroSection";
  3 | import ServicesSection from "@/components/sections/ServicesSection";
  4 | import WorksSection from "@/components/sections/WorksSection";

Import map: aliased to relative './src/components/ui/Navbar' inside of [project]/

https://nextjs.org/docs/messages/module-not-found @ http://localhost:3001/_next/static/chunks/node_modules_next_dist_0u_w_5s._.js:1945
[ 4403816ms] [LOG] [Fast Refresh] rebuilding @ http://localhost:3001/_next/static/chunks/node_modules_next_dist_0u_w_5s._.js:1226
[ 4407224ms] [ERROR] ./src/app/page.tsx:5:1
Module not found: Can't resolve '@/components/sections/AboutSection'
  3 | import ServicesSection from "@/components/sections/ServicesSection";
  4 | import WorksSection from "@/components/sections/WorksSection";
> 5 | import AboutSection from "@/components/sections/AboutSection";
    | ^^^^^^^^^^^^^^^^^^^^^^^^^^^^^^^^^^^^^^^^^^^^^^^^^^^^^^^^^^^^^^
  6 | import ContactSection from "@/components/sections/ContactSection";
  7 |
  8 | export default function Home() {

Import map: aliased to relative './src/components/sections/AboutSection' inside of [project]/

https://nextjs.org/docs/messages/module-not-found @ http://localhost:3001/_next/static/chunks/node_modules_next_dist_0u_w_5s._.js:1945
[ 4407225ms] [ERROR] ./src/app/page.tsx:6:1
Module not found: Can't resolve '@/components/sections/ContactSection'
  4 | import WorksSection from "@/components/sections/WorksSection";
  5 | import AboutSection from "@/components/sections/AboutSection";
> 6 | import ContactSection from "@/components/sections/ContactSection";
    | ^^^^^^^^^^^^^^^^^^^^^^^^^^^^^^^^^^^^^^^^^^^^^^^^^^^^^^^^^^^^^^^^^^
  7 |
  8 | export default function Home() {
  9 |   return (

Import map: aliased to relative './src/components/sections/ContactSection' inside of [project]/

https://nextjs.org/docs/messages/module-not-found @ http://localhost:3001/_next/static/chunks/node_modules_next_dist_0u_w_5s._.js:1945
[ 4407225ms] [ERROR] ./src/app/page.tsx:2:1
Module not found: Can't resolve '@/components/sections/HeroSection'
  1 | import Navbar from "@/components/ui/Navbar";
> 2 | import HeroSection from "@/components/sections/HeroSection";
    | ^^^^^^^^^^^^^^^^^^^^^^^^^^^^^^^^^^^^^^^^^^^^^^^^^^^^^^^^^^^^
  3 | import ServicesSection from "@/components/sections/ServicesSection";
  4 | import WorksSection from "@/components/sections/WorksSection";
  5 | import AboutSection from "@/components/sections/AboutSection";

Import map: aliased to relative './src/components/sections/HeroSection' inside of [project]/

https://nextjs.org/docs/messages/module-not-found @ http://localhost:3001/_next/static/chunks/node_modules_next_dist_0u_w_5s._.js:1945
[ 4407225ms] [ERROR] ./src/app/page.tsx:3:1
Module not found: Can't resolve '@/components/sections/ServicesSection'
  1 | import Navbar from "@/components/ui/Navbar";
  2 | import HeroSection from "@/components/sections/HeroSection";
> 3 | import ServicesSection from "@/components/sections/ServicesSection";
    | ^^^^^^^^^^^^^^^^^^^^^^^^^^^^^^^^^^^^^^^^^^^^^^^^^^^^^^^^^^^^^^^^^^^^
  4 | import WorksSection from "@/components/sections/WorksSection";
  5 | import AboutSection from "@/components/sections/AboutSection";
  6 | import ContactSection from "@/components/sections/ContactSection";

Import map: aliased to relative './src/components/sections/ServicesSection' inside of [project]/

https://nextjs.org/docs/messages/module-not-found @ http://localhost:3001/_next/static/chunks/node_modules_next_dist_0u_w_5s._.js:1945
[ 4407225ms] [ERROR] ./src/app/page.tsx:4:1
Module not found: Can't resolve '@/components/sections/WorksSection'
  2 | import HeroSection from "@/components/sections/HeroSection";
  3 | import ServicesSection from "@/components/sections/ServicesSection";
> 4 | import WorksSection from "@/components/sections/WorksSection";
    | ^^^^^^^^^^^^^^^^^^^^^^^^^^^^^^^^^^^^^^^^^^^^^^^^^^^^^^^^^^^^^^
  5 | import AboutSection from "@/components/sections/AboutSection";
  6 | import ContactSection from "@/components/sections/ContactSection";
  7 |

Import map: aliased to relative './src/components/sections/WorksSection' inside of [project]/

https://nextjs.org/docs/messages/module-not-found @ http://localhost:3001/_next/static/chunks/node_modules_next_dist_0u_w_5s._.js:1945
[ 4407226ms] [ERROR] ./src/app/page.tsx:1:1
Module not found: Can't resolve '@/components/ui/Navbar'
> 1 | import Navbar from "@/components/ui/Navbar";
    | ^^^^^^^^^^^^^^^^^^^^^^^^^^^^^^^^^^^^^^^^^^^^
  2 | import HeroSection from "@/components/sections/HeroSection";
  3 | import ServicesSection from "@/components/sections/ServicesSection";
  4 | import WorksSection from "@/components/sections/WorksSection";

Import map: aliased to relative './src/components/ui/Navbar' inside of [project]/

https://nextjs.org/docs/messages/module-not-found @ http://localhost:3001/_next/static/chunks/node_modules_next_dist_0u_w_5s._.js:1945
[ 4407385ms] [LOG] [Fast Refresh] rebuilding @ http://localhost:3001/_next/static/chunks/node_modules_next_dist_0u_w_5s._.js:1226
