[    1895ms] [WARNING] The resource http://localhost:3001/_next/static/css/app/%5Blocale%5D/layout.css?v=1775836564110 was preloaded using link preload but not used within a few seconds from the window's load event. Please make sure it has an appropriate `as` value and it is preloaded intentionally. @ http://localhost:3001/ru:0
[    1895ms] [WARNING] The resource http://localhost:3001/_next/static/css/app/%5Blocale%5D/layout.css?v=1775836563685 was preloaded using link preload but not used within a few seconds from the window's load event. Please make sure it has an appropriate `as` value and it is preloaded intentionally. @ http://localhost:3001/ru:0
[    1895ms] [WARNING] The resource http://localhost:3001/_next/static/css/app/%5Blocale%5D/layout.css?v=1775836564518 was preloaded using link preload but not used within a few seconds from the window's load event. Please make sure it has an appropriate `as` value and it is preloaded intentionally. @ http://localhost:3001/ru:0
[    1895ms] [WARNING] The resource http://localhost:3001/_next/static/css/app/%5Blocale%5D/layout.css?v=1775836562826 was preloaded using link preload but not used within a few seconds from the window's load event. Please make sure it has an appropriate `as` value and it is preloaded intentionally. @ http://localhost:3001/ru:0
[    1895ms] [WARNING] The resource http://localhost:3001/_next/static/css/app/%5Blocale%5D/layout.css?v=1775836563267 was preloaded using link preload but not used within a few seconds from the window's load event. Please make sure it has an appropriate `as` value and it is preloaded intentionally. @ http://localhost:3001/ru:0
[    9441ms] [LOG] [Fast Refresh] done in 11347ms @ webpack-internal:///(app-pages-browser)/./node_modules/next/dist/next-devtools/shared/forward-logs-shared.js:27
[    9463ms] [LOG] [Fast Refresh] rebuilding @ webpack-internal:///(app-pages-browser)/./node_modules/next/dist/next-devtools/shared/forward-logs-shared.js:27
[   10529ms] [LOG] [Fast Refresh] rebuilding @ webpack-internal:///(app-pages-browser)/./node_modules/next/dist/next-devtools/shared/forward-logs-shared.js:27
[   15382ms] [INFO] %cDownload the React DevTools for a better development experience: https://react.dev/link/react-devtools font-weight:bold @ webpack-internal:///(app-pages-browser)/./node_modules/next/dist/next-devtools/shared/forward-logs-shared.js:27
[   15506ms] [LOG] [HMR] connected @ webpack-internal:///(app-pages-browser)/./node_modules/next/dist/next-devtools/shared/forward-logs-shared.js:27
[   15627ms] [LOG] [Fast Refresh] rebuilding @ webpack-internal:///(app-pages-browser)/./node_modules/next/dist/next-devtools/shared/forward-logs-shared.js:27
[   15759ms] [WARNING] Please ensure that the container has a non-static position, like 'relative', 'fixed', or 'absolute' to ensure scroll offset is calculated correctly. @ webpack-internal:///(app-pages-browser)/./node_modules/next/dist/next-devtools/shared/forward-logs-shared.js:27
[   16147ms] [LOG] [Fast Refresh] rebuilding @ webpack-internal:///(app-pages-browser)/./node_modules/next/dist/next-devtools/shared/forward-logs-shared.js:27
[   16774ms] [LOG] [Fast Refresh] done in 627ms @ webpack-internal:///(app-pages-browser)/./node_modules/next/dist/next-devtools/shared/forward-logs-shared.js:27
[   16796ms] [LOG] [Fast Refresh] rebuilding @ webpack-internal:///(app-pages-browser)/./node_modules/next/dist/next-devtools/shared/forward-logs-shared.js:27
[   17439ms] [LOG] [Fast Refresh] done in 642ms @ webpack-internal:///(app-pages-browser)/./node_modules/next/dist/next-devtools/shared/forward-logs-shared.js:27
[   17443ms] [LOG] [Fast Refresh] rebuilding @ webpack-internal:///(app-pages-browser)/./node_modules/next/dist/next-devtools/shared/forward-logs-shared.js:27
[   17943ms] [LOG] [Fast Refresh] done in 501ms @ webpack-internal:///(app-pages-browser)/./node_modules/next/dist/next-devtools/shared/forward-logs-shared.js:27
[   17959ms] [LOG] [Fast Refresh] rebuilding @ webpack-internal:///(app-pages-browser)/./node_modules/next/dist/next-devtools/shared/forward-logs-shared.js:27
[   18249ms] [LOG] [Fast Refresh] done in 289ms @ webpack-internal:///(app-pages-browser)/./node_modules/next/dist/next-devtools/shared/forward-logs-shared.js:27
[   18426ms] [LOG] [Fast Refresh] rebuilding @ webpack-internal:///(app-pages-browser)/./node_modules/next/dist/next-devtools/shared/forward-logs-shared.js:27
[   18574ms] [LOG] [Fast Refresh] done in 149ms @ webpack-internal:///(app-pages-browser)/./node_modules/next/dist/next-devtools/shared/forward-logs-shared.js:27
[   18968ms] [LOG] [Fast Refresh] rebuilding @ webpack-internal:///(app-pages-browser)/./node_modules/next/dist/next-devtools/shared/forward-logs-shared.js:27
[   19115ms] [LOG] [Fast Refresh] done in 147ms @ webpack-internal:///(app-pages-browser)/./node_modules/next/dist/next-devtools/shared/forward-logs-shared.js:27
[   19439ms] [LOG] [Fast Refresh] rebuilding @ webpack-internal:///(app-pages-browser)/./node_modules/next/dist/next-devtools/shared/forward-logs-shared.js:27
[   19686ms] [LOG] [Fast Refresh] done in 248ms @ webpack-internal:///(app-pages-browser)/./node_modules/next/dist/next-devtools/shared/forward-logs-shared.js:27
[   20106ms] [LOG] [Fast Refresh] rebuilding @ webpack-internal:///(app-pages-browser)/./node_modules/next/dist/next-devtools/shared/forward-logs-shared.js:27
[   20250ms] [LOG] [Fast Refresh] done in 144ms @ webpack-internal:///(app-pages-browser)/./node_modules/next/dist/next-devtools/shared/forward-logs-shared.js:27
[   20749ms] [LOG] [Fast Refresh] done in 643ms @ webpack-internal:///(app-pages-browser)/./node_modules/next/dist/next-devtools/shared/forward-logs-shared.js:27
[   21207ms] [WARNING] THREE.THREE.Clock: This module has been deprecated. Please use THREE.Timer instead. @ webpack-internal:///(app-pages-browser)/./node_modules/next/dist/next-devtools/shared/forward-logs-shared.js:27
[   21414ms] [LOG] [Fast Refresh] rebuilding @ webpack-internal:///(app-pages-browser)/./node_modules/next/dist/next-devtools/shared/forward-logs-shared.js:27
[   21886ms] [LOG] [Fast Refresh] rebuilding @ webpack-internal:///(app-pages-browser)/./node_modules/next/dist/next-devtools/shared/forward-logs-shared.js:27
[   22173ms] [LOG] [Fast Refresh] done in 288ms @ webpack-internal:///(app-pages-browser)/./node_modules/next/dist/next-devtools/shared/forward-logs-shared.js:27
[   22277ms] TypeError: Cannot read properties of null (reading 'alpha')
    at EffectComposer.addPass (webpack-internal:///(app-pages-browser)/./node_modules/postprocessing/build/index.js:1194:67)
    at eval (webpack-internal:///(app-pages-browser)/./node_modules/@react-three/postprocessing/dist/index.js:165:34)
    at Object.react_stack_bottom_frame (webpack-internal:///(app-pages-browser)/./node_modules/@react-three/fiber/dist/events-5a94e5eb.esm.js:13273:44)
    at B (webpack-internal:///(app-pages-browser)/./node_modules/@react-three/fiber/dist/events-5a94e5eb.esm.js:7908:105)
    at ca (webpack-internal:///(app-pages-browser)/./node_modules/@react-three/fiber/dist/events-5a94e5eb.esm.js:10978:101)
    at Pf (webpack-internal:///(app-pages-browser)/./node_modules/@react-three/fiber/dist/events-5a94e5eb.esm.js:10966:32)
    at yn (webpack-internal:///(app-pages-browser)/./node_modules/@react-three/fiber/dist/events-5a94e5eb.esm.js:11255:44)
    at rt (webpack-internal:///(app-pages-browser)/./node_modules/@react-three/fiber/dist/events-5a94e5eb.esm.js:11634:73)
    at yn (webpack-internal:///(app-pages-browser)/./node_modules/@react-three/fiber/dist/events-5a94e5eb.esm.js:11326:25)
    at rt (webpack-internal:///(app-pages-browser)/./node_modules/@react-three/fiber/dist/events-5a94e5eb.esm.js:11634:73)
    at yn (webpack-internal:///(app-pages-browser)/./node_modules/@react-three/fiber/dist/events-5a94e5eb.esm.js:11255:25)
    at rt (webpack-internal:///(app-pages-browser)/./node_modules/@react-three/fiber/dist/events-5a94e5eb.esm.js:11634:73)
    at yn (webpack-internal:///(app-pages-browser)/./node_modules/@react-three/fiber/dist/events-5a94e5eb.esm.js:11320:168)
    at rt (webpack-internal:///(app-pages-browser)/./node_modules/@react-three/fiber/dist/events-5a94e5eb.esm.js:11634:73)
    at yn (webpack-internal:///(app-pages-browser)/./node_modules/@react-three/fiber/dist/events-5a94e5eb.esm.js:11314:25)
    at rt (webpack-internal:///(app-pages-browser)/./node_modules/@react-three/fiber/dist/events-5a94e5eb.esm.js:11634:73)
    at yn (webpack-internal:///(app-pages-browser)/./node_modules/@react-three/fiber/dist/events-5a94e5eb.esm.js:11258:29)
    at rt (webpack-internal:///(app-pages-browser)/./node_modules/@react-three/fiber/dist/events-5a94e5eb.esm.js:11634:73)
    at yn (webpack-internal:///(app-pages-browser)/./node_modules/@react-three/fiber/dist/events-5a94e5eb.esm.js:11326:25)
    at rt (webpack-internal:///(app-pages-browser)/./node_modules/@react-three/fiber/dist/events-5a94e5eb.esm.js:11634:73)
    at yn (webpack-internal:///(app-pages-browser)/./node_modules/@react-three/fiber/dist/events-5a94e5eb.esm.js:11326:25)
    at rt (webpack-internal:///(app-pages-browser)/./node_modules/@react-three/fiber/dist/events-5a94e5eb.esm.js:11634:73)
    at yn (webpack-internal:///(app-pages-browser)/./node_modules/@react-three/fiber/dist/events-5a94e5eb.esm.js:11326:25)
    at rt (webpack-internal:///(app-pages-browser)/./node_modules/@react-three/fiber/dist/events-5a94e5eb.esm.js:11634:73)
    at yn (webpack-internal:///(app-pages-browser)/./node_modules/@react-three/fiber/dist/events-5a94e5eb.esm.js:11326:25)
    at rt (webpack-internal:///(app-pages-browser)/./node_modules/@react-three/fiber/dist/events-5a94e5eb.esm.js:11634:73)
    at yn (webpack-internal:///(app-pages-browser)/./node_modules/@react-three/fiber/dist/events-5a94e5eb.esm.js:11326:25)
    at rt (webpack-internal:///(app-pages-browser)/./node_modules/@react-three/fiber/dist/events-5a94e5eb.esm.js:11634:73)
    at yn (webpack-internal:///(app-pages-browser)/./node_modules/@react-three/fiber/dist/events-5a94e5eb.esm.js:11326:25)
    at rt (webpack-internal:///(app-pages-browser)/./node_modules/@react-three/fiber/dist/events-5a94e5eb.esm.js:11634:73)
    at yn (webpack-internal:///(app-pages-browser)/./node_modules/@react-three/fiber/dist/events-5a94e5eb.esm.js:11326:25)
    at rt (webpack-internal:///(app-pages-browser)/./node_modules/@react-three/fiber/dist/events-5a94e5eb.esm.js:11634:73)
    at yn (webpack-internal:///(app-pages-browser)/./node_modules/@react-three/fiber/dist/events-5a94e5eb.esm.js:11326:25)
    at rt (webpack-internal:///(app-pages-browser)/./node_modules/@react-three/fiber/dist/events-5a94e5eb.esm.js:11634:73)
    at yn (webpack-internal:///(app-pages-browser)/./node_modules/@react-three/fiber/dist/events-5a94e5eb.esm.js:11326:25)
    at rt (webpack-internal:///(app-pages-browser)/./node_modules/@react-three/fiber/dist/events-5a94e5eb.esm.js:11634:73)
    at yn (webpack-internal:///(app-pages-browser)/./node_modules/@react-three/fiber/dist/events-5a94e5eb.esm.js:11326:25)
    at rt (webpack-internal:///(app-pages-browser)/./node_modules/@react-three/fiber/dist/events-5a94e5eb.esm.js:11634:73)
    at yn (webpack-internal:///(app-pages-browser)/./node_modules/@react-three/fiber/dist/events-5a94e5eb.esm.js:11326:25)
    at rt (webpack-internal:///(app-pages-browser)/./node_modules/@react-three/fiber/dist/events-5a94e5eb.esm.js:11634:73)
    at yn (webpack-internal:///(app-pages-browser)/./node_modules/@react-three/fiber/dist/events-5a94e5eb.esm.js:11326:25)
    at rt (webpack-internal:///(app-pages-browser)/./node_modules/@react-three/fiber/dist/events-5a94e5eb.esm.js:11634:73)
    at yn (webpack-internal:///(app-pages-browser)/./node_modules/@react-three/fiber/dist/events-5a94e5eb.esm.js:11326:25)
    at rt (webpack-internal:///(app-pages-browser)/./node_modules/@react-three/fiber/dist/events-5a94e5eb.esm.js:11634:73)
    at yn (webpack-internal:///(app-pages-browser)/./node_modules/@react-three/fiber/dist/events-5a94e5eb.esm.js:11258:29)
    at rt (webpack-internal:///(app-pages-browser)/./node_modules/@react-three/fiber/dist/events-5a94e5eb.esm.js:11634:73)
    at yn (webpack-internal:///(app-pages-browser)/./node_modules/@react-three/fiber/dist/events-5a94e5eb.esm.js:11255:25)
    at rt (webpack-internal:///(app-pages-browser)/./node_modules/@react-three/fiber/dist/events-5a94e5eb.esm.js:11634:73)
    at yn (webpack-internal:///(app-pages-browser)/./node_modules/@react-three/fiber/dist/events-5a94e5eb.esm.js:11255:25)
    at rt (webpack-internal:///(app-pages-browser)/./node_modules/@react-three/fiber/dist/events-5a94e5eb.esm.js:11634:73)
[   22277ms] [LOG] THREE.WebGLRenderer: Context Lost. @ webpack-internal:///(app-pages-browser)/./node_modules/next/dist/next-devtools/shared/forward-logs-shared.js:27
[   22312ms] TypeError: Cannot read properties of null (reading 'alpha')
    at EffectComposer.addPass (webpack-internal:///(app-pages-browser)/./node_modules/postprocessing/build/index.js:1194:67)
    at eval (webpack-internal:///(app-pages-browser)/./node_modules/@react-three/postprocessing/dist/index.js:165:34)
    at Object.react_stack_bottom_frame (webpack-internal:///(app-pages-browser)/./node_modules/@react-three/fiber/dist/events-5a94e5eb.esm.js:13273:44)
    at B (webpack-internal:///(app-pages-browser)/./node_modules/@react-three/fiber/dist/events-5a94e5eb.esm.js:7908:105)
    at ca (webpack-internal:///(app-pages-browser)/./node_modules/@react-three/fiber/dist/events-5a94e5eb.esm.js:10978:101)
    at Pf (webpack-internal:///(app-pages-browser)/./node_modules/@react-three/fiber/dist/events-5a94e5eb.esm.js:10966:32)
    at yn (webpack-internal:///(app-pages-browser)/./node_modules/@react-three/fiber/dist/events-5a94e5eb.esm.js:11255:44)
    at rt (webpack-internal:///(app-pages-browser)/./node_modules/@react-three/fiber/dist/events-5a94e5eb.esm.js:11634:73)
    at yn (webpack-internal:///(app-pages-browser)/./node_modules/@react-three/fiber/dist/events-5a94e5eb.esm.js:11326:25)
    at rt (webpack-internal:///(app-pages-browser)/./node_modules/@react-three/fiber/dist/events-5a94e5eb.esm.js:11634:73)
    at yn (webpack-internal:///(app-pages-browser)/./node_modules/@react-three/fiber/dist/events-5a94e5eb.esm.js:11255:25)
    at rt (webpack-internal:///(app-pages-browser)/./node_modules/@react-three/fiber/dist/events-5a94e5eb.esm.js:11634:73)
    at yn (webpack-internal:///(app-pages-browser)/./node_modules/@react-three/fiber/dist/events-5a94e5eb.esm.js:11320:168)
    at rt (webpack-internal:///(app-pages-browser)/./node_modules/@react-three/fiber/dist/events-5a94e5eb.esm.js:11634:73)
    at yn (webpack-internal:///(app-pages-browser)/./node_modules/@react-three/fiber/dist/events-5a94e5eb.esm.js:11314:25)
    at rt (webpack-internal:///(app-pages-browser)/./node_modules/@react-three/fiber/dist/events-5a94e5eb.esm.js:11634:73)
    at yn (webpack-internal:///(app-pages-browser)/./node_modules/@react-three/fiber/dist/events-5a94e5eb.esm.js:11258:29)
    at rt (webpack-internal:///(app-pages-browser)/./node_modules/@react-three/fiber/dist/events-5a94e5eb.esm.js:11634:73)
    at yn (webpack-internal:///(app-pages-browser)/./node_modules/@react-three/fiber/dist/events-5a94e5eb.esm.js:11326:25)
    at rt (webpack-internal:///(app-pages-browser)/./node_modules/@react-three/fiber/dist/events-5a94e5eb.esm.js:11634:73)
    at yn (webpack-internal:///(app-pages-browser)/./node_modules/@react-three/fiber/dist/events-5a94e5eb.esm.js:11326:25)
    at rt (webpack-internal:///(app-pages-browser)/./node_modules/@react-three/fiber/dist/events-5a94e5eb.esm.js:11634:73)
    at yn (webpack-internal:///(app-pages-browser)/./node_modules/@react-three/fiber/dist/events-5a94e5eb.esm.js:11326:25)
    at rt (webpack-internal:///(app-pages-browser)/./node_modules/@react-three/fiber/dist/events-5a94e5eb.esm.js:11634:73)
    at yn (webpack-internal:///(app-pages-browser)/./node_modules/@react-three/fiber/dist/events-5a94e5eb.esm.js:11326:25)
    at rt (webpack-internal:///(app-pages-browser)/./node_modules/@react-three/fiber/dist/events-5a94e5eb.esm.js:11634:73)
    at yn (webpack-internal:///(app-pages-browser)/./node_modules/@react-three/fiber/dist/events-5a94e5eb.esm.js:11326:25)
    at rt (webpack-internal:///(app-pages-browser)/./node_modules/@react-three/fiber/dist/events-5a94e5eb.esm.js:11634:73)
    at yn (webpack-internal:///(app-pages-browser)/./node_modules/@react-three/fiber/dist/events-5a94e5eb.esm.js:11326:25)
    at rt (webpack-internal:///(app-pages-browser)/./node_modules/@react-three/fiber/dist/events-5a94e5eb.esm.js:11634:73)
    at yn (webpack-internal:///(app-pages-browser)/./node_modules/@react-three/fiber/dist/events-5a94e5eb.esm.js:11326:25)
    at rt (webpack-internal:///(app-pages-browser)/./node_modules/@react-three/fiber/dist/events-5a94e5eb.esm.js:11634:73)
    at yn (webpack-internal:///(app-pages-browser)/./node_modules/@react-three/fiber/dist/events-5a94e5eb.esm.js:11326:25)
    at rt (webpack-internal:///(app-pages-browser)/./node_modules/@react-three/fiber/dist/events-5a94e5eb.esm.js:11634:73)
    at yn (webpack-internal:///(app-pages-browser)/./node_modules/@react-three/fiber/dist/events-5a94e5eb.esm.js:11326:25)
    at rt (webpack-internal:///(app-pages-browser)/./node_modules/@react-three/fiber/dist/events-5a94e5eb.esm.js:11634:73)
    at yn (webpack-internal:///(app-pages-browser)/./node_modules/@react-three/fiber/dist/events-5a94e5eb.esm.js:11326:25)
    at rt (webpack-internal:///(app-pages-browser)/./node_modules/@react-three/fiber/dist/events-5a94e5eb.esm.js:11634:73)
    at yn (webpack-internal:///(app-pages-browser)/./node_modules/@react-three/fiber/dist/events-5a94e5eb.esm.js:11326:25)
    at rt (webpack-internal:///(app-pages-browser)/./node_modules/@react-three/fiber/dist/events-5a94e5eb.esm.js:11634:73)
    at yn (webpack-internal:///(app-pages-browser)/./node_modules/@react-three/fiber/dist/events-5a94e5eb.esm.js:11326:25)
    at rt (webpack-internal:///(app-pages-browser)/./node_modules/@react-three/fiber/dist/events-5a94e5eb.esm.js:11634:73)
    at yn (webpack-internal:///(app-pages-browser)/./node_modules/@react-three/fiber/dist/events-5a94e5eb.esm.js:11326:25)
    at rt (webpack-internal:///(app-pages-browser)/./node_modules/@react-three/fiber/dist/events-5a94e5eb.esm.js:11634:73)
    at yn (webpack-internal:///(app-pages-browser)/./node_modules/@react-three/fiber/dist/events-5a94e5eb.esm.js:11258:29)
    at rt (webpack-internal:///(app-pages-browser)/./node_modules/@react-three/fiber/dist/events-5a94e5eb.esm.js:11634:73)
    at yn (webpack-internal:///(app-pages-browser)/./node_modules/@react-three/fiber/dist/events-5a94e5eb.esm.js:11255:25)
    at rt (webpack-internal:///(app-pages-browser)/./node_modules/@react-three/fiber/dist/events-5a94e5eb.esm.js:11634:73)
    at yn (webpack-internal:///(app-pages-browser)/./node_modules/@react-three/fiber/dist/events-5a94e5eb.esm.js:11255:25)
    at rt (webpack-internal:///(app-pages-browser)/./node_modules/@react-three/fiber/dist/events-5a94e5eb.esm.js:11634:73)
[   24710ms] [LOG] [Fast Refresh] rebuilding @ webpack-internal:///(app-pages-browser)/./node_modules/next/dist/next-devtools/shared/forward-logs-shared.js:27
[   24875ms] [WARNING] [Fast Refresh] performing full reload because your application had an unrecoverable error @ webpack-internal:///(app-pages-browser)/./node_modules/next/dist/next-devtools/shared/forward-logs-shared.js:27
[   26435ms] [INFO] %cDownload the React DevTools for a better development experience: https://react.dev/link/react-devtools font-weight:bold @ webpack-internal:///(app-pages-browser)/./node_modules/next/dist/next-devtools/shared/forward-logs-shared.js:27
[   26523ms] [LOG] [HMR] connected @ webpack-internal:///(app-pages-browser)/./node_modules/next/dist/next-devtools/shared/forward-logs-shared.js:27
[   26642ms] [LOG] [Fast Refresh] rebuilding @ webpack-internal:///(app-pages-browser)/./node_modules/next/dist/next-devtools/shared/forward-logs-shared.js:27
[   26677ms] [WARNING] Please ensure that the container has a non-static position, like 'relative', 'fixed', or 'absolute' to ensure scroll offset is calculated correctly. @ webpack-internal:///(app-pages-browser)/./node_modules/next/dist/next-devtools/shared/forward-logs-shared.js:27
[   27051ms] [WARNING] THREE.THREE.Clock: This module has been deprecated. Please use THREE.Timer instead. @ webpack-internal:///(app-pages-browser)/./node_modules/next/dist/next-devtools/shared/forward-logs-shared.js:27
[   27163ms] [LOG] [Fast Refresh] rebuilding @ webpack-internal:///(app-pages-browser)/./node_modules/next/dist/next-devtools/shared/forward-logs-shared.js:27
[   27941ms] [LOG] [Fast Refresh] done in 778ms @ webpack-internal:///(app-pages-browser)/./node_modules/next/dist/next-devtools/shared/forward-logs-shared.js:27
[   27957ms] [LOG] [Fast Refresh] rebuilding @ webpack-internal:///(app-pages-browser)/./node_modules/next/dist/next-devtools/shared/forward-logs-shared.js:27
[   28089ms] TypeError: Cannot read properties of null (reading 'alpha')
    at EffectComposer.addPass (webpack-internal:///(app-pages-browser)/./node_modules/postprocessing/build/index.js:1194:67)
    at eval (webpack-internal:///(app-pages-browser)/./node_modules/@react-three/postprocessing/dist/index.js:165:34)
    at Object.react_stack_bottom_frame (webpack-internal:///(app-pages-browser)/./node_modules/@react-three/fiber/dist/events-5a94e5eb.esm.js:13273:44)
    at B (webpack-internal:///(app-pages-browser)/./node_modules/@react-three/fiber/dist/events-5a94e5eb.esm.js:7908:105)
    at ca (webpack-internal:///(app-pages-browser)/./node_modules/@react-three/fiber/dist/events-5a94e5eb.esm.js:10978:101)
    at Pf (webpack-internal:///(app-pages-browser)/./node_modules/@react-three/fiber/dist/events-5a94e5eb.esm.js:10966:32)
    at yn (webpack-internal:///(app-pages-browser)/./node_modules/@react-three/fiber/dist/events-5a94e5eb.esm.js:11255:44)
    at rt (webpack-internal:///(app-pages-browser)/./node_modules/@react-three/fiber/dist/events-5a94e5eb.esm.js:11634:73)
    at yn (webpack-internal:///(app-pages-browser)/./node_modules/@react-three/fiber/dist/events-5a94e5eb.esm.js:11326:25)
    at rt (webpack-internal:///(app-pages-browser)/./node_modules/@react-three/fiber/dist/events-5a94e5eb.esm.js:11634:73)
    at yn (webpack-internal:///(app-pages-browser)/./node_modules/@react-three/fiber/dist/events-5a94e5eb.esm.js:11255:25)
    at rt (webpack-internal:///(app-pages-browser)/./node_modules/@react-three/fiber/dist/events-5a94e5eb.esm.js:11634:73)
    at yn (webpack-internal:///(app-pages-browser)/./node_modules/@react-three/fiber/dist/events-5a94e5eb.esm.js:11320:168)
    at rt (webpack-internal:///(app-pages-browser)/./node_modules/@react-three/fiber/dist/events-5a94e5eb.esm.js:11634:73)
    at yn (webpack-internal:///(app-pages-browser)/./node_modules/@react-three/fiber/dist/events-5a94e5eb.esm.js:11314:25)
    at rt (webpack-internal:///(app-pages-browser)/./node_modules/@react-three/fiber/dist/events-5a94e5eb.esm.js:11634:73)
    at yn (webpack-internal:///(app-pages-browser)/./node_modules/@react-three/fiber/dist/events-5a94e5eb.esm.js:11258:29)
    at rt (webpack-internal:///(app-pages-browser)/./node_modules/@react-three/fiber/dist/events-5a94e5eb.esm.js:11634:73)
    at yn (webpack-internal:///(app-pages-browser)/./node_modules/@react-three/fiber/dist/events-5a94e5eb.esm.js:11326:25)
    at rt (webpack-internal:///(app-pages-browser)/./node_modules/@react-three/fiber/dist/events-5a94e5eb.esm.js:11634:73)
    at yn (webpack-internal:///(app-pages-browser)/./node_modules/@react-three/fiber/dist/events-5a94e5eb.esm.js:11326:25)
    at rt (webpack-internal:///(app-pages-browser)/./node_modules/@react-three/fiber/dist/events-5a94e5eb.esm.js:11634:73)
    at yn (webpack-internal:///(app-pages-browser)/./node_modules/@react-three/fiber/dist/events-5a94e5eb.esm.js:11326:25)
    at rt (webpack-internal:///(app-pages-browser)/./node_modules/@react-three/fiber/dist/events-5a94e5eb.esm.js:11634:73)
    at yn (webpack-internal:///(app-pages-browser)/./node_modules/@react-three/fiber/dist/events-5a94e5eb.esm.js:11326:25)
    at rt (webpack-internal:///(app-pages-browser)/./node_modules/@react-three/fiber/dist/events-5a94e5eb.esm.js:11634:73)
    at yn (webpack-internal:///(app-pages-browser)/./node_modules/@react-three/fiber/dist/events-5a94e5eb.esm.js:11326:25)
    at rt (webpack-internal:///(app-pages-browser)/./node_modules/@react-three/fiber/dist/events-5a94e5eb.esm.js:11634:73)
    at yn (webpack-internal:///(app-pages-browser)/./node_modules/@react-three/fiber/dist/events-5a94e5eb.esm.js:11326:25)
    at rt (webpack-internal:///(app-pages-browser)/./node_modules/@react-three/fiber/dist/events-5a94e5eb.esm.js:11634:73)
    at yn (webpack-internal:///(app-pages-browser)/./node_modules/@react-three/fiber/dist/events-5a94e5eb.esm.js:11326:25)
    at rt (webpack-internal:///(app-pages-browser)/./node_modules/@react-three/fiber/dist/events-5a94e5eb.esm.js:11634:73)
    at yn (webpack-internal:///(app-pages-browser)/./node_modules/@react-three/fiber/dist/events-5a94e5eb.esm.js:11326:25)
    at rt (webpack-internal:///(app-pages-browser)/./node_modules/@react-three/fiber/dist/events-5a94e5eb.esm.js:11634:73)
    at yn (webpack-internal:///(app-pages-browser)/./node_modules/@react-three/fiber/dist/events-5a94e5eb.esm.js:11326:25)
    at rt (webpack-internal:///(app-pages-browser)/./node_modules/@react-three/fiber/dist/events-5a94e5eb.esm.js:11634:73)
    at yn (webpack-internal:///(app-pages-browser)/./node_modules/@react-three/fiber/dist/events-5a94e5eb.esm.js:11326:25)
    at rt (webpack-internal:///(app-pages-browser)/./node_modules/@react-three/fiber/dist/events-5a94e5eb.esm.js:11634:73)
    at yn (webpack-internal:///(app-pages-browser)/./node_modules/@react-three/fiber/dist/events-5a94e5eb.esm.js:11326:25)
    at rt (webpack-internal:///(app-pages-browser)/./node_modules/@react-three/fiber/dist/events-5a94e5eb.esm.js:11634:73)
    at yn (webpack-internal:///(app-pages-browser)/./node_modules/@react-three/fiber/dist/events-5a94e5eb.esm.js:11326:25)
    at rt (webpack-internal:///(app-pages-browser)/./node_modules/@react-three/fiber/dist/events-5a94e5eb.esm.js:11634:73)
    at yn (webpack-internal:///(app-pages-browser)/./node_modules/@react-three/fiber/dist/events-5a94e5eb.esm.js:11326:25)
    at rt (webpack-internal:///(app-pages-browser)/./node_modules/@react-three/fiber/dist/events-5a94e5eb.esm.js:11634:73)
    at yn (webpack-internal:///(app-pages-browser)/./node_modules/@react-three/fiber/dist/events-5a94e5eb.esm.js:11258:29)
    at rt (webpack-internal:///(app-pages-browser)/./node_modules/@react-three/fiber/dist/events-5a94e5eb.esm.js:11634:73)
    at yn (webpack-internal:///(app-pages-browser)/./node_modules/@react-three/fiber/dist/events-5a94e5eb.esm.js:11255:25)
    at rt (webpack-internal:///(app-pages-browser)/./node_modules/@react-three/fiber/dist/events-5a94e5eb.esm.js:11634:73)
    at yn (webpack-internal:///(app-pages-browser)/./node_modules/@react-three/fiber/dist/events-5a94e5eb.esm.js:11255:25)
    at rt (webpack-internal:///(app-pages-browser)/./node_modules/@react-three/fiber/dist/events-5a94e5eb.esm.js:11634:73)
[   28086ms] [LOG] THREE.WebGLRenderer: Context Lost. @ webpack-internal:///(app-pages-browser)/./node_modules/next/dist/next-devtools/shared/forward-logs-shared.js:27
[   28108ms] [WARNING] [Fast Refresh] performing full reload because your application had an unrecoverable error @ webpack-internal:///(app-pages-browser)/./node_modules/next/dist/next-devtools/shared/forward-logs-shared.js:27
[   29518ms] Invalid or unexpected token
[   35328ms] [INFO] %cDownload the React DevTools for a better development experience: https://react.dev/link/react-devtools font-weight:bold @ webpack-internal:///(app-pages-browser)/./node_modules/next/dist/next-devtools/shared/forward-logs-shared.js:27
[   35412ms] [LOG] [HMR] connected @ webpack-internal:///(app-pages-browser)/./node_modules/next/dist/next-devtools/shared/forward-logs-shared.js:27
[   35534ms] [LOG] [Fast Refresh] rebuilding @ webpack-internal:///(app-pages-browser)/./node_modules/next/dist/next-devtools/shared/forward-logs-shared.js:27
[   35862ms] [ERROR] Can't perform a React state update on a component that hasn't mounted yet. This indicates that you have a side-effect in your render function that asynchronously tries to update the component. Move this work to useEffect instead. @ webpack-internal:///(app-pages-browser)/./node_modules/next/dist/next-devtools/userspace/app/errors/intercept-console-error.js:57
[   35874ms] [LOG] [Fast Refresh] rebuilding @ webpack-internal:///(app-pages-browser)/./node_modules/next/dist/next-devtools/shared/forward-logs-shared.js:27
[   36499ms] [LOG] [Fast Refresh] done in 625ms @ webpack-internal:///(app-pages-browser)/./node_modules/next/dist/next-devtools/shared/forward-logs-shared.js:27
[   36517ms] [LOG] [Fast Refresh] rebuilding @ webpack-internal:///(app-pages-browser)/./node_modules/next/dist/next-devtools/shared/forward-logs-shared.js:27
