[     748ms] [INFO] %cDownload the React DevTools for a better development experience: https://react.dev/link/react-devtools font-weight:bold @ http://localhost:3001/_next/static/chunks/node_modules_next_dist_f3530cac._.js:2297
[     852ms] [LOG] [HMR] connected @ http://localhost:3001/_next/static/chunks/node_modules_next_dist_f3530cac._.js:2297
[     937ms] Error: Hydration failed because the server rendered HTML didn't match the client. As a result this tree will be regenerated on the client. This can happen if a SSR-ed Client Component used:

- A server/client branch `if (typeof window !== 'undefined')`.
- Variable input such as `Date.now()` or `Math.random()` which changes each time it's called.
- Date formatting in a user's locale which doesn't match the server.
- External changing data without sending a snapshot of it along with the HTML.
- Invalid HTML tag nesting.

It can also happen if the client has a browser extension installed which messes with the HTML before React loaded.

https://react.dev/link/hydration-mismatch

  ...
    <RootLayout>
      <html lang="ru">
        <head>
        ...
          <ApartmentProvider>
            <SearchProvider>
              <HeaderProvider>
                <PhotoModalProvider>
                  <OuterLayoutRouter>
                  <HeaderConditional>
                    <HeaderWrapper>
                      <Header onBurgerClick={function onBurgerClick}>
                        <header className={"\n      ..."}>
+                         <button className="header__burger" onClick={function onBurgerClick}>
-                         <div className={"header__top-row "}>
                          ...
                      ...
                  ...

    at throwOnHydrationMismatch (http://localhost:3001/_next/static/chunks/node_modules_next_dist_compiled_react-dom_1e674e59._.js:3348:56)
    at beginWork (http://localhost:3001/_next/static/chunks/node_modules_next_dist_compiled_react-dom_1e674e59._.js:6775:918)
    at runWithFiberInDEV (http://localhost:3001/_next/static/chunks/node_modules_next_dist_compiled_react-dom_1e674e59._.js:965:74)
    at performUnitOfWork (http://localhost:3001/_next/static/chunks/node_modules_next_dist_compiled_react-dom_1e674e59._.js:9562:97)
    at workLoopConcurrentByScheduler (http://localhost:3001/_next/static/chunks/node_modules_next_dist_compiled_react-dom_1e674e59._.js:9558:58)
    at renderRootConcurrent (http://localhost:3001/_next/static/chunks/node_modules_next_dist_compiled_react-dom_1e674e59._.js:9541:71)
    at performWorkOnRoot (http://localhost:3001/_next/static/chunks/node_modules_next_dist_compiled_react-dom_1e674e59._.js:9068:150)
    at performWorkOnRootViaSchedulerTask (http://localhost:3001/_next/static/chunks/node_modules_next_dist_compiled_react-dom_1e674e59._.js:10230:9)
    at MessagePort.performWorkUntilDeadline (http://localhost:3001/_next/static/chunks/node_modules_next_dist_compiled_a0e4c7b4._.js:2647:64)
[     973ms] [LOG] 📌 [Header] mode: hero @ http://localhost:3001/_next/static/chunks/node_modules_next_dist_f3530cac._.js:2297
[     973ms] [LOG] 📌 [Header] searchParams: null @ http://localhost:3001/_next/static/chunks/node_modules_next_dist_f3530cac._.js:2297
[     974ms] [LOG] 📌 [Header] pathname: / @ http://localhost:3001/_next/static/chunks/node_modules_next_dist_f3530cac._.js:2297
[     974ms] [LOG] 📌 [Header] isApartmentPage: false @ http://localhost:3001/_next/static/chunks/node_modules_next_dist_f3530cac._.js:2297
[     974ms] [LOG] 📌 [Header] activeApartment: null @ http://localhost:3001/_next/static/chunks/node_modules_next_dist_f3530cac._.js:2297
[     998ms] [LOG] 📌 [Header] mode: hero @ http://localhost:3001/_next/static/chunks/node_modules_next_dist_f3530cac._.js:2297
[    1001ms] [LOG] 📌 [Header] searchParams: null @ http://localhost:3001/_next/static/chunks/node_modules_next_dist_f3530cac._.js:2297
[    1002ms] [LOG] 📌 [Header] pathname: / @ http://localhost:3001/_next/static/chunks/node_modules_next_dist_f3530cac._.js:2297
[    1002ms] [LOG] 📌 [Header] isApartmentPage: false @ http://localhost:3001/_next/static/chunks/node_modules_next_dist_f3530cac._.js:2297
[    1002ms] [LOG] 📌 [Header] activeApartment: null @ http://localhost:3001/_next/static/chunks/node_modules_next_dist_f3530cac._.js:2297
[    1332ms] [ERROR] Error fetching hero slides: Error: no slides
    at Hero.useEffect.fetchSlides (http://localhost:3001/_next/static/chunks/_8e68ed5e._.js:99:35) @ http://localhost:3001/_next/static/chunks/node_modules_next_dist_f3530cac._.js:3127
[    1333ms] [ERROR] Error fetching hero slides: Error: no slides
    at Hero.useEffect.fetchSlides (http://localhost:3001/_next/static/chunks/_8e68ed5e._.js:99:35) @ http://localhost:3001/_next/static/chunks/node_modules_next_dist_f3530cac._.js:3127
[  136229ms] [LOG] [Fast Refresh] rebuilding @ http://localhost:3001/_next/static/chunks/node_modules_next_dist_f3530cac._.js:2297
[  136244ms] [LOG] [Fast Refresh] done in 122ms @ http://localhost:3001/_next/static/chunks/node_modules_next_dist_f3530cac._.js:2297
[  153365ms] [LOG] [HMR] connected @ http://localhost:3001/_next/static/chunks/node_modules_next_dist_f3530cac._.js:2297
[  153623ms] [LOG] 📌 [Header] mode: hero @ http://localhost:3001/_next/static/chunks/node_modules_next_dist_f3530cac._.js:2297
[  153624ms] [LOG] 📌 [Header] searchParams: null @ http://localhost:3001/_next/static/chunks/node_modules_next_dist_f3530cac._.js:2297
[  153625ms] [LOG] 📌 [Header] pathname: / @ http://localhost:3001/_next/static/chunks/node_modules_next_dist_f3530cac._.js:2297
[  153625ms] [LOG] 📌 [Header] isApartmentPage: false @ http://localhost:3001/_next/static/chunks/node_modules_next_dist_f3530cac._.js:2297
[  153626ms] [LOG] 📌 [Header] activeApartment: null @ http://localhost:3001/_next/static/chunks/node_modules_next_dist_f3530cac._.js:2297
[  154178ms] [ERROR] Error fetching hero slides: Error: no slides
    at Hero.useEffect.fetchSlides (http://localhost:3001/_next/static/chunks/_8e68ed5e._.js:99:35) @ http://localhost:3001/_next/static/chunks/node_modules_next_dist_f3530cac._.js:3127
[  157605ms] [LOG] 📌 [Header] mode: apartment @ http://localhost:3001/_next/static/chunks/node_modules_next_dist_f3530cac._.js:2297
[  157605ms] [LOG] 📌 [Header] searchParams: null @ http://localhost:3001/_next/static/chunks/node_modules_next_dist_f3530cac._.js:2297
[  157606ms] [LOG] 📌 [Header] pathname: / @ http://localhost:3001/_next/static/chunks/node_modules_next_dist_f3530cac._.js:2297
[  157606ms] [LOG] 📌 [Header] isApartmentPage: false @ http://localhost:3001/_next/static/chunks/node_modules_next_dist_f3530cac._.js:2297
[  157606ms] [LOG] 📌 [Header] activeApartment: {id: ls-lux-sweet-caramel, title:  Art Sweet Caramel, image: /panoramas/LS-Art-Sweet-Caramel.webp, maxGuests: 4, meta: Array(4)} @ http://localhost:3001/_next/static/chunks/node_modules_next_dist_f3530cac._.js:2297
[  158629ms] [LOG] 📌 [Header] mode: dark @ http://localhost:3001/_next/static/chunks/node_modules_next_dist_f3530cac._.js:2297
[  158629ms] [LOG] 📌 [Header] searchParams: null @ http://localhost:3001/_next/static/chunks/node_modules_next_dist_f3530cac._.js:2297
[  158630ms] [LOG] 📌 [Header] pathname: / @ http://localhost:3001/_next/static/chunks/node_modules_next_dist_f3530cac._.js:2297
[  158630ms] [LOG] 📌 [Header] isApartmentPage: false @ http://localhost:3001/_next/static/chunks/node_modules_next_dist_f3530cac._.js:2297
[  158631ms] [LOG] 📌 [Header] activeApartment: {id: ls-lux-sweet-caramel, title:  Art Sweet Caramel, image: /panoramas/LS-Art-Sweet-Caramel.webp, maxGuests: 4, meta: Array(4)} @ http://localhost:3001/_next/static/chunks/node_modules_next_dist_f3530cac._.js:2297
[  252571ms] [LOG] [HMR] connected @ http://localhost:3001/_next/static/chunks/node_modules_next_dist_f3530cac._.js:2297
[  252856ms] [LOG] 📌 [Header] mode: hero @ http://localhost:3001/_next/static/chunks/node_modules_next_dist_f3530cac._.js:2297
[  252857ms] [LOG] 📌 [Header] searchParams: null @ http://localhost:3001/_next/static/chunks/node_modules_next_dist_f3530cac._.js:2297
[  252858ms] [LOG] 📌 [Header] pathname: / @ http://localhost:3001/_next/static/chunks/node_modules_next_dist_f3530cac._.js:2297
[  252858ms] [LOG] 📌 [Header] isApartmentPage: false @ http://localhost:3001/_next/static/chunks/node_modules_next_dist_f3530cac._.js:2297
[  252858ms] [LOG] 📌 [Header] activeApartment: null @ http://localhost:3001/_next/static/chunks/node_modules_next_dist_f3530cac._.js:2297
[  253816ms] [ERROR] Error fetching hero slides: Error: no slides
    at Hero.useEffect.fetchSlides (http://localhost:3001/_next/static/chunks/_8e68ed5e._.js:99:35) @ http://localhost:3001/_next/static/chunks/node_modules_next_dist_f3530cac._.js:3127
[  256749ms] [LOG] 📌 [Header] mode: apartment @ http://localhost:3001/_next/static/chunks/node_modules_next_dist_f3530cac._.js:2297
[  256750ms] [LOG] 📌 [Header] searchParams: null @ http://localhost:3001/_next/static/chunks/node_modules_next_dist_f3530cac._.js:2297
[  256750ms] [LOG] 📌 [Header] pathname: / @ http://localhost:3001/_next/static/chunks/node_modules_next_dist_f3530cac._.js:2297
[  256751ms] [LOG] 📌 [Header] isApartmentPage: false @ http://localhost:3001/_next/static/chunks/node_modules_next_dist_f3530cac._.js:2297
[  256751ms] [LOG] 📌 [Header] activeApartment: {id: ls-lux-sweet-caramel, title:  Art Sweet Caramel, image: /panoramas/LS-Art-Sweet-Caramel.webp, maxGuests: 4, meta: Array(4)} @ http://localhost:3001/_next/static/chunks/node_modules_next_dist_f3530cac._.js:2297
[  257490ms] [LOG] 📌 [Header] mode: dark @ http://localhost:3001/_next/static/chunks/node_modules_next_dist_f3530cac._.js:2297
[  257491ms] [LOG] 📌 [Header] searchParams: null @ http://localhost:3001/_next/static/chunks/node_modules_next_dist_f3530cac._.js:2297
[  257491ms] [LOG] 📌 [Header] pathname: / @ http://localhost:3001/_next/static/chunks/node_modules_next_dist_f3530cac._.js:2297
[  257491ms] [LOG] 📌 [Header] isApartmentPage: false @ http://localhost:3001/_next/static/chunks/node_modules_next_dist_f3530cac._.js:2297
[  257491ms] [LOG] 📌 [Header] activeApartment: {id: ls-lux-sweet-caramel, title:  Art Sweet Caramel, image: /panoramas/LS-Art-Sweet-Caramel.webp, maxGuests: 4, meta: Array(4)} @ http://localhost:3001/_next/static/chunks/node_modules_next_dist_f3530cac._.js:2297
[  259987ms] [LOG] 📌 [Header] mode: apartment @ http://localhost:3001/_next/static/chunks/node_modules_next_dist_f3530cac._.js:2297
[  259988ms] [LOG] 📌 [Header] searchParams: null @ http://localhost:3001/_next/static/chunks/node_modules_next_dist_f3530cac._.js:2297
[  259988ms] [LOG] 📌 [Header] pathname: / @ http://localhost:3001/_next/static/chunks/node_modules_next_dist_f3530cac._.js:2297
[  259989ms] [LOG] 📌 [Header] isApartmentPage: false @ http://localhost:3001/_next/static/chunks/node_modules_next_dist_f3530cac._.js:2297
[  259989ms] [LOG] 📌 [Header] activeApartment: {id: ls-lux-sweet-caramel, title:  Art Sweet Caramel, image: /panoramas/LS-Art-Sweet-Caramel.webp, maxGuests: 4, meta: Array(4)} @ http://localhost:3001/_next/static/chunks/node_modules_next_dist_f3530cac._.js:2297
[  287360ms] [LOG] [Fast Refresh] rebuilding @ http://localhost:3001/_next/static/chunks/node_modules_next_dist_f3530cac._.js:2297
[  287361ms] [LOG] [Fast Refresh] done in 101ms @ http://localhost:3001/_next/static/chunks/node_modules_next_dist_f3530cac._.js:2297
[  289655ms] [LOG] [Fast Refresh] rebuilding @ http://localhost:3001/_next/static/chunks/node_modules_next_dist_f3530cac._.js:2297
[  289661ms] [LOG] [Fast Refresh] done in 107ms @ http://localhost:3001/_next/static/chunks/node_modules_next_dist_f3530cac._.js:2297
[  434012ms] [LOG] [Fast Refresh] rebuilding @ http://localhost:3001/_next/static/chunks/node_modules_next_dist_f3530cac._.js:2297
[  434421ms] [LOG] [Fast Refresh] done in 477ms @ http://localhost:3001/_next/static/chunks/node_modules_next_dist_f3530cac._.js:2297
