[    1016ms] [LOG] 
%c  %c

%cSpline
%c1.12.81
 background: linear-gradient(124.21deg, #FFC81D 0%, #F34EF1 10.21%, #3DFCC6 19.96%, #3DFCC6 27.38%, #4380FF 34.39%, #4380FF 55.06%, #FF3AF3 66.05%, #FF3AF3 89.11%);border-radius: 6px; background: none; color: #888; font-size: 20px; color: #666; font-size: 15px; @ https://app.spline.design/assets/entries/pages_index.BcxEDAbd.js:5227
[    1643ms] [ERROR] Access to fetch at 'https://o461187.ingest.sentry.io/api/5717832/envelope/?sentry_key=4169885f834f44d38b70b2c84a715266&sentry_version=7' from origin 'https://app.spline.design' has been blocked by CORS policy: No 'Access-Control-Allow-Origin' header is present on the requested resource. @ https://app.spline.design/file/9434e050-b7c6-41b1-b62f-3b9598d11a20:0
[    1643ms] [ERROR] Failed to load resource: net::ERR_FAILED @ https://o461187.ingest.sentry.io/api/5717832/envelope/?sentry_key=4169885f834f44d38b70b2c84a715266&sentry_version=7:0
[    3916ms] [WARNING] THREE.WebGLProgram: Unsupported encoding: srgb @ https://app.spline.design/assets/chunks/chunk-C1GBGJcI.js:4
[    3949ms] [WARNING] THREE.WebGLRenderer: Texture marked for update but image is incomplete @ https://app.spline.design/assets/chunks/chunk-C1GBGJcI.js:4
[    4138ms] [WARNING] THREE.WebGLRenderer: Texture marked for update but image is incomplete @ https://app.spline.design/assets/chunks/chunk-C1GBGJcI.js:4
[    4196ms] [WARNING] THREE.WebGLRenderer: Texture marked for update but image is incomplete @ https://app.spline.design/assets/chunks/chunk-C1GBGJcI.js:4
[    4314ms] [WARNING] THREE.WebGLRenderer: Texture marked for update but image is incomplete @ https://app.spline.design/assets/chunks/chunk-C1GBGJcI.js:4
[    4330ms] [WARNING] THREE.WebGLRenderer: Texture marked for update but image is incomplete @ https://app.spline.design/assets/chunks/chunk-C1GBGJcI.js:4
[    4334ms] [WARNING] THREE.WebGLRenderer: Texture marked for update but image is incomplete @ https://app.spline.design/assets/chunks/chunk-C1GBGJcI.js:4
[    4339ms] [WARNING] THREE.WebGLRenderer: Texture marked for update but image is incomplete @ https://app.spline.design/assets/chunks/chunk-C1GBGJcI.js:4
[    4357ms] [WARNING] THREE.WebGLRenderer: Texture marked for update but image is incomplete @ https://app.spline.design/assets/chunks/chunk-C1GBGJcI.js:4
[    4365ms] [WARNING] THREE.WebGLRenderer: Texture marked for update but image is incomplete @ https://app.spline.design/assets/chunks/chunk-C1GBGJcI.js:4
[    4378ms] [WARNING] THREE.WebGLRenderer: Texture marked for update but image is incomplete @ https://app.spline.design/assets/chunks/chunk-C1GBGJcI.js:4
[    4393ms] [WARNING] THREE.WebGLRenderer: Texture marked for update but image is incomplete @ https://app.spline.design/assets/chunks/chunk-C1GBGJcI.js:4
[    4417ms] [WARNING] THREE.WebGLRenderer: Texture marked for update but image is incomplete @ https://app.spline.design/assets/chunks/chunk-C1GBGJcI.js:4
[    4427ms] [WARNING] THREE.WebGLRenderer: Texture marked for update but image is incomplete @ https://app.spline.design/assets/chunks/chunk-C1GBGJcI.js:4
[    4434ms] [WARNING] THREE.WebGLRenderer: Texture marked for update but image is incomplete @ https://app.spline.design/assets/chunks/chunk-C1GBGJcI.js:4
[    4446ms] [WARNING] THREE.WebGLRenderer: Texture marked for update but image is incomplete @ https://app.spline.design/assets/chunks/chunk-C1GBGJcI.js:4
[    4461ms] [WARNING] THREE.WebGLRenderer: Texture marked for update but image is incomplete @ https://app.spline.design/assets/chunks/chunk-C1GBGJcI.js:4
[    4474ms] [WARNING] THREE.WebGLRenderer: Texture marked for update but image is incomplete @ https://app.spline.design/assets/chunks/chunk-C1GBGJcI.js:4
[    4494ms] [WARNING] THREE.WebGLRenderer: Texture marked for update but image is incomplete @ https://app.spline.design/assets/chunks/chunk-C1GBGJcI.js:4
[    4502ms] [WARNING] THREE.WebGLRenderer: Texture marked for update but image is incomplete @ https://app.spline.design/assets/chunks/chunk-C1GBGJcI.js:4
[    4511ms] [WARNING] THREE.WebGLRenderer: Texture marked for update but image is incomplete @ https://app.spline.design/assets/chunks/chunk-C1GBGJcI.js:4
[    4527ms] [WARNING] THREE.WebGLRenderer: Texture marked for update but image is incomplete @ https://app.spline.design/assets/chunks/chunk-C1GBGJcI.js:4
[    4539ms] [WARNING] THREE.WebGLRenderer: Texture marked for update but image is incomplete @ https://app.spline.design/assets/chunks/chunk-C1GBGJcI.js:4
[    4551ms] [WARNING] THREE.WebGLRenderer: Texture marked for update but image is incomplete @ https://app.spline.design/assets/chunks/chunk-C1GBGJcI.js:4
[    4565ms] [WARNING] THREE.WebGLRenderer: Texture marked for update but image is incomplete @ https://app.spline.design/assets/chunks/chunk-C1GBGJcI.js:4
[    4580ms] [WARNING] THREE.WebGLRenderer: Texture marked for update but image is incomplete @ https://app.spline.design/assets/chunks/chunk-C1GBGJcI.js:4
[    4592ms] [WARNING] THREE.WebGLRenderer: Texture marked for update but image is incomplete @ https://app.spline.design/assets/chunks/chunk-C1GBGJcI.js:4
[    4605ms] [WARNING] THREE.WebGLRenderer: Texture marked for update but image is incomplete @ https://app.spline.design/assets/chunks/chunk-C1GBGJcI.js:4
[    4619ms] [WARNING] THREE.WebGLRenderer: Texture marked for update but image is incomplete @ https://app.spline.design/assets/chunks/chunk-C1GBGJcI.js:4
[    4633ms] [WARNING] THREE.WebGLRenderer: Texture marked for update but image is incomplete @ https://app.spline.design/assets/chunks/chunk-C1GBGJcI.js:4
[    4676ms] [WARNING] THREE.WebGLRenderer: Texture marked for update but image is incomplete @ https://app.spline.design/assets/chunks/chunk-C1GBGJcI.js:4
[    4684ms] [WARNING] THREE.WebGLRenderer: Texture marked for update but image is incomplete @ https://app.spline.design/assets/chunks/chunk-C1GBGJcI.js:4
[    4688ms] [WARNING] THREE.WebGLRenderer: Texture marked for update but image is incomplete @ https://app.spline.design/assets/chunks/chunk-C1GBGJcI.js:4
[    4701ms] [WARNING] THREE.WebGLRenderer: Texture marked for update but image is incomplete @ https://app.spline.design/assets/chunks/chunk-C1GBGJcI.js:4
[    4714ms] [WARNING] THREE.WebGLRenderer: Texture marked for update but image is incomplete @ https://app.spline.design/assets/chunks/chunk-C1GBGJcI.js:4
[    4767ms] [WARNING] THREE.WebGLRenderer: Texture marked for update but image is incomplete @ https://app.spline.design/assets/chunks/chunk-C1GBGJcI.js:4
[    4774ms] [WARNING] THREE.WebGLRenderer: Texture marked for update but image is incomplete @ https://app.spline.design/assets/chunks/chunk-C1GBGJcI.js:4
[    4781ms] [WARNING] THREE.WebGLRenderer: Texture marked for update but image is incomplete @ https://app.spline.design/assets/chunks/chunk-C1GBGJcI.js:4
[    4899ms] [WARNING] THREE.WebGLRenderer: Texture marked for update but image is incomplete @ https://app.spline.design/assets/chunks/chunk-C1GBGJcI.js:4
[    4906ms] [WARNING] THREE.WebGLRenderer: Texture marked for update but image is incomplete @ https://app.spline.design/assets/chunks/chunk-C1GBGJcI.js:4
[    4912ms] [WARNING] THREE.WebGLRenderer: Texture marked for update but image is incomplete @ https://app.spline.design/assets/chunks/chunk-C1GBGJcI.js:4
[    4925ms] [WARNING] THREE.WebGLRenderer: Texture marked for update but image is incomplete @ https://app.spline.design/assets/chunks/chunk-C1GBGJcI.js:4
[    4957ms] [WARNING] THREE.WebGLRenderer: Texture marked for update but image is incomplete @ https://app.spline.design/assets/chunks/chunk-C1GBGJcI.js:4
[    4960ms] [WARNING] THREE.WebGLRenderer: Texture marked for update but image is incomplete @ https://app.spline.design/assets/chunks/chunk-C1GBGJcI.js:4
[    4965ms] [WARNING] THREE.WebGLRenderer: Texture marked for update but image is incomplete @ https://app.spline.design/assets/chunks/chunk-C1GBGJcI.js:4
[    4978ms] [WARNING] THREE.WebGLRenderer: Texture marked for update but image is incomplete @ https://app.spline.design/assets/chunks/chunk-C1GBGJcI.js:4
[    4991ms] [WARNING] THREE.WebGLRenderer: Texture marked for update but image is incomplete @ https://app.spline.design/assets/chunks/chunk-C1GBGJcI.js:4
[    5005ms] [WARNING] THREE.WebGLRenderer: Texture marked for update but image is incomplete @ https://app.spline.design/assets/chunks/chunk-C1GBGJcI.js:4
[    5017ms] [WARNING] THREE.WebGLRenderer: Texture marked for update but image is incomplete @ https://app.spline.design/assets/chunks/chunk-C1GBGJcI.js:4
[    5031ms] [WARNING] THREE.WebGLRenderer: Texture marked for update but image is incomplete @ https://app.spline.design/assets/chunks/chunk-C1GBGJcI.js:4
[    5044ms] [WARNING] THREE.WebGLRenderer: Texture marked for update but image is incomplete @ https://app.spline.design/assets/chunks/chunk-C1GBGJcI.js:4
[    5073ms] [WARNING] THREE.WebGLRenderer: Texture marked for update but image is incomplete @ https://app.spline.design/assets/chunks/chunk-C1GBGJcI.js:4
[    5088ms] [WARNING] THREE.WebGLRenderer: Texture marked for update but image is incomplete @ https://app.spline.design/assets/chunks/chunk-C1GBGJcI.js:4
[    5104ms] [WARNING] THREE.WebGLRenderer: Texture marked for update but image is incomplete @ https://app.spline.design/assets/chunks/chunk-C1GBGJcI.js:4
[    5107ms] [WARNING] THREE.WebGLRenderer: Texture marked for update but image is incomplete @ https://app.spline.design/assets/chunks/chunk-C1GBGJcI.js:4
[    5111ms] [WARNING] THREE.WebGLRenderer: Texture marked for update but image is incomplete @ https://app.spline.design/assets/chunks/chunk-C1GBGJcI.js:4
[    5125ms] [WARNING] THREE.WebGLRenderer: Texture marked for update but image is incomplete @ https://app.spline.design/assets/chunks/chunk-C1GBGJcI.js:4
[    5139ms] [WARNING] THREE.WebGLRenderer: Texture marked for update but image is incomplete @ https://app.spline.design/assets/chunks/chunk-C1GBGJcI.js:4
[    5143ms] [ERROR] ---- failed to open <0> as a font @ https://app.spline.design/assets/chunks/chunk-C1GBGJcI.js:4
[    5151ms] [WARNING] THREE.WebGLRenderer: Texture marked for update but image is incomplete @ https://app.spline.design/assets/chunks/chunk-C1GBGJcI.js:4
[    5166ms] [WARNING] THREE.WebGLRenderer: Texture marked for update but image is incomplete @ https://app.spline.design/assets/chunks/chunk-C1GBGJcI.js:4
[    5179ms] [WARNING] THREE.WebGLRenderer: Texture marked for update but image is incomplete @ https://app.spline.design/assets/chunks/chunk-C1GBGJcI.js:4
[    5192ms] [WARNING] THREE.WebGLRenderer: Texture marked for update but image is incomplete @ https://app.spline.design/assets/chunks/chunk-C1GBGJcI.js:4
[    5205ms] [WARNING] THREE.WebGLRenderer: Texture marked for update but image is incomplete @ https://app.spline.design/assets/chunks/chunk-C1GBGJcI.js:4
[    5219ms] [WARNING] THREE.WebGLRenderer: Texture marked for update but image is incomplete @ https://app.spline.design/assets/chunks/chunk-C1GBGJcI.js:4
[    5231ms] [WARNING] THREE.WebGLRenderer: Texture marked for update but image is incomplete @ https://app.spline.design/assets/chunks/chunk-C1GBGJcI.js:4
[    5245ms] [WARNING] THREE.WebGLRenderer: Texture marked for update but image is incomplete @ https://app.spline.design/assets/chunks/chunk-C1GBGJcI.js:4
[    5259ms] [WARNING] THREE.WebGLRenderer: Texture marked for update but image is incomplete @ https://app.spline.design/assets/chunks/chunk-C1GBGJcI.js:4
[    5272ms] [WARNING] THREE.WebGLRenderer: Texture marked for update but image is incomplete @ https://app.spline.design/assets/chunks/chunk-C1GBGJcI.js:4
[    5284ms] [WARNING] THREE.WebGLRenderer: Texture marked for update but image is incomplete @ https://app.spline.design/assets/chunks/chunk-C1GBGJcI.js:4
[    5301ms] [WARNING] THREE.WebGLRenderer: Texture marked for update but image is incomplete @ https://app.spline.design/assets/chunks/chunk-C1GBGJcI.js:4
[    5312ms] [WARNING] THREE.WebGLRenderer: Texture marked for update but image is incomplete @ https://app.spline.design/assets/chunks/chunk-C1GBGJcI.js:4
[    5325ms] [WARNING] THREE.WebGLRenderer: Texture marked for update but image is incomplete @ https://app.spline.design/assets/chunks/chunk-C1GBGJcI.js:4
[    5339ms] [WARNING] THREE.WebGLRenderer: Texture marked for update but image is incomplete @ https://app.spline.design/assets/chunks/chunk-C1GBGJcI.js:4
[    5352ms] [WARNING] THREE.WebGLRenderer: Texture marked for update but image is incomplete @ https://app.spline.design/assets/chunks/chunk-C1GBGJcI.js:4
[    5371ms] [WARNING] THREE.WebGLRenderer: Texture marked for update but image is incomplete @ https://app.spline.design/assets/chunks/chunk-C1GBGJcI.js:4
[    5386ms] [WARNING] THREE.WebGLRenderer: Texture marked for update but image is incomplete @ https://app.spline.design/assets/chunks/chunk-C1GBGJcI.js:4
[    5392ms] [WARNING] THREE.WebGLRenderer: Texture marked for update but image is incomplete @ https://app.spline.design/assets/chunks/chunk-C1GBGJcI.js:4
[    5405ms] [WARNING] THREE.WebGLRenderer: Texture marked for update but image is incomplete @ https://app.spline.design/assets/chunks/chunk-C1GBGJcI.js:4
[    5419ms] [WARNING] THREE.WebGLRenderer: Texture marked for update but image is incomplete @ https://app.spline.design/assets/chunks/chunk-C1GBGJcI.js:4
[    5432ms] [WARNING] THREE.WebGLRenderer: Texture marked for update but image is incomplete @ https://app.spline.design/assets/chunks/chunk-C1GBGJcI.js:4
[    5445ms] [WARNING] THREE.WebGLRenderer: Texture marked for update but image is incomplete @ https://app.spline.design/assets/chunks/chunk-C1GBGJcI.js:4
[    5459ms] [WARNING] THREE.WebGLRenderer: Texture marked for update but image is incomplete @ https://app.spline.design/assets/chunks/chunk-C1GBGJcI.js:4
[    5472ms] [WARNING] THREE.WebGLRenderer: Texture marked for update but image is incomplete @ https://app.spline.design/assets/chunks/chunk-C1GBGJcI.js:4
[    5484ms] [WARNING] THREE.WebGLRenderer: Texture marked for update but image is incomplete @ https://app.spline.design/assets/chunks/chunk-C1GBGJcI.js:4
[    5525ms] [WARNING] THREE.WebGLRenderer: Texture marked for update but image is incomplete @ https://app.spline.design/assets/chunks/chunk-C1GBGJcI.js:4
[    5528ms] [WARNING] THREE.WebGLRenderer: Texture marked for update but image is incomplete @ https://app.spline.design/assets/chunks/chunk-C1GBGJcI.js:4
[    5538ms] [WARNING] THREE.WebGLRenderer: Texture marked for update but image is incomplete @ https://app.spline.design/assets/chunks/chunk-C1GBGJcI.js:4
[    5552ms] [WARNING] THREE.WebGLRenderer: Texture marked for update but image is incomplete @ https://app.spline.design/assets/chunks/chunk-C1GBGJcI.js:4
[    5565ms] [WARNING] THREE.WebGLRenderer: Texture marked for update but image is incomplete @ https://app.spline.design/assets/chunks/chunk-C1GBGJcI.js:4
[    5578ms] [WARNING] THREE.WebGLRenderer: Texture marked for update but image is incomplete @ https://app.spline.design/assets/chunks/chunk-C1GBGJcI.js:4
[    5591ms] [WARNING] THREE.WebGLRenderer: Texture marked for update but image is incomplete @ https://app.spline.design/assets/chunks/chunk-C1GBGJcI.js:4
[    5604ms] [WARNING] THREE.WebGLRenderer: Texture marked for update but image is incomplete @ https://app.spline.design/assets/chunks/chunk-C1GBGJcI.js:4
[    5618ms] [WARNING] THREE.WebGLRenderer: Texture marked for update but image is incomplete @ https://app.spline.design/assets/chunks/chunk-C1GBGJcI.js:4
[    5631ms] [WARNING] THREE.WebGLRenderer: Texture marked for update but image is incomplete @ https://app.spline.design/assets/chunks/chunk-C1GBGJcI.js:4
[    5647ms] [WARNING] THREE.WebGLRenderer: Texture marked for update but image is incomplete @ https://app.spline.design/assets/chunks/chunk-C1GBGJcI.js:4
[    5706ms] [WARNING] THREE.WebGLRenderer: Texture marked for update but image is incomplete @ https://app.spline.design/assets/chunks/chunk-C1GBGJcI.js:4
[    5709ms] [WARNING] THREE.WebGLRenderer: Texture marked for update but image is incomplete @ https://app.spline.design/assets/chunks/chunk-C1GBGJcI.js:4
[    5718ms] [WARNING] THREE.WebGLRenderer: Texture marked for update but image is incomplete @ https://app.spline.design/assets/chunks/chunk-C1GBGJcI.js:4
[    5725ms] [WARNING] THREE.WebGLRenderer: Texture marked for update but image is incomplete @ https://app.spline.design/assets/chunks/chunk-C1GBGJcI.js:4
[    5739ms] [WARNING] THREE.WebGLRenderer: Texture marked for update but image is incomplete @ https://app.spline.design/assets/chunks/chunk-C1GBGJcI.js:4
[    5752ms] [WARNING] THREE.WebGLRenderer: Texture marked for update but image is incomplete @ https://app.spline.design/assets/chunks/chunk-C1GBGJcI.js:4
[    5765ms] [WARNING] THREE.WebGLRenderer: Texture marked for update but image is incomplete @ https://app.spline.design/assets/chunks/chunk-C1GBGJcI.js:4
[    5778ms] [WARNING] THREE.WebGLRenderer: Texture marked for update but image is incomplete @ https://app.spline.design/assets/chunks/chunk-C1GBGJcI.js:4
[    5791ms] [WARNING] THREE.WebGLRenderer: Texture marked for update but image is incomplete @ https://app.spline.design/assets/chunks/chunk-C1GBGJcI.js:4
[    5805ms] [WARNING] THREE.WebGLRenderer: Texture marked for update but image is incomplete @ https://app.spline.design/assets/chunks/chunk-C1GBGJcI.js:4
[    5818ms] [WARNING] THREE.WebGLRenderer: Texture marked for update but image is incomplete @ https://app.spline.design/assets/chunks/chunk-C1GBGJcI.js:4
[    5832ms] [WARNING] THREE.WebGLRenderer: Texture marked for update but image is incomplete @ https://app.spline.design/assets/chunks/chunk-C1GBGJcI.js:4
[    5845ms] [WARNING] THREE.WebGLRenderer: Texture marked for update but image is incomplete @ https://app.spline.design/assets/chunks/chunk-C1GBGJcI.js:4
[    5858ms] [WARNING] THREE.WebGLRenderer: Texture marked for update but image is incomplete @ https://app.spline.design/assets/chunks/chunk-C1GBGJcI.js:4
[    5871ms] [WARNING] THREE.WebGLRenderer: Texture marked for update but image is incomplete @ https://app.spline.design/assets/chunks/chunk-C1GBGJcI.js:4
[    5884ms] [WARNING] THREE.WebGLRenderer: Texture marked for update but image is incomplete @ https://app.spline.design/assets/chunks/chunk-C1GBGJcI.js:4
[    5898ms] [WARNING] THREE.WebGLRenderer: Texture marked for update but image is incomplete @ https://app.spline.design/assets/chunks/chunk-C1GBGJcI.js:4
[    5912ms] [WARNING] THREE.WebGLRenderer: Texture marked for update but image is incomplete @ https://app.spline.design/assets/chunks/chunk-C1GBGJcI.js:4
[    5925ms] [WARNING] THREE.WebGLRenderer: Texture marked for update but image is incomplete @ https://app.spline.design/assets/chunks/chunk-C1GBGJcI.js:4
[    5938ms] [WARNING] THREE.WebGLRenderer: Texture marked for update but image is incomplete @ https://app.spline.design/assets/chunks/chunk-C1GBGJcI.js:4
[    5952ms] [WARNING] THREE.WebGLRenderer: Texture marked for update but image is incomplete @ https://app.spline.design/assets/chunks/chunk-C1GBGJcI.js:4
[    5965ms] [WARNING] THREE.WebGLRenderer: Texture marked for update but image is incomplete @ https://app.spline.design/assets/chunks/chunk-C1GBGJcI.js:4
[    5978ms] [WARNING] THREE.WebGLRenderer: Texture marked for update but image is incomplete @ https://app.spline.design/assets/chunks/chunk-C1GBGJcI.js:4
[    5992ms] [WARNING] THREE.WebGLRenderer: Texture marked for update but image is incomplete @ https://app.spline.design/assets/chunks/chunk-C1GBGJcI.js:4
[    6005ms] [WARNING] THREE.WebGLRenderer: Texture marked for update but image is incomplete @ https://app.spline.design/assets/chunks/chunk-C1GBGJcI.js:4
[    6018ms] [WARNING] THREE.WebGLRenderer: Texture marked for update but image is incomplete @ https://app.spline.design/assets/chunks/chunk-C1GBGJcI.js:4
[    6031ms] [WARNING] THREE.WebGLRenderer: Texture marked for update but image is incomplete @ https://app.spline.design/assets/chunks/chunk-C1GBGJcI.js:4
[    6049ms] [WARNING] THREE.WebGLRenderer: Texture marked for update but image is incomplete @ https://app.spline.design/assets/chunks/chunk-C1GBGJcI.js:4
[    6058ms] [WARNING] THREE.WebGLRenderer: Texture marked for update but image is incomplete @ https://app.spline.design/assets/chunks/chunk-C1GBGJcI.js:4
[    6071ms] [WARNING] THREE.WebGLRenderer: Texture marked for update but image is incomplete @ https://app.spline.design/assets/chunks/chunk-C1GBGJcI.js:4
[    6084ms] [WARNING] THREE.WebGLRenderer: Texture marked for update but image is incomplete @ https://app.spline.design/assets/chunks/chunk-C1GBGJcI.js:4
[    6098ms] [WARNING] THREE.WebGLRenderer: Texture marked for update but image is incomplete @ https://app.spline.design/assets/chunks/chunk-C1GBGJcI.js:4
[    6112ms] [WARNING] THREE.WebGLRenderer: Texture marked for update but image is incomplete @ https://app.spline.design/assets/chunks/chunk-C1GBGJcI.js:4
[    6125ms] [WARNING] THREE.WebGLRenderer: Texture marked for update but image is incomplete @ https://app.spline.design/assets/chunks/chunk-C1GBGJcI.js:4
[    6138ms] [WARNING] THREE.WebGLRenderer: Texture marked for update but image is incomplete @ https://app.spline.design/assets/chunks/chunk-C1GBGJcI.js:4
[    6151ms] [WARNING] THREE.WebGLRenderer: Texture marked for update but image is incomplete @ https://app.spline.design/assets/chunks/chunk-C1GBGJcI.js:4
[    6165ms] [WARNING] THREE.WebGLRenderer: Texture marked for update but image is incomplete @ https://app.spline.design/assets/chunks/chunk-C1GBGJcI.js:4
[    6178ms] [WARNING] THREE.WebGLRenderer: Texture marked for update but image is incomplete @ https://app.spline.design/assets/chunks/chunk-C1GBGJcI.js:4
[    6192ms] [WARNING] THREE.WebGLRenderer: Texture marked for update but image is incomplete @ https://app.spline.design/assets/chunks/chunk-C1GBGJcI.js:4
[    6205ms] [WARNING] THREE.WebGLRenderer: Texture marked for update but image is incomplete @ https://app.spline.design/assets/chunks/chunk-C1GBGJcI.js:4
[    6218ms] [WARNING] THREE.WebGLRenderer: Texture marked for update but image is incomplete @ https://app.spline.design/assets/chunks/chunk-C1GBGJcI.js:4
[    6232ms] [WARNING] THREE.WebGLRenderer: Texture marked for update but image is incomplete @ https://app.spline.design/assets/chunks/chunk-C1GBGJcI.js:4
[    6245ms] [WARNING] THREE.WebGLRenderer: Texture marked for update but image is incomplete @ https://app.spline.design/assets/chunks/chunk-C1GBGJcI.js:4
[    6259ms] [WARNING] THREE.WebGLRenderer: Texture marked for update but image is incomplete @ https://app.spline.design/assets/chunks/chunk-C1GBGJcI.js:4
[    6272ms] [WARNING] THREE.WebGLRenderer: Texture marked for update but image is incomplete @ https://app.spline.design/assets/chunks/chunk-C1GBGJcI.js:4
[    6284ms] [WARNING] THREE.WebGLRenderer: Texture marked for update but image is incomplete @ https://app.spline.design/assets/chunks/chunk-C1GBGJcI.js:4
[    6298ms] [WARNING] THREE.WebGLRenderer: Texture marked for update but image is incomplete @ https://app.spline.design/assets/chunks/chunk-C1GBGJcI.js:4
[    6312ms] [WARNING] THREE.WebGLRenderer: Texture marked for update but image is incomplete @ https://app.spline.design/assets/chunks/chunk-C1GBGJcI.js:4
[    6325ms] [WARNING] THREE.WebGLRenderer: Texture marked for update but image is incomplete @ https://app.spline.design/assets/chunks/chunk-C1GBGJcI.js:4
[    6338ms] [WARNING] THREE.WebGLRenderer: Texture marked for update but image is incomplete @ https://app.spline.design/assets/chunks/chunk-C1GBGJcI.js:4
[    6351ms] [WARNING] THREE.WebGLRenderer: Texture marked for update but image is incomplete @ https://app.spline.design/assets/chunks/chunk-C1GBGJcI.js:4
[    6366ms] [WARNING] THREE.WebGLRenderer: Texture marked for update but image is incomplete @ https://app.spline.design/assets/chunks/chunk-C1GBGJcI.js:4
[    6379ms] [WARNING] THREE.WebGLRenderer: Texture marked for update but image is incomplete @ https://app.spline.design/assets/chunks/chunk-C1GBGJcI.js:4
[    6393ms] [WARNING] THREE.WebGLRenderer: Texture marked for update but image is incomplete @ https://app.spline.design/assets/chunks/chunk-C1GBGJcI.js:4
[    6406ms] [WARNING] THREE.WebGLRenderer: Texture marked for update but image is incomplete @ https://app.spline.design/assets/chunks/chunk-C1GBGJcI.js:4
[    6418ms] [WARNING] THREE.WebGLRenderer: Texture marked for update but image is incomplete @ https://app.spline.design/assets/chunks/chunk-C1GBGJcI.js:4
[    6421ms] [WARNING] too many retries @ https://app.spline.design/assets/chunks/chunk-C1GBGJcI.js:4
[    6423ms] [WARNING] too many retries @ https://app.spline.design/assets/chunks/chunk-C1GBGJcI.js:4
[    6432ms] [WARNING] THREE.WebGLRenderer: Texture marked for update but image is incomplete @ https://app.spline.design/assets/chunks/chunk-C1GBGJcI.js:4
[    6445ms] [WARNING] THREE.WebGLRenderer: Texture marked for update but image is incomplete @ https://app.spline.design/assets/chunks/chunk-C1GBGJcI.js:4
[    6459ms] [WARNING] THREE.WebGLRenderer: Texture marked for update but image is incomplete @ https://app.spline.design/assets/chunks/chunk-C1GBGJcI.js:4
[    6472ms] [WARNING] THREE.WebGLRenderer: Texture marked for update but image is incomplete @ https://app.spline.design/assets/chunks/chunk-C1GBGJcI.js:4
[    6484ms] [WARNING] THREE.WebGLRenderer: Texture marked for update but image is incomplete @ https://app.spline.design/assets/chunks/chunk-C1GBGJcI.js:4
[    6498ms] [WARNING] THREE.WebGLRenderer: Texture marked for update but image is incomplete @ https://app.spline.design/assets/chunks/chunk-C1GBGJcI.js:4
[    6512ms] [WARNING] THREE.WebGLRenderer: Texture marked for update but image is incomplete @ https://app.spline.design/assets/chunks/chunk-C1GBGJcI.js:4
[    6525ms] [WARNING] THREE.WebGLRenderer: Texture marked for update but image is incomplete @ https://app.spline.design/assets/chunks/chunk-C1GBGJcI.js:4
[    6539ms] [WARNING] THREE.WebGLRenderer: Texture marked for update but image is incomplete @ https://app.spline.design/assets/chunks/chunk-C1GBGJcI.js:4
[    6551ms] [WARNING] THREE.WebGLRenderer: Texture marked for update but image is incomplete @ https://app.spline.design/assets/chunks/chunk-C1GBGJcI.js:4
[    6565ms] [WARNING] THREE.WebGLRenderer: Texture marked for update but image is incomplete @ https://app.spline.design/assets/chunks/chunk-C1GBGJcI.js:4
[    6579ms] [WARNING] THREE.WebGLRenderer: Texture marked for update but image is incomplete @ https://app.spline.design/assets/chunks/chunk-C1GBGJcI.js:4
[    6592ms] [WARNING] THREE.WebGLRenderer: Texture marked for update but image is incomplete @ https://app.spline.design/assets/chunks/chunk-C1GBGJcI.js:4
[    6605ms] [WARNING] THREE.WebGLRenderer: Texture marked for update but image is incomplete @ https://app.spline.design/assets/chunks/chunk-C1GBGJcI.js:4
[    6618ms] [WARNING] THREE.WebGLRenderer: Texture marked for update but image is incomplete @ https://app.spline.design/assets/chunks/chunk-C1GBGJcI.js:4
[    6632ms] [WARNING] THREE.WebGLRenderer: Texture marked for update but image is incomplete @ https://app.spline.design/assets/chunks/chunk-C1GBGJcI.js:4
[    6645ms] [WARNING] THREE.WebGLRenderer: Texture marked for update but image is incomplete @ https://app.spline.design/assets/chunks/chunk-C1GBGJcI.js:4
[    6658ms] [WARNING] THREE.WebGLRenderer: Texture marked for update but image is incomplete @ https://app.spline.design/assets/chunks/chunk-C1GBGJcI.js:4
[    6672ms] [WARNING] THREE.WebGLRenderer: Texture marked for update but image is incomplete @ https://app.spline.design/assets/chunks/chunk-C1GBGJcI.js:4
[    6685ms] [WARNING] THREE.WebGLRenderer: Texture marked for update but image is incomplete @ https://app.spline.design/assets/chunks/chunk-C1GBGJcI.js:4
[    6698ms] [WARNING] THREE.WebGLRenderer: Texture marked for update but image is incomplete @ https://app.spline.design/assets/chunks/chunk-C1GBGJcI.js:4
[    6711ms] [WARNING] THREE.WebGLRenderer: Texture marked for update but image is incomplete @ https://app.spline.design/assets/chunks/chunk-C1GBGJcI.js:4
[    6725ms] [WARNING] THREE.WebGLRenderer: Texture marked for update but image is incomplete @ https://app.spline.design/assets/chunks/chunk-C1GBGJcI.js:4
[    6738ms] [WARNING] THREE.WebGLRenderer: Texture marked for update but image is incomplete @ https://app.spline.design/assets/chunks/chunk-C1GBGJcI.js:4
[    6752ms] [WARNING] THREE.WebGLRenderer: Texture marked for update but image is incomplete @ https://app.spline.design/assets/chunks/chunk-C1GBGJcI.js:4
[    6764ms] [WARNING] THREE.WebGLRenderer: Texture marked for update but image is incomplete @ https://app.spline.design/assets/chunks/chunk-C1GBGJcI.js:4
[    6779ms] [WARNING] THREE.WebGLRenderer: Texture marked for update but image is incomplete @ https://app.spline.design/assets/chunks/chunk-C1GBGJcI.js:4
[    6792ms] [WARNING] THREE.WebGLRenderer: Texture marked for update but image is incomplete @ https://app.spline.design/assets/chunks/chunk-C1GBGJcI.js:4
[    6805ms] [WARNING] THREE.WebGLRenderer: Texture marked for update but image is incomplete @ https://app.spline.design/assets/chunks/chunk-C1GBGJcI.js:4
[    6818ms] [WARNING] THREE.WebGLRenderer: Texture marked for update but image is incomplete @ https://app.spline.design/assets/chunks/chunk-C1GBGJcI.js:4
[    6831ms] [WARNING] THREE.WebGLRenderer: Texture marked for update but image is incomplete @ https://app.spline.design/assets/chunks/chunk-C1GBGJcI.js:4
[    6845ms] [WARNING] THREE.WebGLRenderer: Texture marked for update but image is incomplete @ https://app.spline.design/assets/chunks/chunk-C1GBGJcI.js:4
[    6858ms] [WARNING] THREE.WebGLRenderer: Texture marked for update but image is incomplete @ https://app.spline.design/assets/chunks/chunk-C1GBGJcI.js:4
[    6872ms] [WARNING] THREE.WebGLRenderer: Texture marked for update but image is incomplete @ https://app.spline.design/assets/chunks/chunk-C1GBGJcI.js:4
[    6885ms] [WARNING] THREE.WebGLRenderer: Texture marked for update but image is incomplete @ https://app.spline.design/assets/chunks/chunk-C1GBGJcI.js:4
[    6899ms] [WARNING] THREE.WebGLRenderer: Texture marked for update but image is incomplete @ https://app.spline.design/assets/chunks/chunk-C1GBGJcI.js:4
[    6912ms] [WARNING] THREE.WebGLRenderer: Texture marked for update but image is incomplete @ https://app.spline.design/assets/chunks/chunk-C1GBGJcI.js:4
[    6925ms] [WARNING] THREE.WebGLRenderer: Texture marked for update but image is incomplete @ https://app.spline.design/assets/chunks/chunk-C1GBGJcI.js:4
[    6938ms] [WARNING] THREE.WebGLRenderer: Texture marked for update but image is incomplete @ https://app.spline.design/assets/chunks/chunk-C1GBGJcI.js:4
[    6951ms] [WARNING] THREE.WebGLRenderer: Texture marked for update but image is incomplete @ https://app.spline.design/assets/chunks/chunk-C1GBGJcI.js:4
[    6965ms] [WARNING] THREE.WebGLRenderer: Texture marked for update but image is incomplete @ https://app.spline.design/assets/chunks/chunk-C1GBGJcI.js:4
[    6978ms] [WARNING] THREE.WebGLRenderer: Texture marked for update but image is incomplete @ https://app.spline.design/assets/chunks/chunk-C1GBGJcI.js:4
[    6991ms] [WARNING] THREE.WebGLRenderer: Texture marked for update but image is incomplete @ https://app.spline.design/assets/chunks/chunk-C1GBGJcI.js:4
[    7005ms] [WARNING] THREE.WebGLRenderer: Texture marked for update but image is incomplete @ https://app.spline.design/assets/chunks/chunk-C1GBGJcI.js:4
[    7018ms] [WARNING] THREE.WebGLRenderer: Texture marked for update but image is incomplete @ https://app.spline.design/assets/chunks/chunk-C1GBGJcI.js:4
[    7032ms] [WARNING] THREE.WebGLRenderer: Texture marked for update but image is incomplete @ https://app.spline.design/assets/chunks/chunk-C1GBGJcI.js:4
[    7045ms] [WARNING] THREE.WebGLRenderer: Texture marked for update but image is incomplete @ https://app.spline.design/assets/chunks/chunk-C1GBGJcI.js:4
[    7058ms] [WARNING] THREE.WebGLRenderer: Texture marked for update but image is incomplete @ https://app.spline.design/assets/chunks/chunk-C1GBGJcI.js:4
[    7072ms] [WARNING] THREE.WebGLRenderer: Texture marked for update but image is incomplete @ https://app.spline.design/assets/chunks/chunk-C1GBGJcI.js:4
[    7085ms] [WARNING] THREE.WebGLRenderer: Texture marked for update but image is incomplete @ https://app.spline.design/assets/chunks/chunk-C1GBGJcI.js:4
[    7100ms] [WARNING] THREE.WebGLRenderer: Texture marked for update but image is incomplete @ https://app.spline.design/assets/chunks/chunk-C1GBGJcI.js:4
[    7113ms] [WARNING] THREE.WebGLRenderer: Texture marked for update but image is incomplete @ https://app.spline.design/assets/chunks/chunk-C1GBGJcI.js:4
[    7125ms] [WARNING] THREE.WebGLRenderer: Texture marked for update but image is incomplete @ https://app.spline.design/assets/chunks/chunk-C1GBGJcI.js:4
[    7139ms] [WARNING] THREE.WebGLRenderer: Texture marked for update but image is incomplete @ https://app.spline.design/assets/chunks/chunk-C1GBGJcI.js:4
[    7152ms] [WARNING] THREE.WebGLRenderer: Texture marked for update but image is incomplete @ https://app.spline.design/assets/chunks/chunk-C1GBGJcI.js:4
[    7165ms] [WARNING] THREE.WebGLRenderer: Texture marked for update but image is incomplete @ https://app.spline.design/assets/chunks/chunk-C1GBGJcI.js:4
[    7179ms] [WARNING] THREE.WebGLRenderer: Texture marked for update but image is incomplete @ https://app.spline.design/assets/chunks/chunk-C1GBGJcI.js:4
[    7192ms] [WARNING] THREE.WebGLRenderer: Texture marked for update but image is incomplete @ https://app.spline.design/assets/chunks/chunk-C1GBGJcI.js:4
[    7205ms] [WARNING] THREE.WebGLRenderer: Texture marked for update but image is incomplete @ https://app.spline.design/assets/chunks/chunk-C1GBGJcI.js:4
[    7218ms] [WARNING] THREE.WebGLRenderer: Texture marked for update but image is incomplete @ https://app.spline.design/assets/chunks/chunk-C1GBGJcI.js:4
[    7232ms] [WARNING] THREE.WebGLRenderer: Texture marked for update but image is incomplete @ https://app.spline.design/assets/chunks/chunk-C1GBGJcI.js:4
[    7245ms] [WARNING] THREE.WebGLRenderer: Texture marked for update but image is incomplete @ https://app.spline.design/assets/chunks/chunk-C1GBGJcI.js:4
[    7258ms] [WARNING] THREE.WebGLRenderer: Texture marked for update but image is incomplete @ https://app.spline.design/assets/chunks/chunk-C1GBGJcI.js:4
[    7272ms] [WARNING] THREE.WebGLRenderer: Texture marked for update but image is incomplete @ https://app.spline.design/assets/chunks/chunk-C1GBGJcI.js:4
[    7284ms] [WARNING] THREE.WebGLRenderer: Texture marked for update but image is incomplete @ https://app.spline.design/assets/chunks/chunk-C1GBGJcI.js:4
[    7298ms] [WARNING] THREE.WebGLRenderer: Texture marked for update but image is incomplete @ https://app.spline.design/assets/chunks/chunk-C1GBGJcI.js:4
[    7312ms] [WARNING] THREE.WebGLRenderer: Texture marked for update but image is incomplete @ https://app.spline.design/assets/chunks/chunk-C1GBGJcI.js:4
[    7325ms] [WARNING] THREE.WebGLRenderer: Texture marked for update but image is incomplete @ https://app.spline.design/assets/chunks/chunk-C1GBGJcI.js:4
[    7339ms] [WARNING] THREE.WebGLRenderer: Texture marked for update but image is incomplete @ https://app.spline.design/assets/chunks/chunk-C1GBGJcI.js:4
[    7351ms] [WARNING] THREE.WebGLRenderer: Texture marked for update but image is incomplete @ https://app.spline.design/assets/chunks/chunk-C1GBGJcI.js:4
[    7366ms] [WARNING] THREE.WebGLRenderer: Texture marked for update but image is incomplete @ https://app.spline.design/assets/chunks/chunk-C1GBGJcI.js:4
[    7378ms] [WARNING] THREE.WebGLRenderer: Texture marked for update but image is incomplete @ https://app.spline.design/assets/chunks/chunk-C1GBGJcI.js:4
[    7391ms] [WARNING] THREE.WebGLRenderer: Texture marked for update but image is incomplete @ https://app.spline.design/assets/chunks/chunk-C1GBGJcI.js:4
[    7405ms] [WARNING] THREE.WebGLRenderer: Texture marked for update but image is incomplete @ https://app.spline.design/assets/chunks/chunk-C1GBGJcI.js:4
[    7418ms] [WARNING] THREE.WebGLRenderer: Texture marked for update but image is incomplete @ https://app.spline.design/assets/chunks/chunk-C1GBGJcI.js:4
[    7432ms] [WARNING] THREE.WebGLRenderer: Texture marked for update but image is incomplete @ https://app.spline.design/assets/chunks/chunk-C1GBGJcI.js:4
[    7446ms] [WARNING] THREE.WebGLRenderer: Texture marked for update but image is incomplete @ https://app.spline.design/assets/chunks/chunk-C1GBGJcI.js:4
[    7459ms] [WARNING] THREE.WebGLRenderer: Texture marked for update but image is incomplete @ https://app.spline.design/assets/chunks/chunk-C1GBGJcI.js:4
[    7471ms] [WARNING] THREE.WebGLRenderer: Texture marked for update but image is incomplete @ https://app.spline.design/assets/chunks/chunk-C1GBGJcI.js:4
[    7485ms] [WARNING] THREE.WebGLRenderer: Texture marked for update but image is incomplete @ https://app.spline.design/assets/chunks/chunk-C1GBGJcI.js:4
[    7498ms] [WARNING] THREE.WebGLRenderer: Texture marked for update but image is incomplete @ https://app.spline.design/assets/chunks/chunk-C1GBGJcI.js:4
[    7511ms] [WARNING] THREE.WebGLRenderer: Texture marked for update but image is incomplete @ https://app.spline.design/assets/chunks/chunk-C1GBGJcI.js:4
[    7526ms] [WARNING] THREE.WebGLRenderer: Texture marked for update but image is incomplete @ https://app.spline.design/assets/chunks/chunk-C1GBGJcI.js:4
[    7540ms] [WARNING] THREE.WebGLRenderer: Texture marked for update but image is incomplete @ https://app.spline.design/assets/chunks/chunk-C1GBGJcI.js:4
[    7551ms] [WARNING] THREE.WebGLRenderer: Texture marked for update but image is incomplete @ https://app.spline.design/assets/chunks/chunk-C1GBGJcI.js:4
[    7564ms] [WARNING] THREE.WebGLRenderer: Texture marked for update but image is incomplete @ https://app.spline.design/assets/chunks/chunk-C1GBGJcI.js:4
[    7578ms] [WARNING] THREE.WebGLRenderer: Texture marked for update but image is incomplete @ https://app.spline.design/assets/chunks/chunk-C1GBGJcI.js:4
[    7592ms] [WARNING] THREE.WebGLRenderer: Texture marked for update but image is incomplete @ https://app.spline.design/assets/chunks/chunk-C1GBGJcI.js:4
[    7606ms] [WARNING] THREE.WebGLRenderer: Texture marked for update but image is incomplete @ https://app.spline.design/assets/chunks/chunk-C1GBGJcI.js:4
[    7618ms] [WARNING] THREE.WebGLRenderer: Texture marked for update but image is incomplete @ https://app.spline.design/assets/chunks/chunk-C1GBGJcI.js:4
[    7632ms] [WARNING] THREE.WebGLRenderer: Texture marked for update but image is incomplete @ https://app.spline.design/assets/chunks/chunk-C1GBGJcI.js:4
[    7645ms] [WARNING] THREE.WebGLRenderer: Texture marked for update but image is incomplete @ https://app.spline.design/assets/chunks/chunk-C1GBGJcI.js:4
[    7658ms] [WARNING] THREE.WebGLRenderer: Texture marked for update but image is incomplete @ https://app.spline.design/assets/chunks/chunk-C1GBGJcI.js:4
[    7672ms] [WARNING] THREE.WebGLRenderer: Texture marked for update but image is incomplete @ https://app.spline.design/assets/chunks/chunk-C1GBGJcI.js:4
[    7685ms] [WARNING] THREE.WebGLRenderer: Texture marked for update but image is incomplete @ https://app.spline.design/assets/chunks/chunk-C1GBGJcI.js:4
[    7698ms] [WARNING] THREE.WebGLRenderer: Texture marked for update but image is incomplete @ https://app.spline.design/assets/chunks/chunk-C1GBGJcI.js:4
[    7712ms] [WARNING] THREE.WebGLRenderer: Texture marked for update but image is incomplete @ https://app.spline.design/assets/chunks/chunk-C1GBGJcI.js:4
[    7724ms] [WARNING] THREE.WebGLRenderer: Texture marked for update but image is incomplete @ https://app.spline.design/assets/chunks/chunk-C1GBGJcI.js:4
[    7739ms] [WARNING] THREE.WebGLRenderer: Texture marked for update but image is incomplete @ https://app.spline.design/assets/chunks/chunk-C1GBGJcI.js:4
[    7752ms] [WARNING] THREE.WebGLRenderer: Texture marked for update but image is incomplete @ https://app.spline.design/assets/chunks/chunk-C1GBGJcI.js:4
[    7765ms] [WARNING] THREE.WebGLRenderer: Texture marked for update but image is incomplete @ https://app.spline.design/assets/chunks/chunk-C1GBGJcI.js:4
[    7779ms] [WARNING] THREE.WebGLRenderer: Texture marked for update but image is incomplete @ https://app.spline.design/assets/chunks/chunk-C1GBGJcI.js:4
[    7792ms] [WARNING] THREE.WebGLRenderer: Texture marked for update but image is incomplete @ https://app.spline.design/assets/chunks/chunk-C1GBGJcI.js:4
[    7806ms] [WARNING] THREE.WebGLRenderer: Texture marked for update but image is incomplete @ https://app.spline.design/assets/chunks/chunk-C1GBGJcI.js:4
[    7818ms] [WARNING] THREE.WebGLRenderer: Texture marked for update but image is incomplete @ https://app.spline.design/assets/chunks/chunk-C1GBGJcI.js:4
[    7832ms] [WARNING] THREE.WebGLRenderer: Texture marked for update but image is incomplete @ https://app.spline.design/assets/chunks/chunk-C1GBGJcI.js:4
[    7846ms] [WARNING] THREE.WebGLRenderer: Texture marked for update but image is incomplete @ https://app.spline.design/assets/chunks/chunk-C1GBGJcI.js:4
[    7859ms] [WARNING] THREE.WebGLRenderer: Texture marked for update but image is incomplete @ https://app.spline.design/assets/chunks/chunk-C1GBGJcI.js:4
[    7873ms] [WARNING] THREE.WebGLRenderer: Texture marked for update but image is incomplete @ https://app.spline.design/assets/chunks/chunk-C1GBGJcI.js:4
[    7885ms] [WARNING] THREE.WebGLRenderer: Texture marked for update but image is incomplete @ https://app.spline.design/assets/chunks/chunk-C1GBGJcI.js:4
[    7900ms] [WARNING] THREE.WebGLRenderer: Texture marked for update but image is incomplete @ https://app.spline.design/assets/chunks/chunk-C1GBGJcI.js:4
[    7912ms] [WARNING] THREE.WebGLRenderer: Texture marked for update but image is incomplete @ https://app.spline.design/assets/chunks/chunk-C1GBGJcI.js:4
[    7925ms] [WARNING] THREE.WebGLRenderer: Texture marked for update but image is incomplete @ https://app.spline.design/assets/chunks/chunk-C1GBGJcI.js:4
[    7939ms] [WARNING] THREE.WebGLRenderer: Texture marked for update but image is incomplete @ https://app.spline.design/assets/chunks/chunk-C1GBGJcI.js:4
[    7952ms] [WARNING] THREE.WebGLRenderer: Texture marked for update but image is incomplete @ https://app.spline.design/assets/chunks/chunk-C1GBGJcI.js:4
[    7966ms] [WARNING] THREE.WebGLRenderer: Texture marked for update but image is incomplete @ https://app.spline.design/assets/chunks/chunk-C1GBGJcI.js:4
[    7979ms] [WARNING] THREE.WebGLRenderer: Texture marked for update but image is incomplete @ https://app.spline.design/assets/chunks/chunk-C1GBGJcI.js:4
[    7992ms] [WARNING] THREE.WebGLRenderer: Texture marked for update but image is incomplete @ https://app.spline.design/assets/chunks/chunk-C1GBGJcI.js:4
[    8005ms] [WARNING] THREE.WebGLRenderer: Texture marked for update but image is incomplete @ https://app.spline.design/assets/chunks/chunk-C1GBGJcI.js:4
[    8019ms] [WARNING] THREE.WebGLRenderer: Texture marked for update but image is incomplete @ https://app.spline.design/assets/chunks/chunk-C1GBGJcI.js:4
[    8032ms] [WARNING] THREE.WebGLRenderer: Texture marked for update but image is incomplete @ https://app.spline.design/assets/chunks/chunk-C1GBGJcI.js:4
[    8046ms] [WARNING] THREE.WebGLRenderer: Texture marked for update but image is incomplete @ https://app.spline.design/assets/chunks/chunk-C1GBGJcI.js:4
[    8059ms] [WARNING] THREE.WebGLRenderer: Texture marked for update but image is incomplete @ https://app.spline.design/assets/chunks/chunk-C1GBGJcI.js:4
[    8073ms] [WARNING] THREE.WebGLRenderer: Texture marked for update but image is incomplete @ https://app.spline.design/assets/chunks/chunk-C1GBGJcI.js:4
[    8086ms] [WARNING] THREE.WebGLRenderer: Texture marked for update but image is incomplete @ https://app.spline.design/assets/chunks/chunk-C1GBGJcI.js:4
[    8099ms] [WARNING] THREE.WebGLRenderer: Texture marked for update but image is incomplete @ https://app.spline.design/assets/chunks/chunk-C1GBGJcI.js:4
[    8113ms] [WARNING] THREE.WebGLRenderer: Texture marked for update but image is incomplete @ https://app.spline.design/assets/chunks/chunk-C1GBGJcI.js:4
[    8125ms] [WARNING] THREE.WebGLRenderer: Texture marked for update but image is incomplete @ https://app.spline.design/assets/chunks/chunk-C1GBGJcI.js:4
[    8139ms] [WARNING] THREE.WebGLRenderer: Texture marked for update but image is incomplete @ https://app.spline.design/assets/chunks/chunk-C1GBGJcI.js:4
[    8152ms] [WARNING] THREE.WebGLRenderer: Texture marked for update but image is incomplete @ https://app.spline.design/assets/chunks/chunk-C1GBGJcI.js:4
[    8166ms] [WARNING] THREE.WebGLRenderer: Texture marked for update but image is incomplete @ https://app.spline.design/assets/chunks/chunk-C1GBGJcI.js:4
[    8179ms] [WARNING] THREE.WebGLRenderer: Texture marked for update but image is incomplete @ https://app.spline.design/assets/chunks/chunk-C1GBGJcI.js:4
[    8192ms] [WARNING] THREE.WebGLRenderer: Texture marked for update but image is incomplete @ https://app.spline.design/assets/chunks/chunk-C1GBGJcI.js:4
[    8206ms] [WARNING] THREE.WebGLRenderer: Texture marked for update but image is incomplete @ https://app.spline.design/assets/chunks/chunk-C1GBGJcI.js:4
[    8219ms] [WARNING] THREE.WebGLRenderer: Texture marked for update but image is incomplete @ https://app.spline.design/assets/chunks/chunk-C1GBGJcI.js:4
[    8233ms] [WARNING] THREE.WebGLRenderer: Texture marked for update but image is incomplete @ https://app.spline.design/assets/chunks/chunk-C1GBGJcI.js:4
[    8245ms] [WARNING] THREE.WebGLRenderer: Texture marked for update but image is incomplete @ https://app.spline.design/assets/chunks/chunk-C1GBGJcI.js:4
[    8259ms] [WARNING] THREE.WebGLRenderer: Texture marked for update but image is incomplete @ https://app.spline.design/assets/chunks/chunk-C1GBGJcI.js:4
[    8272ms] [WARNING] THREE.WebGLRenderer: Texture marked for update but image is incomplete @ https://app.spline.design/assets/chunks/chunk-C1GBGJcI.js:4
