[    2143ms] [INFO] %cDownload the React DevTools for a better development experience: https://react.dev/link/react-devtools font-weight:bold @ http://localhost:3001/_next/static/chunks/node_modules_next_dist_115brz8._.js:2431
[    2210ms] [LOG] [HMR] connected @ http://localhost:3001/_next/static/chunks/node_modules_next_dist_115brz8._.js:2431
[    2354ms] [WARNING] Please ensure that the container has a non-static position, like 'relative', 'fixed', or 'absolute' to ensure scroll offset is calculated correctly. @ http://localhost:3001/_next/static/chunks/node_modules_next_dist_115brz8._.js:2431
[    2585ms] [WARNING] THREE.THREE.Clock: This module has been deprecated. Please use THREE.Timer instead. @ http://localhost:3001/_next/static/chunks/node_modules_next_dist_115brz8._.js:2431
[  473771ms] [LOG] [Fast Refresh] rebuilding @ http://localhost:3001/_next/static/chunks/node_modules_next_dist_115brz8._.js:2431
[  473812ms] [LOG] [Fast Refresh] done in 172ms @ http://localhost:3001/_next/static/chunks/node_modules_next_dist_115brz8._.js:2431
[  474647ms] [LOG] THREE.WebGLRenderer: Context Lost. @ http://localhost:3001/_next/static/chunks/node_modules_next_dist_115brz8._.js:2431
[  478026ms] [LOG] [Fast Refresh] rebuilding @ http://localhost:3001/_next/static/chunks/node_modules_next_dist_115brz8._.js:2431
[  478083ms] [LOG] [Fast Refresh] done in 141ms @ http://localhost:3001/_next/static/chunks/node_modules_next_dist_115brz8._.js:2431
[  478411ms] TypeError: Cannot read properties of null (reading 'alpha')
    at EffectComposer.addPass (http://localhost:3001/_next/static/chunks/node_modules_postprocessing_build_index_0j26pce.js:1320:67)
    at http://localhost:3001/_next/static/chunks/node_modules_0q-rbv7._.js:3817:34
    at Object.react_stack_bottom_frame (http://localhost:3001/_next/static/chunks/node_modules_%40react-three_fiber_dist_0kqg0vo._.js:13248:44)
    at B (http://localhost:3001/_next/static/chunks/node_modules_%40react-three_fiber_dist_0kqg0vo._.js:7885:105)
    at ca (http://localhost:3001/_next/static/chunks/node_modules_%40react-three_fiber_dist_0kqg0vo._.js:10953:101)
    at Pf (http://localhost:3001/_next/static/chunks/node_modules_%40react-three_fiber_dist_0kqg0vo._.js:10941:32)
    at yn (http://localhost:3001/_next/static/chunks/node_modules_%40react-three_fiber_dist_0kqg0vo._.js:11230:44)
    at rt (http://localhost:3001/_next/static/chunks/node_modules_%40react-three_fiber_dist_0kqg0vo._.js:11609:73)
    at yn (http://localhost:3001/_next/static/chunks/node_modules_%40react-three_fiber_dist_0kqg0vo._.js:11301:25)
    at rt (http://localhost:3001/_next/static/chunks/node_modules_%40react-three_fiber_dist_0kqg0vo._.js:11609:73)
    at yn (http://localhost:3001/_next/static/chunks/node_modules_%40react-three_fiber_dist_0kqg0vo._.js:11295:168)
    at rt (http://localhost:3001/_next/static/chunks/node_modules_%40react-three_fiber_dist_0kqg0vo._.js:11609:73)
    at yn (http://localhost:3001/_next/static/chunks/node_modules_%40react-three_fiber_dist_0kqg0vo._.js:11289:25)
    at rt (http://localhost:3001/_next/static/chunks/node_modules_%40react-three_fiber_dist_0kqg0vo._.js:11609:73)
    at yn (http://localhost:3001/_next/static/chunks/node_modules_%40react-three_fiber_dist_0kqg0vo._.js:11233:29)
    at rt (http://localhost:3001/_next/static/chunks/node_modules_%40react-three_fiber_dist_0kqg0vo._.js:11609:73)
    at yn (http://localhost:3001/_next/static/chunks/node_modules_%40react-three_fiber_dist_0kqg0vo._.js:11301:25)
    at rt (http://localhost:3001/_next/static/chunks/node_modules_%40react-three_fiber_dist_0kqg0vo._.js:11609:73)
    at yn (http://localhost:3001/_next/static/chunks/node_modules_%40react-three_fiber_dist_0kqg0vo._.js:11301:25)
    at rt (http://localhost:3001/_next/static/chunks/node_modules_%40react-three_fiber_dist_0kqg0vo._.js:11609:73)
    at yn (http://localhost:3001/_next/static/chunks/node_modules_%40react-three_fiber_dist_0kqg0vo._.js:11301:25)
    at rt (http://localhost:3001/_next/static/chunks/node_modules_%40react-three_fiber_dist_0kqg0vo._.js:11609:73)
    at yn (http://localhost:3001/_next/static/chunks/node_modules_%40react-three_fiber_dist_0kqg0vo._.js:11301:25)
    at rt (http://localhost:3001/_next/static/chunks/node_modules_%40react-three_fiber_dist_0kqg0vo._.js:11609:73)
    at yn (http://localhost:3001/_next/static/chunks/node_modules_%40react-three_fiber_dist_0kqg0vo._.js:11301:25)
    at rt (http://localhost:3001/_next/static/chunks/node_modules_%40react-three_fiber_dist_0kqg0vo._.js:11609:73)
    at yn (http://localhost:3001/_next/static/chunks/node_modules_%40react-three_fiber_dist_0kqg0vo._.js:11301:25)
    at rt (http://localhost:3001/_next/static/chunks/node_modules_%40react-three_fiber_dist_0kqg0vo._.js:11609:73)
    at yn (http://localhost:3001/_next/static/chunks/node_modules_%40react-three_fiber_dist_0kqg0vo._.js:11301:25)
    at rt (http://localhost:3001/_next/static/chunks/node_modules_%40react-three_fiber_dist_0kqg0vo._.js:11609:73)
    at yn (http://localhost:3001/_next/static/chunks/node_modules_%40react-three_fiber_dist_0kqg0vo._.js:11301:25)
    at rt (http://localhost:3001/_next/static/chunks/node_modules_%40react-three_fiber_dist_0kqg0vo._.js:11609:73)
    at yn (http://localhost:3001/_next/static/chunks/node_modules_%40react-three_fiber_dist_0kqg0vo._.js:11301:25)
    at rt (http://localhost:3001/_next/static/chunks/node_modules_%40react-three_fiber_dist_0kqg0vo._.js:11609:73)
    at yn (http://localhost:3001/_next/static/chunks/node_modules_%40react-three_fiber_dist_0kqg0vo._.js:11301:25)
    at rt (http://localhost:3001/_next/static/chunks/node_modules_%40react-three_fiber_dist_0kqg0vo._.js:11609:73)
    at yn (http://localhost:3001/_next/static/chunks/node_modules_%40react-three_fiber_dist_0kqg0vo._.js:11301:25)
    at rt (http://localhost:3001/_next/static/chunks/node_modules_%40react-three_fiber_dist_0kqg0vo._.js:11609:73)
    at yn (http://localhost:3001/_next/static/chunks/node_modules_%40react-three_fiber_dist_0kqg0vo._.js:11301:25)
    at rt (http://localhost:3001/_next/static/chunks/node_modules_%40react-three_fiber_dist_0kqg0vo._.js:11609:73)
    at yn (http://localhost:3001/_next/static/chunks/node_modules_%40react-three_fiber_dist_0kqg0vo._.js:11301:25)
    at rt (http://localhost:3001/_next/static/chunks/node_modules_%40react-three_fiber_dist_0kqg0vo._.js:11609:73)
    at yn (http://localhost:3001/_next/static/chunks/node_modules_%40react-three_fiber_dist_0kqg0vo._.js:11233:29)
    at rt (http://localhost:3001/_next/static/chunks/node_modules_%40react-three_fiber_dist_0kqg0vo._.js:11609:73)
    at yn (http://localhost:3001/_next/static/chunks/node_modules_%40react-three_fiber_dist_0kqg0vo._.js:11230:25)
    at rt (http://localhost:3001/_next/static/chunks/node_modules_%40react-three_fiber_dist_0kqg0vo._.js:11609:73)
    at yn (http://localhost:3001/_next/static/chunks/node_modules_%40react-three_fiber_dist_0kqg0vo._.js:11230:25)
    at rt (http://localhost:3001/_next/static/chunks/node_modules_%40react-three_fiber_dist_0kqg0vo._.js:11609:73)
    at yn (http://localhost:3001/_next/static/chunks/node_modules_%40react-three_fiber_dist_0kqg0vo._.js:11230:25)
    at rt (http://localhost:3001/_next/static/chunks/node_modules_%40react-three_fiber_dist_0kqg0vo._.js:11609:73)
[  478459ms] TypeError: Cannot read properties of null (reading 'alpha')
    at EffectComposer.addPass (http://localhost:3001/_next/static/chunks/node_modules_postprocessing_build_index_0j26pce.js:1320:67)
    at http://localhost:3001/_next/static/chunks/node_modules_0q-rbv7._.js:3817:34
    at Object.react_stack_bottom_frame (http://localhost:3001/_next/static/chunks/node_modules_%40react-three_fiber_dist_0kqg0vo._.js:13248:44)
    at B (http://localhost:3001/_next/static/chunks/node_modules_%40react-three_fiber_dist_0kqg0vo._.js:7885:105)
    at ca (http://localhost:3001/_next/static/chunks/node_modules_%40react-three_fiber_dist_0kqg0vo._.js:10953:101)
    at Pf (http://localhost:3001/_next/static/chunks/node_modules_%40react-three_fiber_dist_0kqg0vo._.js:10941:32)
    at yn (http://localhost:3001/_next/static/chunks/node_modules_%40react-three_fiber_dist_0kqg0vo._.js:11230:44)
    at rt (http://localhost:3001/_next/static/chunks/node_modules_%40react-three_fiber_dist_0kqg0vo._.js:11609:73)
    at yn (http://localhost:3001/_next/static/chunks/node_modules_%40react-three_fiber_dist_0kqg0vo._.js:11301:25)
    at rt (http://localhost:3001/_next/static/chunks/node_modules_%40react-three_fiber_dist_0kqg0vo._.js:11609:73)
    at yn (http://localhost:3001/_next/static/chunks/node_modules_%40react-three_fiber_dist_0kqg0vo._.js:11295:168)
    at rt (http://localhost:3001/_next/static/chunks/node_modules_%40react-three_fiber_dist_0kqg0vo._.js:11609:73)
    at yn (http://localhost:3001/_next/static/chunks/node_modules_%40react-three_fiber_dist_0kqg0vo._.js:11289:25)
    at rt (http://localhost:3001/_next/static/chunks/node_modules_%40react-three_fiber_dist_0kqg0vo._.js:11609:73)
    at yn (http://localhost:3001/_next/static/chunks/node_modules_%40react-three_fiber_dist_0kqg0vo._.js:11233:29)
    at rt (http://localhost:3001/_next/static/chunks/node_modules_%40react-three_fiber_dist_0kqg0vo._.js:11609:73)
    at yn (http://localhost:3001/_next/static/chunks/node_modules_%40react-three_fiber_dist_0kqg0vo._.js:11301:25)
    at rt (http://localhost:3001/_next/static/chunks/node_modules_%40react-three_fiber_dist_0kqg0vo._.js:11609:73)
    at yn (http://localhost:3001/_next/static/chunks/node_modules_%40react-three_fiber_dist_0kqg0vo._.js:11301:25)
    at rt (http://localhost:3001/_next/static/chunks/node_modules_%40react-three_fiber_dist_0kqg0vo._.js:11609:73)
    at yn (http://localhost:3001/_next/static/chunks/node_modules_%40react-three_fiber_dist_0kqg0vo._.js:11301:25)
    at rt (http://localhost:3001/_next/static/chunks/node_modules_%40react-three_fiber_dist_0kqg0vo._.js:11609:73)
    at yn (http://localhost:3001/_next/static/chunks/node_modules_%40react-three_fiber_dist_0kqg0vo._.js:11301:25)
    at rt (http://localhost:3001/_next/static/chunks/node_modules_%40react-three_fiber_dist_0kqg0vo._.js:11609:73)
    at yn (http://localhost:3001/_next/static/chunks/node_modules_%40react-three_fiber_dist_0kqg0vo._.js:11301:25)
    at rt (http://localhost:3001/_next/static/chunks/node_modules_%40react-three_fiber_dist_0kqg0vo._.js:11609:73)
    at yn (http://localhost:3001/_next/static/chunks/node_modules_%40react-three_fiber_dist_0kqg0vo._.js:11301:25)
    at rt (http://localhost:3001/_next/static/chunks/node_modules_%40react-three_fiber_dist_0kqg0vo._.js:11609:73)
    at yn (http://localhost:3001/_next/static/chunks/node_modules_%40react-three_fiber_dist_0kqg0vo._.js:11301:25)
    at rt (http://localhost:3001/_next/static/chunks/node_modules_%40react-three_fiber_dist_0kqg0vo._.js:11609:73)
    at yn (http://localhost:3001/_next/static/chunks/node_modules_%40react-three_fiber_dist_0kqg0vo._.js:11301:25)
    at rt (http://localhost:3001/_next/static/chunks/node_modules_%40react-three_fiber_dist_0kqg0vo._.js:11609:73)
    at yn (http://localhost:3001/_next/static/chunks/node_modules_%40react-three_fiber_dist_0kqg0vo._.js:11301:25)
    at rt (http://localhost:3001/_next/static/chunks/node_modules_%40react-three_fiber_dist_0kqg0vo._.js:11609:73)
    at yn (http://localhost:3001/_next/static/chunks/node_modules_%40react-three_fiber_dist_0kqg0vo._.js:11301:25)
    at rt (http://localhost:3001/_next/static/chunks/node_modules_%40react-three_fiber_dist_0kqg0vo._.js:11609:73)
    at yn (http://localhost:3001/_next/static/chunks/node_modules_%40react-three_fiber_dist_0kqg0vo._.js:11301:25)
    at rt (http://localhost:3001/_next/static/chunks/node_modules_%40react-three_fiber_dist_0kqg0vo._.js:11609:73)
    at yn (http://localhost:3001/_next/static/chunks/node_modules_%40react-three_fiber_dist_0kqg0vo._.js:11301:25)
    at rt (http://localhost:3001/_next/static/chunks/node_modules_%40react-three_fiber_dist_0kqg0vo._.js:11609:73)
    at yn (http://localhost:3001/_next/static/chunks/node_modules_%40react-three_fiber_dist_0kqg0vo._.js:11301:25)
    at rt (http://localhost:3001/_next/static/chunks/node_modules_%40react-three_fiber_dist_0kqg0vo._.js:11609:73)
    at yn (http://localhost:3001/_next/static/chunks/node_modules_%40react-three_fiber_dist_0kqg0vo._.js:11233:29)
    at rt (http://localhost:3001/_next/static/chunks/node_modules_%40react-three_fiber_dist_0kqg0vo._.js:11609:73)
    at yn (http://localhost:3001/_next/static/chunks/node_modules_%40react-three_fiber_dist_0kqg0vo._.js:11230:25)
    at rt (http://localhost:3001/_next/static/chunks/node_modules_%40react-three_fiber_dist_0kqg0vo._.js:11609:73)
    at yn (http://localhost:3001/_next/static/chunks/node_modules_%40react-three_fiber_dist_0kqg0vo._.js:11230:25)
    at rt (http://localhost:3001/_next/static/chunks/node_modules_%40react-three_fiber_dist_0kqg0vo._.js:11609:73)
    at yn (http://localhost:3001/_next/static/chunks/node_modules_%40react-three_fiber_dist_0kqg0vo._.js:11230:25)
    at rt (http://localhost:3001/_next/static/chunks/node_modules_%40react-three_fiber_dist_0kqg0vo._.js:11609:73)
